{
  "schema": "c2-prepared-stage5-abba-v1",
  "environment": {
    "torch": "2.13.0+cu130",
    "triton": "3.7.1",
    "cuda": "13.0",
    "device": "NVIDIA B300 SXM6 AC",
    "capability": [
      10,
      3
    ]
  },
  "source_sha256": {
    "challenge_v2/prepared_stage_abba_cli.py": "d356f1365c658e0cc375b69e0293a85723eee8d9695b6be14cb1f43ba0b40fd2",
    "challenge_v2/prepared_tuned.py": "2989da46d15a1d2c183c18cd1b9a93831a98a21a236653b56847f6fafb01650b",
    "challenge_v2/cli.py": "0217c4b91adaec9481effcedcf83345cdbbfbd0897c03090dcaf61117e877284",
    "challenge_v2/run_prepared_stage5_abba_clean.sh": "9e14c422d90136a386950ea4922b5ad31e8191efae3f23cfbdc40158b9cbeb45",
    "challenge/prepared_decode.py": "1b3bb68025e31cd25d782417b0ef20c49a193eb42a342e175536e2159bef0e79",
    "harness/data.py": "38faefb89b38e3bc26b135b762a6bbbd813dcc695423982b423a806fe41c11d6",
    "harness/reference.py": "712c1632367700137392d2c43bd5c6962130d945f01f1f585cc6338788ce53cc",
    "harness/triton_baseline.py": "6b0a40463b4f1c05ca53649d6689377b4f755d1efb58b10700dad05705b53f71",
    "vllm_msa_ref/sparse_attn.py": "5db5d5e692044e54bb57418cbb7dcf5c9cc94f789eaccf128eec6fa8df86d967"
  },
  "frozen_configuration": {
    "control": {
      "num_topk_chunks": 1,
      "decode_num_warps": 4,
      "merge_num_warps": 4,
      "decode_num_stages": 3,
      "merge_num_stages": 3,
      "pdl_mode": "auto",
      "decode_maxnreg": null,
      "merge_maxnreg": null
    },
    "candidate": {
      "num_topk_chunks": 1,
      "decode_num_warps": 4,
      "merge_num_warps": 4,
      "decode_num_stages": 5,
      "merge_num_stages": 3,
      "pdl_mode": "auto",
      "decode_maxnreg": null,
      "merge_maxnreg": null
    },
    "changed_field": "decode_num_stages",
    "selection_rule": "specified before this AB/BA run; not reselected from its event samples",
    "bf16_c1_only": true
  },
  "fairness_contract": {
    "same_problem_instance_per_batch": true,
    "same_input_seed_per_batch": true,
    "caller_owned_output": true,
    "persistent_workspace_outside_timing": true,
    "selected_chunks": 1,
    "merge_bypassed": true,
    "oracle": "independent harness.reference dense FP32 selected-page causal attention",
    "tolerance": {
      "rtol": 0.03,
      "atol": 0.03
    },
    "single_call_per_cuda_event": true,
    "AB_BA_interleaved": true,
    "raw_event_samples_recorded": true
  },
  "results": [
    {
      "batch": 1,
      "storage": "bf16",
      "seed": 20260829,
      "problem": {
        "q_shape": [
          1,
          64,
          128
        ],
        "kv_dtype": "torch.bfloat16",
        "max_seq_len": 4096
      },
      "control": {
        "config": {
          "num_topk_chunks": 1,
          "decode_num_warps": 4,
          "merge_num_warps": 4,
          "decode_num_stages": 3,
          "merge_num_stages": 3,
          "pdl_mode": "auto",
          "decode_maxnreg": null,
          "merge_maxnreg": null
        },
        "metadata": {
          "num_topk_chunks": 1,
          "merge_bypassed": true,
          "caller_output_bytes": 16384,
          "unique_workspace_bytes": 256,
          "pdl_mode_requested": "auto",
          "pdl_effective": true,
          "decode_num_warps": 4,
          "merge_num_warps": 4,
          "decode_num_stages": 3,
          "merge_num_stages": 3,
          "decode_maxnreg": null,
          "merge_maxnreg": null
        },
        "correctness": {
          "finite": true,
          "max_abs": 3.0517578125e-05,
          "mean_abs": 2.0268571461201645e-06
        }
      },
      "candidate": {
        "config": {
          "num_topk_chunks": 1,
          "decode_num_warps": 4,
          "merge_num_warps": 4,
          "decode_num_stages": 5,
          "merge_num_stages": 3,
          "pdl_mode": "auto",
          "decode_maxnreg": null,
          "merge_maxnreg": null
        },
        "metadata": {
          "num_topk_chunks": 1,
          "merge_bypassed": true,
          "caller_output_bytes": 16384,
          "unique_workspace_bytes": 256,
          "pdl_mode_requested": "auto",
          "pdl_effective": true,
          "decode_num_warps": 4,
          "merge_num_warps": 4,
          "decode_num_stages": 5,
          "merge_num_stages": 3,
          "decode_maxnreg": null,
          "merge_maxnreg": null
        },
        "correctness": {
          "finite": true,
          "max_abs": 3.0517578125e-05,
          "mean_abs": 2.0268571461201645e-06
        }
      },
      "status": "pass",
      "timing": {
        "protocol": "warmup_each_then_101_ABBA_pairs_one_runner_call_per_cuda_event_pair_one_stream",
        "warmup_each": 30,
        "abba_pairs": 101,
        "samples_per_runner": 202,
        "AB_BA_interleaved": true,
        "raw_samples_us": {
          "prepared_stage3_control": {
            "AB": [
              56.60799890756607,
              31.808000057935715,
              32.54399821162224,
              29.40800040960312,
              29.53599952161312,
              29.56799976527691,
              29.53599952161312,
              30.46399913728237,
              30.688000842928886,
              30.688000842928886,
              29.56799976527691,
              29.343999922275543,
              30.559999868273735,
              29.664000496268272,
              30.33600002527237,
              30.432000756263733,
              29.53599952161312,
              29.472000896930695,
              30.559999868273735,
              30.33600002527237,
              36.70400008559227,
              34.591998904943466,
              30.559999868273735,
              30.559999868273735,
              29.503999277949333,
              29.53599952161312,
              29.37600016593933,
              29.343999922275543,
              35.74400022625923,
              32.607998698949814,
              29.53599952161312,
              30.33600002527237,
              30.400000512599945,
              29.440000653266907,
              29.40800040960312,
              53.31199988722801,
              30.559999868273735,
              29.503999277949333,
              29.311999678611755,
              29.53599952161312,
              29.343999922275543,
              29.24799919128418,
              30.368000268936157,
              35.679999738931656,
              29.53599952161312,
              30.592000111937523,
              29.53599952161312,
              30.432000756263733,
              30.527999624609947,
              29.53599952161312,
              29.632000252604485,
              36.639999598264694,
              32.83200040459633,
              30.559999868273735,
              30.368000268936157,
              30.559999868273735,
              30.559999868273735,
              30.368000268936157,
              30.527999624609947,
              39.77600112557411,
              33.59999880194664,
              30.432000756263733,
              29.40800040960312,
              29.53599952161312,
              30.592000111937523,
              30.368000268936157,
              29.632000252604485,
              29.440000653266907,
              33.63199904561043,
              29.53599952161312,
              30.49599938094616,
              30.688000842928886,
              30.49599938094616,
              30.46399913728237,
              29.56799976527691,
              30.6560005992651,
              30.14400042593479,
              30.46399913728237,
              29.600000008940697,
              30.62400035560131,
              30.592000111937523,
              29.56799976527691,
              29.53599952161312,
              30.559999868273735,
              29.53599952161312,
              29.53599952161312,
              29.56799976527691,
              30.30399978160858,
              30.271999537944794,
              30.688000842928886,
              29.503999277949333,
              30.527999624609947,
              30.559999868273735,
              29.53599952161312,
              29.53599952161312,
              29.472000896930695,
              30.559999868273735,
              31.39200061559677,
              30.368000268936157,
              32.35200047492981,
              30.432000756263733
            ],
            "BA": [
              33.63199904561043,
              32.6399989426136,
              34.432001411914825,
              32.607998698949814,
              33.40800106525421,
              34.4959981739521,
              33.376000821590424,
              31.679999083280563,
              32.607998698949814,
              31.328000128269196,
              33.663999289274216,
              32.607998698949814,
              31.55200183391571,
              32.896000891923904,
              34.65599939227104,
              34.623999148607254,
              32.6399989426136,
              30.527999624609947,
              33.824000507593155,
              30.239999294281006,
              31.5839983522892,
              33.40800106525421,
              29.311999678611755,
              33.63199904561043,
              30.368000268936157,
              32.76799991726875,
              30.751999467611313,
              34.65599939227104,
              32.54399821162224,
              31.5839983522892,
              30.368000268936157,
              33.79200026392937,
              31.74399957060814,
              33.56799855828285,
              61.88800185918808,
              34.65599939227104,
              32.6399989426136,
              34.88000109791756,
              32.80000016093254,
              32.575998455286026,
              30.751999467611313,
              32.83200040459633,
              30.30399978160858,
              31.5839983522892,
              33.63199904561043,
              30.592000111937523,
              34.623999148607254,
              30.62400035560131,
              30.368000268936157,
              30.559999868273735,
              33.59999880194664,
              33.59999880194664,
              31.520001590251923,
              33.56799855828285,
              31.328000128269196,
              30.559999868273735,
              30.559999868273735,
              29.503999277949333,
              31.5839983522892,
              33.59999880194664,
              30.432000756263733,
              30.527999624609947,
              32.35200047492981,
              30.559999868273735,
              29.53599952161312,
              30.6560005992651,
              38.72000053524971,
              31.488001346588135,
              31.55200183391571,
              30.81599995493889,
              30.559999868273735,
              29.632000252604485,
              31.679999083280563,
              30.527999624609947,
              39.77600112557411,
              34.65599939227104,
              33.79200026392937,
              32.607998698949814,
              30.49599938094616,
              31.5839983522892,
              29.69600073993206,
              32.44800120592117,
              40.89599847793579,
              36.70400008559227,
              29.56799976527691,
              30.33600002527237,
              30.592000111937523,
              29.69600073993206,
              31.5839983522892,
              31.5839983522892,
              40.800001472234726,
              36.70400008559227,
              32.48000144958496,
              30.400000512599945,
              31.42400085926056,
              30.33600002527237,
              30.239999294281006,
              33.56799855828285,
              49.6320016682148,
              34.55999866127968,
              30.33600002527237
            ]
          },
          "prepared_stage5_candidate": {
            "AB": [
              34.65599939227104,
              30.33600002527237,
              27.35999971628189,
              26.464000344276428,
              27.488000690937042,
              33.824000507593155,
              27.488000690937042,
              27.327999472618103,
              26.335999369621277,
              26.176000013947487,
              26.335999369621277,
              27.712000533938408,
              34.65599939227104,
              30.33600002527237,
              27.51999907195568,
              27.488000690937042,
              26.464000344276428,
              26.43200010061264,
              26.464000344276428,
              27.295999228954315,
              26.464000344276428,
              26.27200074493885,
              26.688000187277794,
              27.488000690937042,
              27.55199931561947,
              27.51999907195568,
              27.648000046610832,
              26.27200074493885,
              27.135999873280525,
              26.30399912595749,
              26.27200074493885,
              27.35999971628189,
              27.68000029027462,
              26.399999856948853,
              27.51999907195568,
              36.70400008559227,
              38.55999931693077,
              27.424000203609467,
              27.35999971628189,
              26.176000013947487,
              27.51999907195568,
              26.623999699950218,
              26.528000831604004,
              27.488000690937042,
              27.424000203609467,
              27.35999971628189,
              28.31999957561493,
              27.712000533938408,
              26.335999369621277,
              26.43200010061264,
              27.488000690937042,
              26.367999613285065,
              27.264000847935677,
              26.335999369621277,
              27.712000533938408,
              26.464000344276428,
              26.43200010061264,
              27.488000690937042,
              27.615999802947044,
              27.488000690937042,
              27.488000690937042,
              26.464000344276428,
              26.464000344276428,
              27.135999873280525,
              27.55199931561947,
              26.496000587940216,
              27.488000690937042,
              26.464000344276428,
              27.424000203609467,
              26.623999699950218,
              26.27200074493885,
              27.583999559283257,
              27.51999907195568,
              26.30399912595749,
              26.30399912595749,
              27.488000690937042,
              26.464000344276428,
              26.496000587940216,
              27.327999472618103,
              27.488000690937042,
              27.51999907195568,
              26.30399912595749,
              27.488000690937042,
              27.583999559283257,
              27.488000690937042,
              26.335999369621277,
              26.496000587940216,
              26.559999212622643,
              26.496000587940216,
              27.39199995994568,
              26.30399912595749,
              26.496000587940216,
              27.456000447273254,
              26.27200074493885,
              26.335999369621277,
              26.30399912595749,
              27.103999629616737,
              27.295999228954315,
              27.264000847935677,
              32.54399821162224,
              28.416000306606293
            ],
            "BA": [
              32.6399989426136,
              32.607998698949814,
              27.712000533938408,
              27.488000690937042,
              44.89599913358688,
              35.61599925160408,
              28.672000393271446,
              28.255999088287354,
              26.367999613285065,
              27.55199931561947,
              27.456000447273254,
              27.264000847935677,
              33.535998314619064,
              29.440000653266907,
              27.488000690937042,
              27.327999472618103,
              27.23200060427189,
              26.367999613285065,
              26.464000344276428,
              26.464000344276428,
              26.464000344276428,
              27.51999907195568,
              26.335999369621277,
              27.488000690937042,
              27.51999907195568,
              26.464000344276428,
              27.295999228954315,
              28.511999174952507,
              31.5839983522892,
              28.31999957561493,
              27.35999971628189,
              27.135999873280525,
              26.27200074493885,
              27.488000690937042,
              26.496000587940216,
              31.5839983522892,
              30.432000756263733,
              30.527999624609947,
              26.240000501275063,
              27.2000003606081,
              26.30399912595749,
              26.11199952661991,
              26.528000831604004,
              28.31999957561493,
              28.511999174952507,
              27.327999472618103,
              29.40800040960312,
              27.39199995994568,
              26.43200010061264,
              26.464000344276428,
              26.335999369621277,
              26.464000344276428,
              28.44800055027008,
              27.488000690937042,
              27.103999629616737,
              27.488000690937042,
              27.51999907195568,
              27.615999802947044,
              26.367999613285065,
              27.51999907195568,
              27.488000690937042,
              26.464000344276428,
              27.424000203609467,
              28.351999819278717,
              26.335999369621277,
              26.367999613285065,
              26.59199945628643,
              28.48000079393387,
              28.31999957561493,
              27.03999914228916,
              26.367999613285065,
              27.264000847935677,
              26.335999369621277,
              27.456000447273254,
              27.424000203609467,
              27.55199931561947,
              27.424000203609467,
              26.464000344276428,
              26.528000831604004,
              26.335999369621277,
              26.496000587940216,
              26.496000587940216,
              27.327999472618103,
              27.295999228954315,
              27.424000203609467,
              27.712000533938408,
              26.59199945628643,
              26.367999613285065,
              27.488000690937042,
              27.35999971628189,
              27.424000203609467,
              45.951999723911285,
              27.39199995994568,
              27.488000690937042,
              28.511999174952507,
              26.335999369621277,
              27.327999472618103,
              27.35999971628189,
              47.968000173568726,
              29.56799976527691,
              27.2000003606081
            ]
          }
        },
        "prepared_stage3_control": {
          "all": {
            "p10_us": 29.53599952161312,
            "median_us": 30.559999868273735,
            "p90_us": 34.623999148607254
          },
          "when_launch_order_is_AB": {
            "p10_us": 29.440000653266907,
            "median_us": 30.368000268936157,
            "p90_us": 32.83200040459633
          },
          "when_launch_order_is_BA": {
            "p10_us": 30.33600002527237,
            "median_us": 31.74399957060814,
            "p90_us": 34.65599939227104
          }
        },
        "prepared_stage5_candidate": {
          "all": {
            "p10_us": 26.335999369621277,
            "median_us": 27.35999971628189,
            "p90_us": 29.440000653266907
          },
          "when_launch_order_is_AB": {
            "p10_us": 26.30399912595749,
            "median_us": 27.327999472618103,
            "p90_us": 27.712000533938408
          },
          "when_launch_order_is_BA": {
            "p10_us": 26.367999613285065,
            "median_us": 27.39199995994568,
            "p90_us": 30.432000756263733
          }
        }
      },
      "control_median_us": 30.559999868273735,
      "candidate_median_us": 27.35999971628189,
      "speedup_stage5_vs_stage3": 1.1169590710955866,
      "strict_10_percent_target_met": true
    }
  ],
  "all_contexts_strict_10_percent": true
}
