{
  "schema": "c2-prepared-stage5-abba-v1",
  "environment": {
    "torch": "2.13.0+cu130",
    "triton": "3.7.1",
    "cuda": "13.0",
    "device": "NVIDIA B300 SXM6 AC",
    "capability": [
      10,
      3
    ]
  },
  "source_sha256": {
    "challenge_v2/prepared_stage_abba_cli.py": "d356f1365c658e0cc375b69e0293a85723eee8d9695b6be14cb1f43ba0b40fd2",
    "challenge_v2/prepared_tuned.py": "2989da46d15a1d2c183c18cd1b9a93831a98a21a236653b56847f6fafb01650b",
    "challenge_v2/cli.py": "0217c4b91adaec9481effcedcf83345cdbbfbd0897c03090dcaf61117e877284",
    "challenge_v2/run_prepared_stage5_abba_clean.sh": "9e14c422d90136a386950ea4922b5ad31e8191efae3f23cfbdc40158b9cbeb45",
    "challenge/prepared_decode.py": "1b3bb68025e31cd25d782417b0ef20c49a193eb42a342e175536e2159bef0e79",
    "harness/data.py": "38faefb89b38e3bc26b135b762a6bbbd813dcc695423982b423a806fe41c11d6",
    "harness/reference.py": "712c1632367700137392d2c43bd5c6962130d945f01f1f585cc6338788ce53cc",
    "harness/triton_baseline.py": "6b0a40463b4f1c05ca53649d6689377b4f755d1efb58b10700dad05705b53f71",
    "vllm_msa_ref/sparse_attn.py": "5db5d5e692044e54bb57418cbb7dcf5c9cc94f789eaccf128eec6fa8df86d967"
  },
  "frozen_configuration": {
    "control": {
      "num_topk_chunks": 1,
      "decode_num_warps": 4,
      "merge_num_warps": 4,
      "decode_num_stages": 3,
      "merge_num_stages": 3,
      "pdl_mode": "auto",
      "decode_maxnreg": null,
      "merge_maxnreg": null
    },
    "candidate": {
      "num_topk_chunks": 1,
      "decode_num_warps": 4,
      "merge_num_warps": 4,
      "decode_num_stages": 5,
      "merge_num_stages": 3,
      "pdl_mode": "auto",
      "decode_maxnreg": null,
      "merge_maxnreg": null
    },
    "changed_field": "decode_num_stages",
    "selection_rule": "specified before this AB/BA run; not reselected from its event samples",
    "bf16_c1_only": true
  },
  "fairness_contract": {
    "same_problem_instance_per_batch": true,
    "same_input_seed_per_batch": true,
    "caller_owned_output": true,
    "persistent_workspace_outside_timing": true,
    "selected_chunks": 1,
    "merge_bypassed": true,
    "oracle": "independent harness.reference dense FP32 selected-page causal attention",
    "tolerance": {
      "rtol": 0.03,
      "atol": 0.03
    },
    "single_call_per_cuda_event": true,
    "AB_BA_interleaved": true,
    "raw_event_samples_recorded": true
  },
  "results": [
    {
      "batch": 8,
      "storage": "bf16",
      "seed": 20260837,
      "problem": {
        "q_shape": [
          8,
          64,
          128
        ],
        "kv_dtype": "torch.bfloat16",
        "max_seq_len": 4096
      },
      "control": {
        "config": {
          "num_topk_chunks": 1,
          "decode_num_warps": 4,
          "merge_num_warps": 4,
          "decode_num_stages": 3,
          "merge_num_stages": 3,
          "pdl_mode": "auto",
          "decode_maxnreg": null,
          "merge_maxnreg": null
        },
        "metadata": {
          "num_topk_chunks": 1,
          "merge_bypassed": true,
          "caller_output_bytes": 131072,
          "unique_workspace_bytes": 2048,
          "pdl_mode_requested": "auto",
          "pdl_effective": true,
          "decode_num_warps": 4,
          "merge_num_warps": 4,
          "decode_num_stages": 3,
          "merge_num_stages": 3,
          "decode_maxnreg": null,
          "merge_maxnreg": null
        },
        "correctness": {
          "finite": true,
          "max_abs": 3.0517578125e-05,
          "mean_abs": 2.076111059068353e-06
        }
      },
      "candidate": {
        "config": {
          "num_topk_chunks": 1,
          "decode_num_warps": 4,
          "merge_num_warps": 4,
          "decode_num_stages": 5,
          "merge_num_stages": 3,
          "pdl_mode": "auto",
          "decode_maxnreg": null,
          "merge_maxnreg": null
        },
        "metadata": {
          "num_topk_chunks": 1,
          "merge_bypassed": true,
          "caller_output_bytes": 131072,
          "unique_workspace_bytes": 2048,
          "pdl_mode_requested": "auto",
          "pdl_effective": true,
          "decode_num_warps": 4,
          "merge_num_warps": 4,
          "decode_num_stages": 5,
          "merge_num_stages": 3,
          "decode_maxnreg": null,
          "merge_maxnreg": null
        },
        "correctness": {
          "finite": true,
          "max_abs": 3.0517578125e-05,
          "mean_abs": 2.076111059068353e-06
        }
      },
      "status": "pass",
      "timing": {
        "protocol": "warmup_each_then_101_ABBA_pairs_one_runner_call_per_cuda_event_pair_one_stream",
        "warmup_each": 30,
        "abba_pairs": 101,
        "samples_per_runner": 202,
        "AB_BA_interleaved": true,
        "raw_samples_us": {
          "prepared_stage3_control": {
            "AB": [
              54.52800169587135,
              31.5839983522892,
              29.53599952161312,
              28.28799933195114,
              36.73600032925606,
              28.384000062942505,
              33.47200155258179,
              29.53599952161312,
              29.440000653266907,
              28.575999662280083,
              28.351999819278717,
              30.239999294281006,
              36.57599911093712,
              29.53599952161312,
              29.53599952161312,
              29.503999277949333,
              28.31999957561493,
              28.60799990594387,
              29.56799976527691,
              28.384000062942505,
              28.44800055027008,
              28.511999174952507,
              29.53599952161312,
              28.64000014960766,
              29.53599952161312,
              29.472000896930695,
              28.48000079393387,
              28.575999662280083,
              28.44800055027008,
              27.55199931561947,
              28.511999174952507,
              28.44800055027008,
              30.49599938094616,
              28.511999174952507,
              30.688000842928886,
              78.68800312280655,
              29.37600016593933,
              29.53599952161312,
              28.511999174952507,
              29.53599952161312,
              29.37600016593933,
              29.40800040960312,
              29.7279991209507,
              28.416000306606293,
              28.511999174952507,
              29.53599952161312,
              29.120000079274178,
              28.511999174952507,
              28.28799933195114,
              29.53599952161312,
              29.53599952161312,
              29.472000896930695,
              29.56799976527691,
              27.488000690937042,
              28.543999418616295,
              28.44800055027008,
              29.53599952161312,
              29.40800040960312,
              28.384000062942505,
              29.53599952161312,
              30.368000268936157,
              27.807999402284622,
              28.511999174952507,
              28.64000014960766,
              29.343999922275543,
              28.384000062942505,
              29.7279991209507,
              28.31999957561493,
              29.184000566601753,
              28.511999174952507,
              28.511999174952507,
              28.416000306606293,
              28.511999174952507,
              28.511999174952507,
              28.511999174952507,
              29.472000896930695,
              28.64000014960766,
              29.184000566601753,
              29.759999364614487,
              29.53599952161312,
              28.511999174952507,
              28.511999174952507,
              29.56799976527691,
              29.24799919128418,
              29.21600081026554,
              28.31999957561493,
              31.360000371932983,
              29.343999922275543,
              29.440000653266907,
              28.543999418616295,
              30.592000111937523,
              28.192000463604927,
              30.527999624609947,
              29.53599952161312,
              29.759999364614487,
              27.807999402284622,
              28.543999418616295,
              29.279999434947968,
              28.736000880599022,
              28.416000306606293,
              29.664000496268272
            ],
            "BA": [
              32.607998698949814,
              29.53599952161312,
              29.56799976527691,
              29.440000653266907,
              28.351999819278717,
              28.672000393271446,
              29.37600016593933,
              28.511999174952507,
              28.48000079393387,
              28.511999174952507,
              28.48000079393387,
              29.37600016593933,
              28.511999174952507,
              28.351999819278717,
              29.53599952161312,
              29.664000496268272,
              27.648000046610832,
              30.49599938094616,
              28.416000306606293,
              36.70400008559227,
              28.44800055027008,
              28.416000306606293,
              29.503999277949333,
              28.416000306606293,
              28.511999174952507,
              28.511999174952507,
              29.21600081026554,
              29.440000653266907,
              27.615999802947044,
              29.472000896930695,
              29.343999922275543,
              29.503999277949333,
              29.40800040960312,
              28.511999174952507,
              29.53599952161312,
              30.719999223947525,
              28.28799933195114,
              35.551998764276505,
              28.351999819278717,
              28.543999418616295,
              28.48000079393387,
              29.53599952161312,
              27.583999559283257,
              28.31999957561493,
              30.400000512599945,
              31.775999814271927,
              29.21600081026554,
              29.56799976527691,
              29.37600016593933,
              29.472000896930695,
              27.55199931561947,
              29.21600081026554,
              29.440000653266907,
              33.440001308918,
              29.21600081026554,
              28.351999819278717,
              28.704000636935234,
              28.44800055027008,
              28.511999174952507,
              28.31999957561493,
              28.511999174952507,
              29.40800040960312,
              28.416000306606293,
              29.24799919128418,
              28.511999174952507,
              29.440000653266907,
              28.31999957561493,
              28.736000880599022,
              29.311999678611755,
              31.456001102924347,
              29.53599952161312,
              29.53599952161312,
              28.44800055027008,
              29.40800040960312,
              29.503999277949333,
              29.37600016593933,
              28.44800055027008,
              32.607998698949814,
              28.384000062942505,
              29.472000896930695,
              28.48000079393387,
              28.384000062942505,
              27.51999907195568,
              28.384000062942505,
              28.384000062942505,
              27.615999802947044,
              29.343999922275543,
              29.664000496268272,
              28.31999957561493,
              28.384000062942505,
              27.904000133275986,
              46.9760000705719,
              28.44800055027008,
              34.55999866127968,
              28.28799933195114,
              29.472000896930695,
              28.511999174952507,
              28.416000306606293,
              29.53599952161312,
              28.063999488949776,
              29.40800040960312
            ]
          },
          "prepared_stage5_candidate": {
            "AB": [
              39.77600112557411,
              30.559999868273735,
              30.559999868273735,
              28.44800055027008,
              28.31999957561493,
              28.384000062942505,
              29.343999922275543,
              28.575999662280083,
              29.440000653266907,
              27.23200060427189,
              28.575999662280083,
              28.64000014960766,
              27.775999158620834,
              28.416000306606293,
              29.56799976527691,
              29.37600016593933,
              27.583999559283257,
              27.35999971628189,
              28.28799933195114,
              28.511999174952507,
              29.37600016593933,
              29.279999434947968,
              33.63199904561043,
              28.31999957561493,
              28.511999174952507,
              28.672000393271446,
              28.543999418616295,
              28.28799933195114,
              29.472000896930695,
              28.64000014960766,
              28.64000014960766,
              28.31999957561493,
              28.28799933195114,
              28.511999174952507,
              29.37600016593933,
              35.679999738931656,
              29.53599952161312,
              30.527999624609947,
              28.384000062942505,
              28.511999174952507,
              28.416000306606293,
              28.511999174952507,
              27.327999472618103,
              36.73600032925606,
              28.31999957561493,
              27.488000690937042,
              31.5839983522892,
              29.53599952161312,
              28.511999174952507,
              27.456000447273254,
              29.279999434947968,
              46.94399982690811,
              27.327999472618103,
              27.39199995994568,
              28.48000079393387,
              28.736000880599022,
              28.511999174952507,
              27.488000690937042,
              27.488000690937042,
              33.63199904561043,
              28.48000079393387,
              29.343999922275543,
              29.53599952161312,
              27.39199995994568,
              28.511999174952507,
              29.40800040960312,
              28.31999957561493,
              28.543999418616295,
              29.343999922275543,
              27.456000447273254,
              28.543999418616295,
              29.664000496268272,
              27.35999971628189,
              28.44800055027008,
              27.488000690937042,
              30.559999868273735,
              27.39199995994568,
              28.416000306606293,
              28.31999957561493,
              27.39199995994568,
              28.511999174952507,
              27.68000029027462,
              27.488000690937042,
              35.42400151491165,
              28.48000079393387,
              28.543999418616295,
              27.327999472618103,
              28.704000636935234,
              28.543999418616295,
              28.44800055027008,
              28.672000393271446,
              28.31999957561493,
              29.759999364614487,
              27.51999907195568,
              28.416000306606293,
              28.31999957561493,
              28.511999174952507,
              28.64000014960766,
              29.40800040960312,
              32.607998698949814,
              28.543999418616295
            ],
            "BA": [
              32.607998698949814,
              29.440000653266907,
              29.53599952161312,
              29.53599952161312,
              29.69600073993206,
              28.351999819278717,
              34.65599939227104,
              29.472000896930695,
              28.416000306606293,
              28.511999174952507,
              28.28799933195114,
              28.511999174952507,
              30.368000268936157,
              29.600000008940697,
              36.448001861572266,
              28.511999174952507,
              28.351999819278717,
              28.48000079393387,
              27.51999907195568,
              27.39199995994568,
              28.511999174952507,
              27.583999559283257,
              31.5839983522892,
              27.615999802947044,
              27.424000203609467,
              27.2000003606081,
              27.39199995994568,
              28.416000306606293,
              28.48000079393387,
              27.35999971628189,
              33.63199904561043,
              28.48000079393387,
              28.416000306606293,
              28.31999957561493,
              30.432000756263733,
              39.77600112557411,
              28.44800055027008,
              29.37600016593933,
              28.543999418616295,
              27.39199995994568,
              29.311999678611755,
              28.511999174952507,
              28.351999819278717,
              28.48000079393387,
              27.488000690937042,
              28.31999957561493,
              30.559999868273735,
              28.384000062942505,
              28.48000079393387,
              28.511999174952507,
              28.255999088287354,
              28.12799997627735,
              28.511999174952507,
              27.68000029027462,
              28.48000079393387,
              27.55199931561947,
              28.511999174952507,
              27.35999971628189,
              27.456000447273254,
              29.7279991209507,
              28.511999174952507,
              28.511999174952507,
              28.511999174952507,
              28.543999418616295,
              27.488000690937042,
              28.44800055027008,
              29.279999434947968,
              28.095999732613564,
              27.488000690937042,
              27.55199931561947,
              27.327999472618103,
              28.384000062942505,
              28.511999174952507,
              28.64000014960766,
              28.543999418616295,
              29.53599952161312,
              28.543999418616295,
              28.44800055027008,
              27.775999158620834,
              28.416000306606293,
              27.456000447273254,
              27.55199931561947,
              28.44800055027008,
              29.53599952161312,
              28.64000014960766,
              28.60799990594387,
              28.543999418616295,
              28.31999957561493,
              27.55199931561947,
              27.39199995994568,
              28.416000306606293,
              34.65599939227104,
              29.311999678611755,
              27.39199995994568,
              28.60799990594387,
              28.28799933195114,
              27.424000203609467,
              28.48000079393387,
              28.384000062942505,
              28.48000079393387,
              28.48000079393387
            ]
          }
        },
        "prepared_stage3_control": {
          "all": {
            "p10_us": 28.31999957561493,
            "median_us": 29.200000688433647,
            "p90_us": 30.49599938094616
          },
          "when_launch_order_is_AB": {
            "p10_us": 28.351999819278717,
            "median_us": 29.21600081026554,
            "p90_us": 30.49599938094616
          },
          "when_launch_order_is_BA": {
            "p10_us": 28.31999957561493,
            "median_us": 28.736000880599022,
            "p90_us": 30.49599938094616
          }
        },
        "prepared_stage5_candidate": {
          "all": {
            "p10_us": 27.424000203609467,
            "median_us": 28.495999984443188,
            "p90_us": 30.527999624609947
          },
          "when_launch_order_is_AB": {
            "p10_us": 27.456000447273254,
            "median_us": 28.511999174952507,
            "p90_us": 30.559999868273735
          },
          "when_launch_order_is_BA": {
            "p10_us": 27.424000203609467,
            "median_us": 28.48000079393387,
            "p90_us": 29.7279991209507
          }
        }
      },
      "control_median_us": 29.200000688433647,
      "candidate_median_us": 28.495999984443188,
      "speedup_stage5_vs_stage3": 1.0247052465038882,
      "strict_10_percent_target_met": false
    }
  ],
  "all_contexts_strict_10_percent": false
}
