{
  "schema": "c2-prepared-stage5-abba-v1",
  "environment": {
    "torch": "2.13.0+cu130",
    "triton": "3.7.1",
    "cuda": "13.0",
    "device": "NVIDIA B300 SXM6 AC",
    "capability": [
      10,
      3
    ]
  },
  "source_sha256": {
    "challenge_v2/prepared_stage_abba_cli.py": "d356f1365c658e0cc375b69e0293a85723eee8d9695b6be14cb1f43ba0b40fd2",
    "challenge_v2/prepared_tuned.py": "2989da46d15a1d2c183c18cd1b9a93831a98a21a236653b56847f6fafb01650b",
    "challenge_v2/cli.py": "0217c4b91adaec9481effcedcf83345cdbbfbd0897c03090dcaf61117e877284",
    "challenge_v2/run_prepared_stage5_abba_clean.sh": "9e14c422d90136a386950ea4922b5ad31e8191efae3f23cfbdc40158b9cbeb45",
    "challenge/prepared_decode.py": "1b3bb68025e31cd25d782417b0ef20c49a193eb42a342e175536e2159bef0e79",
    "harness/data.py": "38faefb89b38e3bc26b135b762a6bbbd813dcc695423982b423a806fe41c11d6",
    "harness/reference.py": "712c1632367700137392d2c43bd5c6962130d945f01f1f585cc6338788ce53cc",
    "harness/triton_baseline.py": "6b0a40463b4f1c05ca53649d6689377b4f755d1efb58b10700dad05705b53f71",
    "vllm_msa_ref/sparse_attn.py": "5db5d5e692044e54bb57418cbb7dcf5c9cc94f789eaccf128eec6fa8df86d967"
  },
  "frozen_configuration": {
    "control": {
      "num_topk_chunks": 1,
      "decode_num_warps": 4,
      "merge_num_warps": 4,
      "decode_num_stages": 3,
      "merge_num_stages": 3,
      "pdl_mode": "auto",
      "decode_maxnreg": null,
      "merge_maxnreg": null
    },
    "candidate": {
      "num_topk_chunks": 1,
      "decode_num_warps": 4,
      "merge_num_warps": 4,
      "decode_num_stages": 5,
      "merge_num_stages": 3,
      "pdl_mode": "auto",
      "decode_maxnreg": null,
      "merge_maxnreg": null
    },
    "changed_field": "decode_num_stages",
    "selection_rule": "specified before this AB/BA run; not reselected from its event samples",
    "bf16_c1_only": true
  },
  "fairness_contract": {
    "same_problem_instance_per_batch": true,
    "same_input_seed_per_batch": true,
    "caller_owned_output": true,
    "persistent_workspace_outside_timing": true,
    "selected_chunks": 1,
    "merge_bypassed": true,
    "oracle": "independent harness.reference dense FP32 selected-page causal attention",
    "tolerance": {
      "rtol": 0.03,
      "atol": 0.03
    },
    "single_call_per_cuda_event": true,
    "AB_BA_interleaved": true,
    "raw_event_samples_recorded": true
  },
  "results": [
    {
      "batch": 8,
      "storage": "bf16",
      "seed": 20260836,
      "problem": {
        "q_shape": [
          8,
          64,
          128
        ],
        "kv_dtype": "torch.bfloat16",
        "max_seq_len": 4096
      },
      "control": {
        "config": {
          "num_topk_chunks": 1,
          "decode_num_warps": 4,
          "merge_num_warps": 4,
          "decode_num_stages": 3,
          "merge_num_stages": 3,
          "pdl_mode": "auto",
          "decode_maxnreg": null,
          "merge_maxnreg": null
        },
        "metadata": {
          "num_topk_chunks": 1,
          "merge_bypassed": true,
          "caller_output_bytes": 131072,
          "unique_workspace_bytes": 2048,
          "pdl_mode_requested": "auto",
          "pdl_effective": true,
          "decode_num_warps": 4,
          "merge_num_warps": 4,
          "decode_num_stages": 3,
          "merge_num_stages": 3,
          "decode_maxnreg": null,
          "merge_maxnreg": null
        },
        "correctness": {
          "finite": true,
          "max_abs": 3.0517578125e-05,
          "mean_abs": 2.098333425237797e-06
        }
      },
      "candidate": {
        "config": {
          "num_topk_chunks": 1,
          "decode_num_warps": 4,
          "merge_num_warps": 4,
          "decode_num_stages": 5,
          "merge_num_stages": 3,
          "pdl_mode": "auto",
          "decode_maxnreg": null,
          "merge_maxnreg": null
        },
        "metadata": {
          "num_topk_chunks": 1,
          "merge_bypassed": true,
          "caller_output_bytes": 131072,
          "unique_workspace_bytes": 2048,
          "pdl_mode_requested": "auto",
          "pdl_effective": true,
          "decode_num_warps": 4,
          "merge_num_warps": 4,
          "decode_num_stages": 5,
          "merge_num_stages": 3,
          "decode_maxnreg": null,
          "merge_maxnreg": null
        },
        "correctness": {
          "finite": true,
          "max_abs": 3.0517578125e-05,
          "mean_abs": 2.098333425237797e-06
        }
      },
      "status": "pass",
      "timing": {
        "protocol": "warmup_each_then_101_ABBA_pairs_one_runner_call_per_cuda_event_pair_one_stream",
        "warmup_each": 30,
        "abba_pairs": 101,
        "samples_per_runner": 202,
        "AB_BA_interleaved": true,
        "raw_samples_us": {
          "prepared_stage3_control": {
            "AB": [
              54.84800040721893,
              31.615998595952988,
              29.503999277949333,
              30.559999868273735,
              30.46399913728237,
              29.53599952161312,
              34.78400036692619,
              29.37600016593933,
              28.511999174952507,
              29.279999434947968,
              29.37600016593933,
              38.784001022577286,
              28.511999174952507,
              29.53599952161312,
              29.279999434947968,
              29.152000322937965,
              29.503999277949333,
              28.575999662280083,
              29.503999277949333,
              29.152000322937965,
              28.416000306606293,
              27.583999559283257,
              29.440000653266907,
              28.543999418616295,
              29.56799976527691,
              29.279999434947968,
              29.37600016593933,
              28.511999174952507,
              28.511999174952507,
              31.5839983522892,
              28.48000079393387,
              28.255999088287354,
              29.37600016593933,
              29.40800040960312,
              28.16000021994114,
              81.727996468544,
              30.400000512599945,
              29.40800040960312,
              29.472000896930695,
              29.40800040960312,
              29.632000252604485,
              28.704000636935234,
              35.45600175857544,
              29.503999277949333,
              29.279999434947968,
              29.343999922275543,
              29.343999922275543,
              29.664000496268272,
              28.192000463604927,
              28.351999819278717,
              28.351999819278717,
              28.48000079393387,
              29.152000322937965,
              28.384000062942505,
              28.12799997627735,
              28.511999174952507,
              29.40800040960312,
              28.28799933195114,
              31.42400085926056,
              28.192000463604927,
              28.31999957561493,
              28.31999957561493,
              29.120000079274178,
              28.44800055027008,
              29.120000079274178,
              28.48000079393387,
              35.51999852061272,
              27.55199931561947,
              28.31999957561493,
              28.48000079393387,
              28.192000463604927,
              29.184000566601753,
              28.9280004799366,
              29.184000566601753,
              28.351999819278717,
              29.08799983561039,
              29.37600016593933,
              28.511999174952507,
              28.255999088287354,
              29.343999922275543,
              29.21600081026554,
              28.351999819278717,
              29.184000566601753,
              28.351999819278717,
              29.152000322937965,
              28.351999819278717,
              29.08799983561039,
              28.511999174952507,
              28.60799990594387,
              29.311999678611755,
              29.37600016593933,
              28.31999957561493,
              29.343999922275543,
              28.255999088287354,
              28.31999957561493,
              28.44800055027008,
              28.704000636935234,
              28.44800055027008,
              30.400000512599945,
              29.56799976527691,
              28.416000306606293
            ],
            "BA": [
              32.607998698949814,
              29.53599952161312,
              30.559999868273735,
              29.53599952161312,
              28.351999819278717,
              35.74400022625923,
              30.559999868273735,
              29.279999434947968,
              28.511999174952507,
              28.543999418616295,
              28.384000062942505,
              29.37600016593933,
              28.48000079393387,
              30.559999868273735,
              30.559999868273735,
              28.44800055027008,
              29.53599952161312,
              29.184000566601753,
              42.97599941492081,
              28.60799990594387,
              29.632000252604485,
              28.575999662280083,
              28.48000079393387,
              28.31999957561493,
              28.511999174952507,
              28.60799990594387,
              38.68800029158592,
              29.53599952161312,
              29.472000896930695,
              29.37600016593933,
              29.440000653266907,
              30.527999624609947,
              28.28799933195114,
              28.44800055027008,
              38.59199956059456,
              30.527999624609947,
              31.42400085926056,
              28.44800055027008,
              28.384000062942505,
              29.40800040960312,
              28.28799933195114,
              28.48000079393387,
              28.351999819278717,
              28.48000079393387,
              28.991999104619026,
              28.224000707268715,
              29.21600081026554,
              29.37600016593933,
              28.31999957561493,
              29.023999348282814,
              29.08799983561039,
              28.575999662280083,
              29.600000008940697,
              29.40800040960312,
              28.12799997627735,
              28.511999174952507,
              29.21600081026554,
              29.37600016593933,
              29.37600016593933,
              29.311999678611755,
              28.351999819278717,
              29.37600016593933,
              28.31999957561493,
              28.28799933195114,
              28.16000021994114,
              29.503999277949333,
              29.37600016593933,
              28.44800055027008,
              29.37600016593933,
              29.21600081026554,
              30.271999537944794,
              29.343999922275543,
              29.53599952161312,
              28.31999957561493,
              29.440000653266907,
              28.255999088287354,
              29.24799919128418,
              29.311999678611755,
              29.08799983561039,
              29.055999591946602,
              28.351999819278717,
              28.416000306606293,
              29.08799983561039,
              29.184000566601753,
              28.351999819278717,
              29.503999277949333,
              29.120000079274178,
              28.31999957561493,
              28.384000062942505,
              29.055999591946602,
              29.343999922275543,
              29.37600016593933,
              28.255999088287354,
              28.351999819278717,
              29.440000653266907,
              29.184000566601753,
              28.672000393271446,
              44.92799937725067,
              29.53599952161312,
              29.37600016593933,
              28.64000014960766
            ]
          },
          "prepared_stage5_candidate": {
            "AB": [
              38.55999931693077,
              30.527999624609947,
              30.559999868273735,
              43.87199878692627,
              29.40800040960312,
              31.520001590251923,
              28.31999957561493,
              29.56799976527691,
              29.664000496268272,
              28.511999174952507,
              28.511999174952507,
              29.69600073993206,
              29.40800040960312,
              28.511999174952507,
              29.311999678611755,
              28.511999174952507,
              28.416000306606293,
              28.416000306606293,
              28.511999174952507,
              28.351999819278717,
              28.416000306606293,
              34.591998904943466,
              28.511999174952507,
              29.24799919128418,
              29.21600081026554,
              27.295999228954315,
              29.53599952161312,
              29.56799976527691,
              28.416000306606293,
              33.76000002026558,
              29.40800040960312,
              27.295999228954315,
              29.184000566601753,
              28.31999957561493,
              28.351999819278717,
              35.61599925160408,
              30.400000512599945,
              30.49599938094616,
              29.21600081026554,
              28.672000393271446,
              28.095999732613564,
              29.184000566601753,
              28.351999819278717,
              29.279999434947968,
              28.31999957561493,
              28.31999957561493,
              32.607998698949814,
              28.063999488949776,
              28.351999819278717,
              29.152000322937965,
              29.311999678611755,
              28.192000463604927,
              28.416000306606293,
              29.055999591946602,
              28.543999418616295,
              29.184000566601753,
              28.031999245285988,
              28.48000079393387,
              28.351999819278717,
              28.351999819278717,
              28.255999088287354,
              28.031999245285988,
              29.37600016593933,
              28.511999174952507,
              29.343999922275543,
              28.48000079393387,
              28.351999819278717,
              29.120000079274178,
              29.56799976527691,
              28.48000079393387,
              28.351999819278717,
              29.311999678611755,
              29.311999678611755,
              28.31999957561493,
              28.31999957561493,
              28.351999819278717,
              28.416000306606293,
              28.192000463604927,
              29.37600016593933,
              29.311999678611755,
              29.311999678611755,
              28.351999819278717,
              29.311999678611755,
              29.311999678611755,
              29.08799983561039,
              28.384000062942505,
              28.384000062942505,
              28.416000306606293,
              28.416000306606293,
              29.279999434947968,
              29.37600016593933,
              28.384000062942505,
              33.47200155258179,
              28.351999819278717,
              29.279999434947968,
              28.60799990594387,
              28.416000306606293,
              28.48000079393387,
              28.511999174952507,
              28.64000014960766,
              33.63199904561043
            ],
            "BA": [
              31.456001102924347,
              29.40800040960312,
              29.37600016593933,
              29.53599952161312,
              28.28799933195114,
              29.53599952161312,
              30.559999868273735,
              28.575999662280083,
              29.184000566601753,
              29.503999277949333,
              29.440000653266907,
              28.384000062942505,
              29.56799976527691,
              34.65599939227104,
              30.559999868273735,
              28.48000079393387,
              28.511999174952507,
              27.583999559283257,
              27.51999907195568,
              29.53599952161312,
              28.416000306606293,
              28.28799933195114,
              28.511999174952507,
              28.511999174952507,
              28.575999662280083,
              28.511999174952507,
              27.39199995994568,
              28.416000306606293,
              27.424000203609467,
              28.384000062942505,
              29.664000496268272,
              28.48000079393387,
              29.21600081026554,
              27.456000447273254,
              28.255999088287354,
              33.59999880194664,
              33.47200155258179,
              30.527999624609947,
              28.351999819278717,
              29.21600081026554,
              28.48000079393387,
              28.543999418616295,
              29.279999434947968,
              27.295999228954315,
              31.42400085926056,
              29.472000896930695,
              28.896000236272812,
              28.351999819278717,
              29.37600016593933,
              28.351999819278717,
              29.503999277949333,
              29.21600081026554,
              32.3840007185936,
              28.44800055027008,
              28.224000707268715,
              28.351999819278717,
              28.511999174952507,
              29.184000566601753,
              28.00000086426735,
              28.351999819278717,
              31.231999397277832,
              28.351999819278717,
              29.24799919128418,
              28.384000062942505,
              28.48000079393387,
              27.327999472618103,
              29.184000566601753,
              28.44800055027008,
              33.24799984693527,
              28.543999418616295,
              28.351999819278717,
              29.343999922275543,
              29.055999591946602,
              28.31999957561493,
              28.224000707268715,
              28.31999957561493,
              29.24799919128418,
              29.37600016593933,
              29.023999348282814,
              29.343999922275543,
              28.31999957561493,
              28.351999819278717,
              29.503999277949333,
              29.279999434947968,
              28.351999819278717,
              28.351999819278717,
              29.40800040960312,
              28.44800055027008,
              28.384000062942505,
              29.503999277949333,
              29.311999678611755,
              29.21600081026554,
              30.46399913728237,
              28.351999819278717,
              29.37600016593933,
              28.543999418616295,
              28.44800055027008,
              28.416000306606293,
              28.31999957561493,
              28.384000062942505,
              29.37600016593933
            ]
          }
        },
        "prepared_stage3_control": {
          "all": {
            "p10_us": 28.31999957561493,
            "median_us": 29.152000322937965,
            "p90_us": 30.559999868273735
          },
          "when_launch_order_is_AB": {
            "p10_us": 28.28799933195114,
            "median_us": 29.152000322937965,
            "p90_us": 30.46399913728237
          },
          "when_launch_order_is_BA": {
            "p10_us": 28.31999957561493,
            "median_us": 29.184000566601753,
            "p90_us": 30.559999868273735
          }
        },
        "prepared_stage5_candidate": {
          "all": {
            "p10_us": 28.28799933195114,
            "median_us": 28.543999418616295,
            "p90_us": 30.527999624609947
          },
          "when_launch_order_is_AB": {
            "p10_us": 28.31999957561493,
            "median_us": 28.543999418616295,
            "p90_us": 30.527999624609947
          },
          "when_launch_order_is_BA": {
            "p10_us": 28.255999088287354,
            "median_us": 28.543999418616295,
            "p90_us": 30.527999624609947
          }
        }
      },
      "control_median_us": 29.152000322937965,
      "candidate_median_us": 28.543999418616295,
      "speedup_stage5_vs_stage3": 1.021300480546014,
      "strict_10_percent_target_met": false
    }
  ],
  "all_contexts_strict_10_percent": false
}
