{
  "schema": "c2-prepared-stage5-abba-v1",
  "environment": {
    "torch": "2.13.0+cu130",
    "triton": "3.7.1",
    "cuda": "13.0",
    "device": "NVIDIA B300 SXM6 AC",
    "capability": [
      10,
      3
    ]
  },
  "source_sha256": {
    "challenge_v2/prepared_stage_abba_cli.py": "d356f1365c658e0cc375b69e0293a85723eee8d9695b6be14cb1f43ba0b40fd2",
    "challenge_v2/prepared_tuned.py": "2989da46d15a1d2c183c18cd1b9a93831a98a21a236653b56847f6fafb01650b",
    "challenge_v2/cli.py": "0217c4b91adaec9481effcedcf83345cdbbfbd0897c03090dcaf61117e877284",
    "challenge_v2/run_prepared_stage5_abba_clean.sh": "9e14c422d90136a386950ea4922b5ad31e8191efae3f23cfbdc40158b9cbeb45",
    "challenge/prepared_decode.py": "1b3bb68025e31cd25d782417b0ef20c49a193eb42a342e175536e2159bef0e79",
    "harness/data.py": "38faefb89b38e3bc26b135b762a6bbbd813dcc695423982b423a806fe41c11d6",
    "harness/reference.py": "712c1632367700137392d2c43bd5c6962130d945f01f1f585cc6338788ce53cc",
    "harness/triton_baseline.py": "6b0a40463b4f1c05ca53649d6689377b4f755d1efb58b10700dad05705b53f71",
    "vllm_msa_ref/sparse_attn.py": "5db5d5e692044e54bb57418cbb7dcf5c9cc94f789eaccf128eec6fa8df86d967"
  },
  "frozen_configuration": {
    "control": {
      "num_topk_chunks": 1,
      "decode_num_warps": 4,
      "merge_num_warps": 4,
      "decode_num_stages": 3,
      "merge_num_stages": 3,
      "pdl_mode": "auto",
      "decode_maxnreg": null,
      "merge_maxnreg": null
    },
    "candidate": {
      "num_topk_chunks": 1,
      "decode_num_warps": 4,
      "merge_num_warps": 4,
      "decode_num_stages": 5,
      "merge_num_stages": 3,
      "pdl_mode": "auto",
      "decode_maxnreg": null,
      "merge_maxnreg": null
    },
    "changed_field": "decode_num_stages",
    "selection_rule": "specified before this AB/BA run; not reselected from its event samples",
    "bf16_c1_only": true
  },
  "fairness_contract": {
    "same_problem_instance_per_batch": true,
    "same_input_seed_per_batch": true,
    "caller_owned_output": true,
    "persistent_workspace_outside_timing": true,
    "selected_chunks": 1,
    "merge_bypassed": true,
    "oracle": "independent harness.reference dense FP32 selected-page causal attention",
    "tolerance": {
      "rtol": 0.03,
      "atol": 0.03
    },
    "single_call_per_cuda_event": true,
    "AB_BA_interleaved": true,
    "raw_event_samples_recorded": true
  },
  "results": [
    {
      "batch": 4,
      "storage": "bf16",
      "seed": 20260832,
      "problem": {
        "q_shape": [
          4,
          64,
          128
        ],
        "kv_dtype": "torch.bfloat16",
        "max_seq_len": 4096
      },
      "control": {
        "config": {
          "num_topk_chunks": 1,
          "decode_num_warps": 4,
          "merge_num_warps": 4,
          "decode_num_stages": 3,
          "merge_num_stages": 3,
          "pdl_mode": "auto",
          "decode_maxnreg": null,
          "merge_maxnreg": null
        },
        "metadata": {
          "num_topk_chunks": 1,
          "merge_bypassed": true,
          "caller_output_bytes": 65536,
          "unique_workspace_bytes": 1024,
          "pdl_mode_requested": "auto",
          "pdl_effective": true,
          "decode_num_warps": 4,
          "merge_num_warps": 4,
          "decode_num_stages": 3,
          "merge_num_stages": 3,
          "decode_maxnreg": null,
          "merge_maxnreg": null
        },
        "correctness": {
          "finite": true,
          "max_abs": 3.0517578125e-05,
          "mean_abs": 2.0728630261146463e-06
        }
      },
      "candidate": {
        "config": {
          "num_topk_chunks": 1,
          "decode_num_warps": 4,
          "merge_num_warps": 4,
          "decode_num_stages": 5,
          "merge_num_stages": 3,
          "pdl_mode": "auto",
          "decode_maxnreg": null,
          "merge_maxnreg": null
        },
        "metadata": {
          "num_topk_chunks": 1,
          "merge_bypassed": true,
          "caller_output_bytes": 65536,
          "unique_workspace_bytes": 1024,
          "pdl_mode_requested": "auto",
          "pdl_effective": true,
          "decode_num_warps": 4,
          "merge_num_warps": 4,
          "decode_num_stages": 5,
          "merge_num_stages": 3,
          "decode_maxnreg": null,
          "merge_maxnreg": null
        },
        "correctness": {
          "finite": true,
          "max_abs": 3.0517578125e-05,
          "mean_abs": 2.0728630261146463e-06
        }
      },
      "status": "pass",
      "timing": {
        "protocol": "warmup_each_then_101_ABBA_pairs_one_runner_call_per_cuda_event_pair_one_stream",
        "warmup_each": 30,
        "abba_pairs": 101,
        "samples_per_runner": 202,
        "AB_BA_interleaved": true,
        "raw_samples_us": {
          "prepared_stage3_control": {
            "AB": [
              54.84800040721893,
              31.39200061559677,
              28.063999488949776,
              28.991999104619026,
              34.272000193595886,
              30.30399978160858,
              28.12799997627735,
              30.33600002527237,
              28.16000021994114,
              31.231999397277832,
              28.16000021994114,
              28.192000463604927,
              29.184000566601753,
              32.287999987602234,
              29.152000322937965,
              29.055999591946602,
              28.16000021994114,
              29.279999434947968,
              28.896000236272812,
              28.12799997627735,
              27.936000376939774,
              29.184000566601753,
              29.152000322937965,
              28.16000021994114,
              29.184000566601753,
              29.184000566601753,
              29.184000566601753,
              28.095999732613564,
              28.31999957561493,
              29.120000079274178,
              31.168000772595406,
              28.28799933195114,
              27.83999964594841,
              28.28799933195114,
              29.08799983561039,
              79.42400127649307,
              30.271999537944794,
              28.28799933195114,
              29.152000322937965,
              28.255999088287354,
              28.16000021994114,
              29.472000896930695,
              29.21600081026554,
              28.095999732613564,
              27.904000133275986,
              29.343999922275543,
              29.055999591946602,
              29.055999591946602,
              28.16000021994114,
              28.095999732613564,
              28.192000463604927,
              28.031999245285988,
              33.376000821590424,
              28.192000463604927,
              29.184000566601753,
              28.991999104619026,
              29.311999678611755,
              29.343999922275543,
              28.960000723600388,
              28.12799997627735,
              30.17600066959858,
              29.08799983561039,
              28.095999732613564,
              28.192000463604927,
              29.21600081026554,
              28.255999088287354,
              28.063999488949776,
              28.28799933195114,
              32.3840007185936,
              29.120000079274178,
              29.055999591946602,
              28.192000463604927,
              28.351999819278717,
              29.184000566601753,
              29.152000322937965,
              29.311999678611755,
              32.22399950027466,
              28.16000021994114,
              29.08799983561039,
              29.184000566601753,
              28.00000086426735,
              30.33600002527237,
              29.56799976527691,
              29.023999348282814,
              29.152000322937965,
              29.279999434947968,
              29.055999591946602,
              29.184000566601753,
              29.152000322937965,
              29.184000566601753,
              32.06399828195572,
              29.24799919128418,
              33.28000009059906,
              27.904000133275986,
              28.192000463604927,
              28.31999957561493,
              29.343999922275543,
              32.44800120592117,
              28.31999957561493,
              29.343999922275543,
              28.416000306606293
            ],
            "BA": [
              31.360000371932983,
              29.40800040960312,
              38.40000182390213,
              28.28799933195114,
              29.152000322937965,
              28.28799933195114,
              30.17600066959858,
              30.33600002527237,
              28.991999104619026,
              29.023999348282814,
              30.01599945127964,
              29.184000566601753,
              28.960000723600388,
              29.184000566601753,
              30.17600066959858,
              28.16000021994114,
              30.17600066959858,
              28.16000021994114,
              28.16000021994114,
              29.343999922275543,
              33.28000009059906,
              28.16000021994114,
              29.184000566601753,
              29.023999348282814,
              27.775999158620834,
              30.208000913262367,
              28.224000707268715,
              28.960000723600388,
              30.208000913262367,
              27.936000376939774,
              27.936000376939774,
              28.28799933195114,
              27.871999889612198,
              28.224000707268715,
              29.279999434947968,
              29.279999434947968,
              28.12799997627735,
              29.279999434947968,
              29.055999591946602,
              28.16000021994114,
              27.96800062060356,
              30.33600002527237,
              28.16000021994114,
              29.184000566601753,
              29.055999591946602,
              28.031999245285988,
              28.16000021994114,
              29.152000322937965,
              27.55199931561947,
              34.40000116825104,
              29.279999434947968,
              27.904000133275986,
              29.184000566601753,
              28.192000463604927,
              29.343999922275543,
              28.192000463604927,
              28.960000723600388,
              29.40800040960312,
              29.152000322937965,
              28.12799997627735,
              28.16000021994114,
              29.152000322937965,
              29.055999591946602,
              29.21600081026554,
              28.16000021994114,
              29.08799983561039,
              28.12799997627735,
              28.28799933195114,
              28.063999488949776,
              29.472000896930695,
              29.184000566601753,
              28.991999104619026,
              29.343999922275543,
              29.40800040960312,
              28.00000086426735,
              29.311999678611755,
              28.31999957561493,
              29.152000322937965,
              29.120000079274178,
              28.31999957561493,
              28.063999488949776,
              29.184000566601753,
              28.960000723600388,
              29.152000322937965,
              29.184000566601753,
              29.343999922275543,
              29.184000566601753,
              29.21600081026554,
              29.184000566601753,
              33.47200155258179,
              28.16000021994114,
              55.80800026655197,
              29.152000322937965,
              29.21600081026554,
              29.055999591946602,
              28.31999957561493,
              29.343999922275543,
              29.343999922275543,
              29.279999434947968,
              28.255999088287354,
              28.31999957561493
            ]
          },
          "prepared_stage5_candidate": {
            "AB": [
              38.52799907326698,
              31.328000128269196,
              30.208000913262367,
              30.30399978160858,
              29.24799919128418,
              34.304000437259674,
              29.279999434947968,
              29.24799919128418,
              29.311999678611755,
              30.208000913262367,
              28.896000236272812,
              28.12799997627735,
              29.184000566601753,
              29.120000079274178,
              29.184000566601753,
              30.208000913262367,
              29.184000566601753,
              29.055999591946602,
              28.384000062942505,
              30.208000913262367,
              29.184000566601753,
              27.904000133275986,
              29.184000566601753,
              29.184000566601753,
              28.16000021994114,
              28.16000021994114,
              35.32800078392029,
              29.311999678611755,
              28.031999245285988,
              28.12799997627735,
              29.023999348282814,
              29.279999434947968,
              29.311999678611755,
              28.28799933195114,
              33.24799984693527,
              35.45600175857544,
              33.28000009059906,
              29.311999678611755,
              29.08799983561039,
              28.416000306606293,
              29.055999591946602,
              29.120000079274178,
              29.152000322937965,
              29.08799983561039,
              34.304000437259674,
              27.936000376939774,
              29.08799983561039,
              28.16000021994114,
              28.16000021994114,
              29.023999348282814,
              30.17600066959858,
              28.31999957561493,
              29.055999591946602,
              29.503999277949333,
              29.055999591946602,
              29.08799983561039,
              27.96800062060356,
              29.023999348282814,
              29.023999348282814,
              29.152000322937965,
              28.095999732613564,
              28.16000021994114,
              28.16000021994114,
              28.255999088287354,
              29.184000566601753,
              29.152000322937965,
              28.095999732613564,
              28.31999957561493,
              29.023999348282814,
              28.384000062942505,
              28.991999104619026,
              28.31999957561493,
              29.120000079274178,
              28.384000062942505,
              28.28799933195114,
              27.2000003606081,
              28.063999488949776,
              29.120000079274178,
              28.031999245285988,
              29.184000566601753,
              28.16000021994114,
              29.055999591946602,
              28.76799926161766,
              29.023999348282814,
              29.24799919128418,
              29.08799983561039,
              29.184000566601753,
              29.184000566601753,
              29.311999678611755,
              29.184000566601753,
              29.21600081026554,
              28.063999488949776,
              28.863999992609024,
              28.12799997627735,
              29.023999348282814,
              27.295999228954315,
              29.343999922275543,
              28.28799933195114,
              29.08799983561039,
              27.295999228954315,
              29.279999434947968
            ],
            "BA": [
              34.432001411914825,
              29.023999348282814,
              30.208000913262367,
              29.311999678611755,
              28.991999104619026,
              28.28799933195114,
              28.031999245285988,
              29.120000079274178,
              28.00000086426735,
              28.192000463604927,
              37.567999213933945,
              28.16000021994114,
              28.351999819278717,
              28.12799997627735,
              31.168000772595406,
              29.184000566601753,
              29.184000566601753,
              27.936000376939774,
              36.159999668598175,
              29.023999348282814,
              28.12799997627735,
              27.936000376939774,
              29.184000566601753,
              28.31999957561493,
              29.184000566601753,
              28.16000021994114,
              29.184000566601753,
              28.16000021994114,
              28.16000021994114,
              28.063999488949776,
              28.16000021994114,
              28.28799933195114,
              27.871999889612198,
              29.24799919128418,
              28.16000021994114,
              32.35200047492981,
              28.031999245285988,
              28.28799933195114,
              28.16000021994114,
              28.192000463604927,
              29.343999922275543,
              29.21600081026554,
              28.16000021994114,
              28.12799997627735,
              28.12799997627735,
              27.96800062060356,
              30.208000913262367,
              28.16000021994114,
              29.023999348282814,
              28.063999488949776,
              29.184000566601753,
              27.936000376939774,
              29.08799983561039,
              28.79999950528145,
              28.16000021994114,
              29.152000322937965,
              29.343999922275543,
              32.255999743938446,
              28.16000021994114,
              28.16000021994114,
              28.12799997627735,
              28.192000463604927,
              28.44800055027008,
              27.264000847935677,
              28.12799997627735,
              34.432001411914825,
              29.152000322937965,
              28.28799933195114,
              29.40800040960312,
              29.184000566601753,
              29.120000079274178,
              28.416000306606293,
              28.224000707268715,
              28.031999245285988,
              29.184000566601753,
              27.295999228954315,
              29.184000566601753,
              29.279999434947968,
              27.871999889612198,
              28.16000021994114,
              28.16000021994114,
              34.304000437259674,
              28.384000062942505,
              29.152000322937965,
              29.120000079274178,
              28.991999104619026,
              29.184000566601753,
              29.184000566601753,
              29.055999591946602,
              29.152000322937965,
              27.775999158620834,
              29.184000566601753,
              29.184000566601753,
              29.055999591946602,
              29.311999678611755,
              28.255999088287354,
              28.351999819278717,
              28.351999819278717,
              29.184000566601753,
              30.368000268936157,
              29.343999922275543
            ]
          }
        },
        "prepared_stage3_control": {
          "all": {
            "p10_us": 28.095999732613564,
            "median_us": 29.08799983561039,
            "p90_us": 30.33600002527237
          },
          "when_launch_order_is_AB": {
            "p10_us": 28.095999732613564,
            "median_us": 29.08799983561039,
            "p90_us": 31.39200061559677
          },
          "when_launch_order_is_BA": {
            "p10_us": 28.063999488949776,
            "median_us": 29.120000079274178,
            "p90_us": 30.17600066959858
          }
        },
        "prepared_stage5_candidate": {
          "all": {
            "p10_us": 28.031999245285988,
            "median_us": 29.039999470114708,
            "p90_us": 30.208000913262367
          },
          "when_launch_order_is_AB": {
            "p10_us": 28.095999732613564,
            "median_us": 29.08799983561039,
            "p90_us": 30.208000913262367
          },
          "when_launch_order_is_BA": {
            "p10_us": 28.031999245285988,
            "median_us": 28.44800055027008,
            "p90_us": 30.208000913262367
          }
        }
      },
      "control_median_us": 29.08799983561039,
      "candidate_median_us": 29.039999470114708,
      "speedup_stage5_vs_stage3": 1.0016529051780831,
      "strict_10_percent_target_met": false
    }
  ],
  "all_contexts_strict_10_percent": false
}
