PRE
NVIDIA B300 SXM6 AC, GPU-778768b4-6c9e-e483-890e-0812760948ae, 580.126.09, 0, 0, 10.3
0217c4b91adaec9481effcedcf83345cdbbfbd0897c03090dcaf61117e877284  challenge_v2/cli.py
2989da46d15a1d2c183c18cd1b9a93831a98a21a236653b56847f6fafb01650b  challenge_v2/prepared_tuned.py
1b3bb68025e31cd25d782417b0ef20c49a193eb42a342e175536e2159bef0e79  challenge/prepared_decode.py
38faefb89b38e3bc26b135b762a6bbbd813dcc695423982b423a806fe41c11d6  harness/data.py
712c1632367700137392d2c43bd5c6962130d945f01f1f585cc6338788ce53cc  harness/reference.py
6b0a40463b4f1c05ca53649d6689377b4f755d1efb58b10700dad05705b53f71  harness/triton_baseline.py
5db5d5e692044e54bb57418cbb7dcf5c9cc94f789eaccf128eec6fa8df86d967  vllm_msa_ref/sparse_attn.py
{
  "schema": "c2-tuned-prepared-sweep-v1",
  "environment": {
    "torch": "2.13.0+cu130",
    "triton": "3.7.1",
    "cuda": "13.0",
    "device": "NVIDIA B300 SXM6 AC",
    "capability": [
      10,
      3
    ]
  },
  "source_sha256": {
    "challenge_v2/cli.py": "0217c4b91adaec9481effcedcf83345cdbbfbd0897c03090dcaf61117e877284",
    "challenge_v2/prepared_tuned.py": "2989da46d15a1d2c183c18cd1b9a93831a98a21a236653b56847f6fafb01650b",
    "challenge/prepared_decode.py": "1b3bb68025e31cd25d782417b0ef20c49a193eb42a342e175536e2159bef0e79",
    "harness/triton_baseline.py": "6b0a40463b4f1c05ca53649d6689377b4f755d1efb58b10700dad05705b53f71",
    "harness/data.py": "38faefb89b38e3bc26b135b762a6bbbd813dcc695423982b423a806fe41c11d6",
    "harness/reference.py": "712c1632367700137392d2c43bd5c6962130d945f01f1f585cc6338788ce53cc",
    "vllm_msa_ref/sparse_attn.py": "5db5d5e692044e54bb57418cbb7dcf5c9cc94f789eaccf128eec6fa8df86d967",
    "challenge_v2/head_shard.py": "2c7d96976717d8ef04bf0bab3ce74dbb9a678f682108e112081d639284d62e07",
    "challenge_v2/head_shard_cli.py": "27dcdb610883b75ca587d74c5122a8bfa65190e6af214138968903dd445a45c9",
    "challenge_v2/c1_no_lse.py": "7c638d53baad41582756dc2411fa0ede33ddb253b96440bfcb072331855bd9aa",
    "challenge_v2/c1_no_lse_cli.py": "68fb3d8bf1f09c22d9c94cef974a6d9725c579af59907817bc804d3f37cfb739",
    "challenge_v2/c1_no_lse_abba_cli.py": "a06e116b05dfcc894a4f33eb503468d58e0fef4e99f195c1269fbfb7d163271a",
    "challenge_v2/c1_static_topk16.py": "1a9c508fc088f8530255f3a6f6b0d4495c83f020129df0378231e0d064b66a6f",
    "challenge_v2/c1_static_topk16_probe_cli.py": "b4e64d9a65898a99a6afbd2d173740b22e4bb4b1feb31e4e006627cbbfe45c18"
  },
  "fairness_contract": {
    "same_seed_and_problem_within_context": true,
    "caller_owned_output": true,
    "persistent_workspace_outside_events": true,
    "oracle": "harness.reference.dense_sparse_attention_reference FP32 selected-page causal attention",
    "tolerance": {
      "rtol": 0.03,
      "atol": 0.03
    },
    "event_protocol": "one kernel-call path invocation per CUDA event pair",
    "compile_and_warmup_excluded": true
  },
  "sweep": {
    "style": "compact",
    "chunks": "2",
    "stages": [
      3
    ],
    "pdl_modes": [
      "auto"
    ],
    "maxnregs": [
      null
    ],
    "decode_warps": [
      4
    ],
    "merge_warps": [
      4
    ],
    "seed": 20260828,
    "max_seq_len": 4096
  },
  "results": [
    {
      "batch": 1,
      "storage": "bf16",
      "seed": 20260829,
      "resolved_chunks": 2,
      "problem": {
        "q_shape": [
          1,
          64,
          128
        ],
        "kv_dtype": "torch.bfloat16"
      },
      "candidates": [
        {
          "config": {
            "num_topk_chunks": 2,
            "decode_num_warps": 4,
            "merge_num_warps": 4,
            "decode_num_stages": 3,
            "merge_num_stages": 3,
            "pdl_mode": "auto",
            "decode_maxnreg": null,
            "merge_maxnreg": null
          },
          "status": "pass",
          "correctness": {
            "finite": true,
            "max_abs": 3.0517578125e-05,
            "mean_abs": 3.4476961445761845e-06
          },
          "timing": {
            "protocol": "warmup_then_per_call_cuda_event_pair_one_stream_no_intercall_sync",
            "warmup": 20,
            "repetitions": 101,
            "p10_us": 36.928001791238785,
            "median_us": 37.98399865627289,
            "p90_us": 42.27200150489807
          },
          "contract": {
            "caller_owned_output": true,
            "persistent_workspace_created_before_timing": true,
            "same_problem_seed": 20260829,
            "single_call_per_event": true
          },
          "metadata": {
            "num_topk_chunks": 2,
            "merge_bypassed": false,
            "caller_output_bytes": 16384,
            "unique_workspace_bytes": 33280,
            "pdl_mode_requested": "auto",
            "pdl_effective": true,
            "decode_num_warps": 4,
            "merge_num_warps": 4,
            "decode_num_stages": 3,
            "merge_num_stages": 3,
            "decode_maxnreg": null,
            "merge_maxnreg": null
          },
          "speedup_vs_same_contract_baseline": 1.0
        }
      ],
      "summary": {
        "status": "pass",
        "baseline_median_us": 37.98399865627289,
        "winner_median_us": 37.98399865627289,
        "winner_speedup": 1.0,
        "strict_10_percent_target_met": false,
        "winner_config": {
          "num_topk_chunks": 2,
          "decode_num_warps": 4,
          "merge_num_warps": 4,
          "decode_num_stages": 3,
          "merge_num_stages": 3,
          "pdl_mode": "auto",
          "decode_maxnreg": null,
          "merge_maxnreg": null
        }
      }
    }
  ],
  "all_context_baselines_pass": true,
  "strict_10_percent_target_met_in_every_requested_context": false
}
POST
NVIDIA B300 SXM6 AC, GPU-778768b4-6c9e-e483-890e-0812760948ae, 580.126.09, 0, 0, 10.3
FINAL_RC=0
