{
  "schema": "c2-prepared-stage5-fp8-abba-v1",
  "environment": {
    "torch": "2.13.0+cu130",
    "triton": "3.7.1",
    "cuda": "13.0",
    "device": "NVIDIA B300 SXM6 AC",
    "capability": [
      10,
      3
    ]
  },
  "source_sha256": {
    "challenge_v2/prepared_stage_fp8_abba_cli.py": "9daa9d65da8b7e8c4fc6eb630a9bbff5c1aa071016f222cdeb634b244ea03661",
    "challenge_v2/run_prepared_stage5_fp8_abba_clean.sh": "f69fb6c54c0cf61d5981024689d62a4d3af7026c4b403e9df43f81c7d9834f04",
    "challenge_v2/prepared_tuned.py": "2989da46d15a1d2c183c18cd1b9a93831a98a21a236653b56847f6fafb01650b",
    "challenge/prepared_decode.py": "1b3bb68025e31cd25d782417b0ef20c49a193eb42a342e175536e2159bef0e79",
    "harness/data.py": "38faefb89b38e3bc26b135b762a6bbbd813dcc695423982b423a806fe41c11d6",
    "harness/reference.py": "712c1632367700137392d2c43bd5c6962130d945f01f1f585cc6338788ce53cc",
    "harness/triton_baseline.py": "6b0a40463b4f1c05ca53649d6689377b4f755d1efb58b10700dad05705b53f71",
    "vllm_msa_ref/sparse_attn.py": "5db5d5e692044e54bb57418cbb7dcf5c9cc94f789eaccf128eec6fa8df86d967"
  },
  "scope": {
    "boundary": "complete prepared sparse-decode dispatch: decode plus required merge; not pure decode-only and not model/server end-to-end",
    "cross_mode_comparison": "prohibited: each FP8 mode is evaluated only against its same-mode stage-3 control"
  },
  "frozen_configuration": {
    "storage": "fp8-token",
    "batch": 1,
    "base_seed": 20260829,
    "selected_num_topk_chunks": 4,
    "selected_chunks_by_storage_and_batch": {
      "fp8-scalar": {
        "1": 16,
        "4": 4,
        "8": 8,
        "16": 4
      },
      "fp8-token": {
        "1": 4,
        "4": 16,
        "8": 16,
        "16": 4
      }
    },
    "control": {
      "num_topk_chunks": 4,
      "decode_num_warps": 4,
      "merge_num_warps": 4,
      "decode_num_stages": 3,
      "merge_num_stages": 3,
      "pdl_mode": "auto",
      "decode_maxnreg": null,
      "merge_maxnreg": null
    },
    "candidate": {
      "num_topk_chunks": 4,
      "decode_num_warps": 4,
      "merge_num_warps": 4,
      "decode_num_stages": 5,
      "merge_num_stages": 3,
      "pdl_mode": "auto",
      "decode_maxnreg": null,
      "merge_maxnreg": null
    },
    "changed_field": "decode_num_stages",
    "selection_rule": "C mapping and launch configuration were specified before this FP8 AB/BA run; not reselected from event samples",
    "strict_10_percent_policy": "reported after validation only; it does not select or retune a configuration"
  },
  "fairness_contract": {
    "same_problem_object_per_context": true,
    "same_problem_buffers_per_context": true,
    "same_scale_tensor_objects_per_context": true,
    "caller_owned_independent_outputs": true,
    "persistent_workspace_outside_timing": true,
    "same_selected_chunks_per_context": true,
    "full_prepared_decode_and_merge_per_timed_call": true,
    "oracle": "independent harness.reference dense FP32 selected-page causal attention",
    "tolerance": {
      "rtol": 0.03,
      "atol": 0.03
    },
    "single_complete_dispatch_per_cuda_event": true,
    "AB_BA_interleaved": true,
    "raw_event_samples_recorded": true
  },
  "results": [
    {
      "storage": "fp8-token",
      "batch": 1,
      "base_seed": 20260829,
      "seed": 20260830,
      "status": "pass",
      "problem": {
        "q_shape": [
          1,
          64,
          128
        ],
        "kv_cache_shape": [
          32,
          4,
          128,
          256
        ],
        "kv_cache_dtype": "torch.float8_e4m3fn",
        "max_seq_len": 4096,
        "decode_query_len": 1,
        "num_kv_heads": 4
      },
      "scale": {
        "storage_mode": "fp8-token",
        "abi_mode": "per_token_head",
        "kv_scale_mode": 2,
        "dequantization": "FP8 cache value multiplied by scale[kv_head, physical_page*128 + token]",
        "k_scale": {
          "dtype": "torch.float32",
          "shape": [
            4,
            4096
          ],
          "stride": [
            4096,
            1
          ],
          "numel": 16384,
          "contiguous": true,
          "device": "cuda:0",
          "data_ptr": 135541400043520
        },
        "v_scale": {
          "dtype": "torch.float32",
          "shape": [
            4,
            4096
          ],
          "stride": [
            4096,
            1
          ],
          "numel": 16384,
          "contiguous": true,
          "device": "cuda:0",
          "data_ptr": 135541400109056
        }
      },
      "selected_num_topk_chunks": 4,
      "dispatch": {
        "boundary": "complete prepared dispatch: decode plus required merge",
        "decode_executed": true,
        "merge_required": true,
        "merge_executed": true,
        "merge_bypassed": false,
        "kernels_per_timed_runner_call": 2
      },
      "shared_inputs": {
        "same_problem_object": true,
        "same_scale_tensor_objects": true,
        "same_problem_buffers": true,
        "shared_input_data_ptrs": {
          "q": 135541400027136,
          "kv_cache": 135540930248704,
          "block_table": 135541400011264,
          "topk_idx": 135541400011776,
          "seq_lens": 135541400010752,
          "k_scale": 135541400043520,
          "v_scale": 135541400109056
        }
      },
      "outputs": {
        "caller_owned_independent": true,
        "control_data_ptr": 135541401567232,
        "candidate_data_ptr": 135541401583616,
        "shape": [
          1,
          64,
          128
        ],
        "dtype": "torch.bfloat16"
      },
      "control": {
        "config": {
          "num_topk_chunks": 4,
          "decode_num_warps": 4,
          "merge_num_warps": 4,
          "decode_num_stages": 3,
          "merge_num_stages": 3,
          "pdl_mode": "auto",
          "decode_maxnreg": null,
          "merge_maxnreg": null
        },
        "metadata": {
          "num_topk_chunks": 4,
          "merge_bypassed": false,
          "caller_output_bytes": 16384,
          "unique_workspace_bytes": 66560,
          "pdl_mode_requested": "auto",
          "pdl_effective": true,
          "decode_num_warps": 4,
          "merge_num_warps": 4,
          "decode_num_stages": 3,
          "merge_num_stages": 3,
          "decode_maxnreg": null,
          "merge_maxnreg": null
        },
        "correctness": {
          "finite": true,
          "max_abs": 3.0517578125e-05,
          "mean_abs": 4.65006087324582e-06
        }
      },
      "candidate": {
        "config": {
          "num_topk_chunks": 4,
          "decode_num_warps": 4,
          "merge_num_warps": 4,
          "decode_num_stages": 5,
          "merge_num_stages": 3,
          "pdl_mode": "auto",
          "decode_maxnreg": null,
          "merge_maxnreg": null
        },
        "metadata": {
          "num_topk_chunks": 4,
          "merge_bypassed": false,
          "caller_output_bytes": 16384,
          "unique_workspace_bytes": 66560,
          "pdl_mode_requested": "auto",
          "pdl_effective": true,
          "decode_num_warps": 4,
          "merge_num_warps": 4,
          "decode_num_stages": 5,
          "merge_num_stages": 3,
          "decode_maxnreg": null,
          "merge_maxnreg": null
        },
        "correctness": {
          "finite": true,
          "max_abs": 3.0517578125e-05,
          "mean_abs": 4.65006087324582e-06
        }
      },
      "timing": {
        "protocol": "warmup_each_then_101_ABBA_pairs_one_complete_prepared_dispatch_per_cuda_event_pair_one_stream",
        "warmup_each": 30,
        "abba_pairs": 101,
        "samples_per_runner": 202,
        "AB_BA_interleaved": true,
        "raw_samples_us": {
          "prepared_stage3_control": {
            "AB": [
              59.67999994754791,
              39.135999977588654,
              38.495998829603195,
              39.135999977588654,
              37.91999816894531,
              39.16800022125244,
              39.5519994199276,
              38.59199956059456,
              38.52799907326698,
              38.11199963092804,
              38.36800158023834,
              38.55999931693077,
              43.136000633239746,
              39.64800015091896,
              38.784001022577286,
              38.40000182390213,
              38.88000175356865,
              39.36000168323517,
              43.74400153756142,
              44.096000492572784,
              38.43199834227562,
              37.98399865627289,
              39.36000168323517,
              37.59999945759773,
              39.48799893260002,
              39.20000046491623,
              39.135999977588654,
              39.68000039458275,
              39.583999663591385,
              43.20000112056732,
              39.51999917626381,
              38.40000182390213,
              38.59199956059456,
              38.14399987459183,
              37.76000067591667,
              42.367998510599136,
              38.88000175356865,
              38.43199834227562,
              38.27200084924698,
              37.59999945759773,
              38.40000182390213,
              44.12800073623657,
              39.03999924659729,
              37.66399994492531,
              37.21600025892258,
              38.047999143600464,
              37.66399994492531,
              39.07199949026108,
              39.03999924659729,
              38.43199834227562,
              38.07999938726425,
              37.728000432252884,
              42.62400045990944,
              38.975998759269714,
              38.24000060558319,
              37.63199970126152,
              37.79200091958046,
              38.59199956059456,
              40.73600098490715,
              40.28800129890442,
              38.495998829603195,
              39.135999977588654,
              37.34400123357773,
              38.88000175356865,
              42.65600070357323,
              38.43199834227562,
              38.975998759269714,
              38.2080003619194,
              38.27200084924698,
              38.14399987459183,
              38.55999931693077,
              38.495998829603195,
              38.816001266241074,
              38.047999143600464,
              39.0079990029335,
              39.20000046491623,
              40.031999349594116,
              38.88000175356865,
              38.656000047922134,
              38.784001022577286,
              39.103999733924866,
              38.52799907326698,
              38.11199963092804,
              39.0079990029335,
              38.176000118255615,
              38.36800158023834,
              38.40000182390213,
              38.7520007789135,
              37.79200091958046,
              38.46399858593941,
              37.9519984126091,
              38.88000175356865,
              38.176000118255615,
              37.88800165057182,
              39.07199949026108,
              38.40000182390213,
              39.48799893260002,
              38.84800150990486,
              39.29600119590759,
              38.88000175356865,
              37.50399872660637
            ],
            "BA": [
              39.84000161290169,
              39.39199820160866,
              38.84800150990486,
              39.423998445272446,
              39.45599868893623,
              38.84800150990486,
              37.98399865627289,
              39.8080013692379,
              37.408001720905304,
              37.63199970126152,
              38.495998829603195,
              37.66399994492531,
              38.24000060558319,
              38.62399980425835,
              38.36800158023834,
              39.29600119590759,
              39.135999977588654,
              38.495998829603195,
              122.72000312805176,
              38.36800158023834,
              39.903998374938965,
              39.423998445272446,
              39.0079990029335,
              37.53599897027016,
              39.20000046491623,
              37.53599897027016,
              38.52799907326698,
              38.495998829603195,
              38.88000175356865,
              38.52799907326698,
              38.2080003619194,
              38.43199834227562,
              36.54399886727333,
              39.23200070858002,
              38.7520007789135,
              37.88800165057182,
              37.151999771595,
              38.015998899936676,
              37.567999213933945,
              37.43999823927879,
              38.495998829603195,
              35.679999738931656,
              39.0079990029335,
              38.975998759269714,
              40.22400081157684,
              37.76000067591667,
              43.10400038957596,
              38.7520007789135,
              37.567999213933945,
              37.91999816894531,
              36.73600032925606,
              37.59999945759773,
              42.87999868392944,
              38.2080003619194,
              36.54399886727333,
              36.67199984192848,
              39.0079990029335,
              37.728000432252884,
              44.544000178575516,
              37.88800165057182,
              37.53599897027016,
              38.495998829603195,
              38.36800158023834,
              38.46399858593941,
              38.52799907326698,
              38.336001336574554,
              38.88000175356865,
              38.59199956059456,
              38.46399858593941,
              38.91199827194214,
              38.36800158023834,
              38.68800029158592,
              36.73600032925606,
              39.20000046491623,
              38.55999931693077,
              44.76799815893173,
              38.62399980425835,
              39.135999977588654,
              37.88800165057182,
              38.36800158023834,
              38.11199963092804,
              37.9519984126091,
              37.567999213933945,
              37.9519984126091,
              39.16800022125244,
              37.88800165057182,
              38.40000182390213,
              37.76000067591667,
              38.015998899936676,
              36.639999598264694,
              37.79200091958046,
              38.46399858593941,
              36.607999354600906,
              39.23200070858002,
              37.98399865627289,
              38.495998829603195,
              38.88000175356865,
              39.8080013692379,
              37.82400116324425,
              39.16800022125244,
              38.784001022577286
            ]
          },
          "prepared_stage5_candidate": {
            "AB": [
              42.75200143456459,
              41.21600091457367,
              40.031999349594116,
              40.22400081157684,
              39.872001856565475,
              39.96799886226654,
              54.52800169587135,
              40.063999593257904,
              38.94399851560593,
              39.51999917626381,
              38.55999931693077,
              38.24000060558319,
              38.84800150990486,
              38.975998759269714,
              39.423998445272446,
              38.7520007789135,
              38.84800150990486,
              44.38399896025658,
              39.423998445272446,
              40.92799872159958,
              40.44799879193306,
              39.64800015091896,
              39.103999733924866,
              39.64800015091896,
              38.784001022577286,
              38.62399980425835,
              38.88000175356865,
              39.20000046491623,
              39.264000952243805,
              39.61599990725517,
              38.975998759269714,
              38.495998829603195,
              39.36000168323517,
              39.61599990725517,
              42.01599955558777,
              39.8080013692379,
              38.88000175356865,
              39.03999924659729,
              40.063999593257904,
              39.423998445272446,
              39.93599861860275,
              39.744000881910324,
              39.51999917626381,
              39.32800143957138,
              40.352001786231995,
              40.863998234272,
              46.36799916625023,
              39.5519994199276,
              40.12800008058548,
              40.57599976658821,
              40.063999593257904,
              39.84000161290169,
              41.24800115823746,
              39.23200070858002,
              39.45599868893623,
              39.93599861860275,
              38.59199956059456,
              38.68800029158592,
              38.59199956059456,
              39.61599990725517,
              40.57599976658821,
              39.03999924659729,
              39.423998445272446,
              38.94399851560593,
              38.40000182390213,
              38.91199827194214,
              40.41599854826927,
              38.91199827194214,
              39.07199949026108,
              39.5519994199276,
              39.96799886226654,
              38.52799907326698,
              40.32000154256821,
              38.047999143600464,
              39.135999977588654,
              39.5519994199276,
              43.20000112056732,
              38.72000053524971,
              40.09599983692169,
              38.52799907326698,
              39.03999924659729,
              39.20000046491623,
              41.728001087903976,
              40.28800129890442,
              40.41599854826927,
              40.54399952292442,
              38.975998759269714,
              40.031999349594116,
              44.256001710891724,
              38.62399980425835,
              39.36000168323517,
              38.52799907326698,
              39.51999917626381,
              40.383998304605484,
              42.97599941492081,
              39.872001856565475,
              40.800001472234726,
              38.656000047922134,
              40.09599983692169,
              39.20000046491623,
              39.48799893260002
            ],
            "BA": [
              47.00800031423569,
              39.744000881910324,
              40.76800122857094,
              39.32800143957138,
              40.031999349594116,
              42.27200150489807,
              39.64800015091896,
              39.5519994199276,
              40.28800129890442,
              40.672000497579575,
              38.91199827194214,
              43.90399903059006,
              38.72000053524971,
              39.48799893260002,
              39.96799886226654,
              40.383998304605484,
              39.51999917626381,
              39.84000161290169,
              38.7520007789135,
              39.96799886226654,
              40.54399952292442,
              39.45599868893623,
              44.064000248909,
              40.64000025391579,
              39.64800015091896,
              40.28800129890442,
              38.336001336574554,
              38.72000053524971,
              44.92799937725067,
              39.03999924659729,
              39.16800022125244,
              40.192000567913055,
              39.93599861860275,
              39.20000046491623,
              39.583999663591385,
              38.36800158023834,
              39.07199949026108,
              38.24000060558319,
              38.59199956059456,
              38.46399858593941,
              39.103999733924866,
              38.55999931693077,
              37.53599897027016,
              38.7520007789135,
              37.63199970126152,
              40.511999279260635,
              39.264000952243805,
              38.94399851560593,
              38.59199956059456,
              37.50399872660637,
              38.55999931693077,
              37.63199970126152,
              39.45599868893623,
              39.03999924659729,
              38.55999931693077,
              38.52799907326698,
              38.975998759269714,
              39.61599990725517,
              39.423998445272446,
              38.7520007789135,
              39.8080013692379,
              38.94399851560593,
              39.583999663591385,
              39.36000168323517,
              41.50399938225746,
              39.264000952243805,
              37.63199970126152,
              39.264000952243805,
              38.36800158023834,
              39.0079990029335,
              44.224001467227936,
              39.03999924659729,
              38.59199956059456,
              39.903998374938965,
              38.7520007789135,
              57.40800127387047,
              39.07199949026108,
              39.0079990029335,
              36.80000081658363,
              38.2080003619194,
              38.047999143600464,
              38.88000175356865,
              40.22400081157684,
              37.53599897027016,
              37.728000432252884,
              37.696000188589096,
              39.20000046491623,
              39.64800015091896,
              38.495998829603195,
              40.41599854826927,
              38.88000175356865,
              39.36000168323517,
              38.7520007789135,
              39.8080013692379,
              38.91199827194214,
              38.84800150990486,
              38.72000053524971,
              38.94399851560593,
              38.7520007789135,
              42.367998510599136,
              38.816001266241074
            ]
          }
        },
        "prepared_stage3_control": {
          "all": {
            "p10_us": 37.59999945759773,
            "median_us": 38.51199895143509,
            "p90_us": 39.8080013692379
          },
          "when_launch_order_is_AB": {
            "p10_us": 37.79200091958046,
            "median_us": 38.59199956059456,
            "p90_us": 40.28800129890442
          },
          "when_launch_order_is_BA": {
            "p10_us": 37.43999823927879,
            "median_us": 38.46399858593941,
            "p90_us": 39.45599868893623
          }
        },
        "prepared_stage5_candidate": {
          "all": {
            "p10_us": 38.495998829603195,
            "median_us": 39.36000168323517,
            "p90_us": 40.92799872159958
          },
          "when_launch_order_is_AB": {
            "p10_us": 38.62399980425835,
            "median_us": 39.51999917626381,
            "p90_us": 41.21600091457367
          },
          "when_launch_order_is_BA": {
            "p10_us": 38.2080003619194,
            "median_us": 39.103999733924866,
            "p90_us": 40.672000497579575
          }
        }
      },
      "control_median_us": 38.51199895143509,
      "candidate_median_us": 39.36000168323517,
      "speedup_stage5_vs_stage3": 0.978455216068721,
      "strict_10_percent_target_met": false
    }
  ],
  "all_contexts_strict_10_percent": false
}
