{
  "schema": "c2-prepared-stage5-fp8-abba-v1",
  "environment": {
    "torch": "2.13.0+cu130",
    "triton": "3.7.1",
    "cuda": "13.0",
    "device": "NVIDIA B300 SXM6 AC",
    "capability": [
      10,
      3
    ]
  },
  "source_sha256": {
    "challenge_v2/prepared_stage_fp8_abba_cli.py": "9daa9d65da8b7e8c4fc6eb630a9bbff5c1aa071016f222cdeb634b244ea03661",
    "challenge_v2/run_prepared_stage5_fp8_abba_clean.sh": "f69fb6c54c0cf61d5981024689d62a4d3af7026c4b403e9df43f81c7d9834f04",
    "challenge_v2/prepared_tuned.py": "2989da46d15a1d2c183c18cd1b9a93831a98a21a236653b56847f6fafb01650b",
    "challenge/prepared_decode.py": "1b3bb68025e31cd25d782417b0ef20c49a193eb42a342e175536e2159bef0e79",
    "harness/data.py": "38faefb89b38e3bc26b135b762a6bbbd813dcc695423982b423a806fe41c11d6",
    "harness/reference.py": "712c1632367700137392d2c43bd5c6962130d945f01f1f585cc6338788ce53cc",
    "harness/triton_baseline.py": "6b0a40463b4f1c05ca53649d6689377b4f755d1efb58b10700dad05705b53f71",
    "vllm_msa_ref/sparse_attn.py": "5db5d5e692044e54bb57418cbb7dcf5c9cc94f789eaccf128eec6fa8df86d967"
  },
  "scope": {
    "boundary": "complete prepared sparse-decode dispatch: decode plus required merge; not pure decode-only and not model/server end-to-end",
    "cross_mode_comparison": "prohibited: each FP8 mode is evaluated only against its same-mode stage-3 control"
  },
  "frozen_configuration": {
    "storage": "fp8-scalar",
    "batch": 1,
    "base_seed": 20260829,
    "selected_num_topk_chunks": 16,
    "selected_chunks_by_storage_and_batch": {
      "fp8-scalar": {
        "1": 16,
        "4": 4,
        "8": 8,
        "16": 4
      },
      "fp8-token": {
        "1": 4,
        "4": 16,
        "8": 16,
        "16": 4
      }
    },
    "control": {
      "num_topk_chunks": 16,
      "decode_num_warps": 4,
      "merge_num_warps": 4,
      "decode_num_stages": 3,
      "merge_num_stages": 3,
      "pdl_mode": "auto",
      "decode_maxnreg": null,
      "merge_maxnreg": null
    },
    "candidate": {
      "num_topk_chunks": 16,
      "decode_num_warps": 4,
      "merge_num_warps": 4,
      "decode_num_stages": 5,
      "merge_num_stages": 3,
      "pdl_mode": "auto",
      "decode_maxnreg": null,
      "merge_maxnreg": null
    },
    "changed_field": "decode_num_stages",
    "selection_rule": "C mapping and launch configuration were specified before this FP8 AB/BA run; not reselected from event samples",
    "strict_10_percent_policy": "reported after validation only; it does not select or retune a configuration"
  },
  "fairness_contract": {
    "same_problem_object_per_context": true,
    "same_problem_buffers_per_context": true,
    "same_scale_tensor_objects_per_context": true,
    "caller_owned_independent_outputs": true,
    "persistent_workspace_outside_timing": true,
    "same_selected_chunks_per_context": true,
    "full_prepared_decode_and_merge_per_timed_call": true,
    "oracle": "independent harness.reference dense FP32 selected-page causal attention",
    "tolerance": {
      "rtol": 0.03,
      "atol": 0.03
    },
    "single_complete_dispatch_per_cuda_event": true,
    "AB_BA_interleaved": true,
    "raw_event_samples_recorded": true
  },
  "results": [
    {
      "storage": "fp8-scalar",
      "batch": 1,
      "base_seed": 20260829,
      "seed": 20260830,
      "status": "pass",
      "problem": {
        "q_shape": [
          1,
          64,
          128
        ],
        "kv_cache_shape": [
          32,
          4,
          128,
          256
        ],
        "kv_cache_dtype": "torch.float8_e4m3fn",
        "max_seq_len": 4096,
        "decode_query_len": 1,
        "num_kv_heads": 4
      },
      "scale": {
        "storage_mode": "fp8-scalar",
        "abi_mode": "scalar",
        "kv_scale_mode": 1,
        "dequantization": "FP8 cache value multiplied by its scalar K or V scale",
        "k_scale": {
          "dtype": "torch.float32",
          "shape": [],
          "stride": [],
          "numel": 1,
          "contiguous": true,
          "device": "cuda:0",
          "data_ptr": 130513536811008,
          "value": 0.25
        },
        "v_scale": {
          "dtype": "torch.float32",
          "shape": [],
          "stride": [],
          "numel": 1,
          "contiguous": true,
          "device": "cuda:0",
          "data_ptr": 130513536811520,
          "value": 0.5
        }
      },
      "selected_num_topk_chunks": 16,
      "dispatch": {
        "boundary": "complete prepared dispatch: decode plus required merge",
        "decode_executed": true,
        "merge_required": true,
        "merge_executed": true,
        "merge_bypassed": false,
        "kernels_per_timed_runner_call": 2
      },
      "shared_inputs": {
        "same_problem_object": true,
        "same_scale_tensor_objects": true,
        "same_problem_buffers": true,
        "shared_input_data_ptrs": {
          "q": 130513536827392,
          "kv_cache": 130513067048960,
          "block_table": 130513536812544,
          "topk_idx": 130513536813056,
          "seq_lens": 130513536812032,
          "k_scale": 130513536811008,
          "v_scale": 130513536811520
        }
      },
      "outputs": {
        "caller_owned_independent": true,
        "control_data_ptr": 130513538252800,
        "candidate_data_ptr": 130513538269184,
        "shape": [
          1,
          64,
          128
        ],
        "dtype": "torch.bfloat16"
      },
      "control": {
        "config": {
          "num_topk_chunks": 16,
          "decode_num_warps": 4,
          "merge_num_warps": 4,
          "decode_num_stages": 3,
          "merge_num_stages": 3,
          "pdl_mode": "auto",
          "decode_maxnreg": null,
          "merge_maxnreg": null
        },
        "metadata": {
          "num_topk_chunks": 16,
          "merge_bypassed": false,
          "caller_output_bytes": 16384,
          "unique_workspace_bytes": 266240,
          "pdl_mode_requested": "auto",
          "pdl_effective": true,
          "decode_num_warps": 4,
          "merge_num_warps": 4,
          "decode_num_stages": 3,
          "merge_num_stages": 3,
          "decode_maxnreg": null,
          "merge_maxnreg": null
        },
        "correctness": {
          "finite": true,
          "max_abs": 6.103515625e-05,
          "mean_abs": 3.6454216569836717e-06
        }
      },
      "candidate": {
        "config": {
          "num_topk_chunks": 16,
          "decode_num_warps": 4,
          "merge_num_warps": 4,
          "decode_num_stages": 5,
          "merge_num_stages": 3,
          "pdl_mode": "auto",
          "decode_maxnreg": null,
          "merge_maxnreg": null
        },
        "metadata": {
          "num_topk_chunks": 16,
          "merge_bypassed": false,
          "caller_output_bytes": 16384,
          "unique_workspace_bytes": 266240,
          "pdl_mode_requested": "auto",
          "pdl_effective": true,
          "decode_num_warps": 4,
          "merge_num_warps": 4,
          "decode_num_stages": 5,
          "merge_num_stages": 3,
          "decode_maxnreg": null,
          "merge_maxnreg": null
        },
        "correctness": {
          "finite": true,
          "max_abs": 6.103515625e-05,
          "mean_abs": 3.6454216569836717e-06
        }
      },
      "timing": {
        "protocol": "warmup_each_then_101_ABBA_pairs_one_complete_prepared_dispatch_per_cuda_event_pair_one_stream",
        "warmup_each": 30,
        "abba_pairs": 101,
        "samples_per_runner": 202,
        "AB_BA_interleaved": true,
        "raw_samples_us": {
          "prepared_stage3_control": {
            "AB": [
              49.31199923157692,
              37.856001406908035,
              39.20000046491623,
              45.951999723911285,
              37.376001477241516,
              38.27200084924698,
              37.79200091958046,
              37.53599897027016,
              36.54399886727333,
              38.52799907326698,
              37.31200098991394,
              37.59999945759773,
              35.90400144457817,
              37.34400123357773,
              37.21600025892258,
              37.28000074625015,
              37.59999945759773,
              36.448001861572266,
              36.19199991226196,
              41.50399938225746,
              47.231998294591904,
              37.11999952793121,
              37.18400001525879,
              37.21600025892258,
              37.28000074625015,
              36.896001547575,
              37.248000502586365,
              37.05599904060364,
              37.21600025892258,
              36.51199862360954,
              37.02399879693985,
              37.66399994492531,
              38.336001336574554,
              36.73600032925606,
              36.768000572919846,
              36.70400008559227,
              36.73600032925606,
              36.448001861572266,
              36.70400008559227,
              37.50399872660637,
              36.928001791238785,
              36.479998379945755,
              36.479998379945755,
              36.41600161790848,
              36.479998379945755,
              38.52799907326698,
              47.45600000023842,
              45.27999833226204,
              37.696000188589096,
              46.39999940991402,
              37.02399879693985,
              36.479998379945755,
              37.82400116324425,
              36.768000572919846,
              36.67199984192848,
              36.70400008559227,
              37.18400001525879,
              37.18400001525879,
              36.99199855327606,
              37.31200098991394,
              37.02399879693985,
              37.28000074625015,
              37.66399994492531,
              36.67199984192848,
              37.151999771595,
              35.93600168824196,
              38.11199963092804,
              37.76000067591667,
              37.43999823927879,
              36.928001791238785,
              36.57599911093712,
              36.320000886917114,
              36.51199862360954,
              37.567999213933945,
              36.57599911093712,
              38.047999143600464,
              37.59999945759773,
              37.408001720905304,
              37.728000432252884,
              37.248000502586365,
              37.59999945759773,
              37.05599904060364,
              36.70400008559227,
              36.320000886917114,
              37.11999952793121,
              36.928001791238785,
              37.66399994492531,
              36.479998379945755,
              36.67199984192848,
              36.320000886917114,
              36.67199984192848,
              36.22400015592575,
              36.80000081658363,
              36.639999598264694,
              36.67199984192848,
              37.50399872660637,
              38.495998829603195,
              36.768000572919846,
              37.50399872660637,
              36.607999354600906,
              36.41600161790848
            ],
            "BA": [
              39.84000161290169,
              37.376001477241516,
              39.20000046491623,
              35.87200120091438,
              37.856001406908035,
              37.82400116324425,
              43.168000876903534,
              37.05599904060364,
              45.343998819589615,
              37.856001406908035,
              37.248000502586365,
              36.41600161790848,
              39.0079990029335,
              37.21600025892258,
              45.08800059556961,
              37.376001477241516,
              36.0959991812706,
              37.31200098991394,
              119.77600306272507,
              37.9519984126091,
              37.59999945759773,
              37.087999284267426,
              37.88800165057182,
              44.51199993491173,
              36.99199855327606,
              46.08000069856644,
              37.728000432252884,
              37.05599904060364,
              36.639999598264694,
              37.66399994492531,
              37.66399994492531,
              37.31200098991394,
              36.22400015592575,
              37.47199848294258,
              36.448001861572266,
              36.54399886727333,
              36.73600032925606,
              36.0959991812706,
              37.376001477241516,
              36.479998379945755,
              36.607999354600906,
              35.999998450279236,
              35.93600168824196,
              36.67199984192848,
              37.728000432252884,
              38.14399987459183,
              37.376001477241516,
              36.639999598264694,
              36.639999598264694,
              37.63199970126152,
              37.087999284267426,
              37.66399994492531,
              42.847998440265656,
              37.34400123357773,
              44.224001467227936,
              36.06399893760681,
              37.82400116324425,
              36.639999598264694,
              42.65600070357323,
              36.41600161790848,
              63.58399987220764,
              36.768000572919846,
              36.38400137424469,
              37.02399879693985,
              36.41600161790848,
              36.3520011305809,
              37.34400123357773,
              36.479998379945755,
              38.52799907326698,
              37.63199970126152,
              36.639999598264694,
              36.73600032925606,
              37.408001720905304,
              37.76000067591667,
              36.54399886727333,
              42.4639992415905,
              37.376001477241516,
              45.31199857592583,
              37.151999771595,
              36.896001547575,
              35.999998450279236,
              43.20000112056732,
              36.320000886917114,
              45.24800181388855,
              36.448001861572266,
              37.66399994492531,
              36.3520011305809,
              36.73600032925606,
              36.288000643253326,
              36.768000572919846,
              37.53599897027016,
              37.82400116324425,
              36.19199991226196,
              36.70400008559227,
              36.41600161790848,
              36.86400130391121,
              37.18400001525879,
              37.76000067591667,
              36.73600032925606,
              36.25600039958954,
              36.22400015592575
            ]
          },
          "prepared_stage5_candidate": {
            "AB": [
              41.760001331567764,
              45.632001012563705,
              38.62399980425835,
              38.88000175356865,
              38.975998759269714,
              37.88800165057182,
              37.91999816894531,
              36.25600039958954,
              37.21600025892258,
              37.05599904060364,
              38.30400109291077,
              38.11199963092804,
              38.07999938726425,
              37.248000502586365,
              37.63199970126152,
              38.047999143600464,
              37.53599897027016,
              36.031998693943024,
              36.928001791238785,
              40.95999896526337,
              38.656000047922134,
              37.248000502586365,
              37.59999945759773,
              36.67199984192848,
              36.51199862360954,
              36.19199991226196,
              36.928001791238785,
              36.54399886727333,
              37.567999213933945,
              36.959998309612274,
              36.896001547575,
              36.928001791238785,
              38.36800158023834,
              36.83200106024742,
              37.376001477241516,
              36.639999598264694,
              37.728000432252884,
              37.11999952793121,
              37.728000432252884,
              37.43999823927879,
              37.02399879693985,
              41.85599833726883,
              36.12799942493439,
              35.711999982595444,
              36.768000572919846,
              39.423998445272446,
              59.647999703884125,
              37.82400116324425,
              38.14399987459183,
              39.135999977588654,
              37.696000188589096,
              36.22400015592575,
              37.31200098991394,
              37.53599897027016,
              37.47199848294258,
              37.087999284267426,
              37.91999816894531,
              36.928001791238785,
              37.376001477241516,
              37.43999823927879,
              37.728000432252884,
              38.336001336574554,
              37.47199848294258,
              36.768000572919846,
              38.30400109291077,
              36.41600161790848,
              37.11999952793121,
              37.91999816894531,
              37.53599897027016,
              37.28000074625015,
              44.76799815893173,
              35.999998450279236,
              60.83200126886368,
              37.50399872660637,
              37.248000502586365,
              37.47199848294258,
              38.7520007789135,
              36.99199855327606,
              36.928001791238785,
              36.57599911093712,
              36.448001861572266,
              36.67199984192848,
              36.607999354600906,
              36.320000886917114,
              38.14399987459183,
              37.9519984126091,
              37.50399872660637,
              35.96799820661545,
              36.639999598264694,
              36.80000081658363,
              36.86400130391121,
              36.288000643253326,
              35.711999982595444,
              37.02399879693985,
              36.83200106024742,
              36.57599911093712,
              38.84800150990486,
              37.91999816894531,
              36.70400008559227,
              41.24800115823746,
              37.43999823927879
            ],
            "BA": [
              42.87999868392944,
              37.82400116324425,
              39.93599861860275,
              37.248000502586365,
              37.696000188589096,
              37.18400001525879,
              43.42399910092354,
              36.448001861572266,
              37.567999213933945,
              37.82400116324425,
              36.607999354600906,
              37.21600025892258,
              37.59999945759773,
              36.607999354600906,
              39.5519994199276,
              36.928001791238785,
              37.18400001525879,
              37.11999952793121,
              43.007999658584595,
              38.36800158023834,
              38.72000053524971,
              37.408001720905304,
              38.24000060558319,
              36.768000572919846,
              36.73600032925606,
              37.34400123357773,
              37.21600025892258,
              36.12799942493439,
              36.768000572919846,
              42.81599819660187,
              37.408001720905304,
              37.11999952793121,
              36.83200106024742,
              37.59999945759773,
              36.959998309612274,
              41.919998824596405,
              37.47199848294258,
              44.704001396894455,
              37.02399879693985,
              37.91999816894531,
              37.34400123357773,
              36.896001547575,
              36.38400137424469,
              44.28799822926521,
              36.67199984192848,
              38.336001336574554,
              39.903998374938965,
              37.50399872660637,
              36.83200106024742,
              39.103999733924866,
              37.696000188589096,
              37.28000074625015,
              37.11999952793121,
              36.06399893760681,
              37.66399994492531,
              36.83200106024742,
              37.47199848294258,
              36.320000886917114,
              36.19199991226196,
              36.54399886727333,
              36.80000081658363,
              37.28000074625015,
              36.06399893760681,
              36.83200106024742,
              38.68800029158592,
              37.02399879693985,
              52.000001072883606,
              37.11999952793121,
              37.31200098991394,
              37.47199848294258,
              37.856001406908035,
              36.41600161790848,
              37.856001406908035,
              36.80000081658363,
              37.11999952793121,
              56.223999708890915,
              37.728000432252884,
              36.448001861572266,
              37.087999284267426,
              37.087999284267426,
              37.18400001525879,
              37.53599897027016,
              36.320000886917114,
              36.031998693943024,
              37.31200098991394,
              36.99199855327606,
              37.34400123357773,
              42.27200150489807,
              36.83200106024742,
              44.224001467227936,
              36.607999354600906,
              37.05599904060364,
              37.11999952793121,
              43.327998369932175,
              37.151999771595,
              44.096000492572784,
              37.76000067591667,
              36.73600032925606,
              36.38400137424469,
              36.51199862360954,
              37.376001477241516
            ]
          }
        },
        "prepared_stage3_control": {
          "all": {
            "p10_us": 36.3520011305809,
            "median_us": 37.18400001525879,
            "p90_us": 41.50399938225746
          },
          "when_launch_order_is_AB": {
            "p10_us": 36.448001861572266,
            "median_us": 37.151999771595,
            "p90_us": 38.495998829603195
          },
          "when_launch_order_is_BA": {
            "p10_us": 36.25600039958954,
            "median_us": 37.21600025892258,
            "p90_us": 43.168000876903534
          }
        },
        "prepared_stage5_candidate": {
          "all": {
            "p10_us": 36.41600161790848,
            "median_us": 37.29600086808205,
            "p90_us": 40.95999896526337
          },
          "when_launch_order_is_AB": {
            "p10_us": 36.320000886917114,
            "median_us": 37.376001477241516,
            "p90_us": 38.975998759269714
          },
          "when_launch_order_is_BA": {
            "p10_us": 36.448001861572266,
            "median_us": 37.248000502586365,
            "p90_us": 42.81599819660187
          }
        }
      },
      "control_median_us": 37.18400001525879,
      "candidate_median_us": 37.29600086808205,
      "speedup_stage5_vs_stage3": 0.9969969742005473,
      "strict_10_percent_target_met": false
    }
  ],
  "all_contexts_strict_10_percent": false
}
