{
  "schema": "c2-prepared-stage5-fp8-abba-v1",
  "environment": {
    "torch": "2.13.0+cu130",
    "triton": "3.7.1",
    "cuda": "13.0",
    "device": "NVIDIA B300 SXM6 AC",
    "capability": [
      10,
      3
    ]
  },
  "source_sha256": {
    "challenge_v2/prepared_stage_fp8_abba_cli.py": "9daa9d65da8b7e8c4fc6eb630a9bbff5c1aa071016f222cdeb634b244ea03661",
    "challenge_v2/run_prepared_stage5_fp8_abba_clean.sh": "f69fb6c54c0cf61d5981024689d62a4d3af7026c4b403e9df43f81c7d9834f04",
    "challenge_v2/prepared_tuned.py": "2989da46d15a1d2c183c18cd1b9a93831a98a21a236653b56847f6fafb01650b",
    "challenge/prepared_decode.py": "1b3bb68025e31cd25d782417b0ef20c49a193eb42a342e175536e2159bef0e79",
    "harness/data.py": "38faefb89b38e3bc26b135b762a6bbbd813dcc695423982b423a806fe41c11d6",
    "harness/reference.py": "712c1632367700137392d2c43bd5c6962130d945f01f1f585cc6338788ce53cc",
    "harness/triton_baseline.py": "6b0a40463b4f1c05ca53649d6689377b4f755d1efb58b10700dad05705b53f71",
    "vllm_msa_ref/sparse_attn.py": "5db5d5e692044e54bb57418cbb7dcf5c9cc94f789eaccf128eec6fa8df86d967"
  },
  "scope": {
    "boundary": "complete prepared sparse-decode dispatch: decode plus required merge; not pure decode-only and not model/server end-to-end",
    "cross_mode_comparison": "prohibited: each FP8 mode is evaluated only against its same-mode stage-3 control"
  },
  "frozen_configuration": {
    "storage": "fp8-token",
    "batch": 8,
    "base_seed": 20260828,
    "selected_num_topk_chunks": 16,
    "selected_chunks_by_storage_and_batch": {
      "fp8-scalar": {
        "1": 16,
        "4": 4,
        "8": 8,
        "16": 4
      },
      "fp8-token": {
        "1": 4,
        "4": 16,
        "8": 16,
        "16": 4
      }
    },
    "control": {
      "num_topk_chunks": 16,
      "decode_num_warps": 4,
      "merge_num_warps": 4,
      "decode_num_stages": 3,
      "merge_num_stages": 3,
      "pdl_mode": "auto",
      "decode_maxnreg": null,
      "merge_maxnreg": null
    },
    "candidate": {
      "num_topk_chunks": 16,
      "decode_num_warps": 4,
      "merge_num_warps": 4,
      "decode_num_stages": 5,
      "merge_num_stages": 3,
      "pdl_mode": "auto",
      "decode_maxnreg": null,
      "merge_maxnreg": null
    },
    "changed_field": "decode_num_stages",
    "selection_rule": "C mapping and launch configuration were specified before this FP8 AB/BA run; not reselected from event samples",
    "strict_10_percent_policy": "reported after validation only; it does not select or retune a configuration"
  },
  "fairness_contract": {
    "same_problem_object_per_context": true,
    "same_problem_buffers_per_context": true,
    "same_scale_tensor_objects_per_context": true,
    "caller_owned_independent_outputs": true,
    "persistent_workspace_outside_timing": true,
    "same_selected_chunks_per_context": true,
    "full_prepared_decode_and_merge_per_timed_call": true,
    "oracle": "independent harness.reference dense FP32 selected-page causal attention",
    "tolerance": {
      "rtol": 0.03,
      "atol": 0.03
    },
    "single_complete_dispatch_per_cuda_event": true,
    "AB_BA_interleaved": true,
    "raw_event_samples_recorded": true
  },
  "results": [
    {
      "storage": "fp8-token",
      "batch": 8,
      "base_seed": 20260828,
      "seed": 20260836,
      "status": "pass",
      "problem": {
        "q_shape": [
          8,
          64,
          128
        ],
        "kv_cache_shape": [
          256,
          4,
          128,
          256
        ],
        "kv_cache_dtype": "torch.float8_e4m3fn",
        "max_seq_len": 4096,
        "decode_query_len": 1,
        "num_kv_heads": 4
      },
      "scale": {
        "storage_mode": "fp8-token",
        "abi_mode": "per_token_head",
        "kv_scale_mode": 2,
        "dequantization": "FP8 cache value multiplied by scale[kv_head, physical_page*128 + token]",
        "k_scale": {
          "dtype": "torch.float32",
          "shape": [
            4,
            32768
          ],
          "stride": [
            32768,
            1
          ],
          "numel": 131072,
          "contiguous": true,
          "device": "cuda:0",
          "data_ptr": 131168922238976
        },
        "v_scale": {
          "dtype": "torch.float32",
          "shape": [
            4,
            32768
          ],
          "stride": [
            32768,
            1
          ],
          "numel": 131072,
          "contiguous": true,
          "device": "cuda:0",
          "data_ptr": 131168922763264
        }
      },
      "selected_num_topk_chunks": 16,
      "dispatch": {
        "boundary": "complete prepared dispatch: decode plus required merge",
        "decode_executed": true,
        "merge_required": true,
        "merge_executed": true,
        "merge_bypassed": false,
        "kernels_per_timed_runner_call": 2
      },
      "shared_inputs": {
        "same_problem_object": true,
        "same_scale_tensor_objects": true,
        "same_problem_buffers": true,
        "shared_input_data_ptrs": {
          "q": 131168922107904,
          "kv_cache": 131168435437568,
          "block_table": 131168921978880,
          "topk_idx": 131168921979904,
          "seq_lens": 131168921976832,
          "k_scale": 131168922238976,
          "v_scale": 131168922763264
        }
      },
      "outputs": {
        "caller_owned_independent": true,
        "control_data_ptr": 131168923942912,
        "candidate_data_ptr": 131168923287552,
        "shape": [
          8,
          64,
          128
        ],
        "dtype": "torch.bfloat16"
      },
      "control": {
        "config": {
          "num_topk_chunks": 16,
          "decode_num_warps": 4,
          "merge_num_warps": 4,
          "decode_num_stages": 3,
          "merge_num_stages": 3,
          "pdl_mode": "auto",
          "decode_maxnreg": null,
          "merge_maxnreg": null
        },
        "metadata": {
          "num_topk_chunks": 16,
          "merge_bypassed": false,
          "caller_output_bytes": 131072,
          "unique_workspace_bytes": 2129920,
          "pdl_mode_requested": "auto",
          "pdl_effective": true,
          "decode_num_warps": 4,
          "merge_num_warps": 4,
          "decode_num_stages": 3,
          "merge_num_stages": 3,
          "decode_maxnreg": null,
          "merge_maxnreg": null
        },
        "correctness": {
          "finite": true,
          "max_abs": 3.0517578125e-05,
          "mean_abs": 4.666112545237411e-06
        }
      },
      "candidate": {
        "config": {
          "num_topk_chunks": 16,
          "decode_num_warps": 4,
          "merge_num_warps": 4,
          "decode_num_stages": 5,
          "merge_num_stages": 3,
          "pdl_mode": "auto",
          "decode_maxnreg": null,
          "merge_maxnreg": null
        },
        "metadata": {
          "num_topk_chunks": 16,
          "merge_bypassed": false,
          "caller_output_bytes": 131072,
          "unique_workspace_bytes": 2129920,
          "pdl_mode_requested": "auto",
          "pdl_effective": true,
          "decode_num_warps": 4,
          "merge_num_warps": 4,
          "decode_num_stages": 5,
          "merge_num_stages": 3,
          "decode_maxnreg": null,
          "merge_maxnreg": null
        },
        "correctness": {
          "finite": true,
          "max_abs": 3.0517578125e-05,
          "mean_abs": 4.666112545237411e-06
        }
      },
      "timing": {
        "protocol": "warmup_each_then_101_ABBA_pairs_one_complete_prepared_dispatch_per_cuda_event_pair_one_stream",
        "warmup_each": 30,
        "abba_pairs": 101,
        "samples_per_runner": 202,
        "AB_BA_interleaved": true,
        "raw_samples_us": {
          "prepared_stage3_control": {
            "AB": [
              51.29599943757057,
              41.50399938225746,
              40.28800129890442,
              39.423998445272446,
              39.32800143957138,
              41.50399938225746,
              39.99999910593033,
              40.192000567913055,
              39.96799886226654,
              38.495998829603195,
              38.91199827194214,
              38.72000053524971,
              38.7520007789135,
              43.07200014591217,
              39.103999733924866,
              39.103999733924866,
              37.696000188589096,
              43.2640016078949,
              45.66400125622749,
              42.688000947237015,
              39.51999917626381,
              38.816001266241074,
              38.91199827194214,
              39.0079990029335,
              37.63199970126152,
              38.816001266241074,
              38.84800150990486,
              38.72000053524971,
              39.583999663591385,
              40.991999208927155,
              43.487999588251114,
              39.99999910593033,
              39.45599868893623,
              38.7520007789135,
              37.696000188589096,
              46.560000628232956,
              45.85599899291992,
              40.192000567913055,
              38.55999931693077,
              40.28800129890442,
              38.784001022577286,
              43.42399910092354,
              43.96799951791763,
              40.383998304605484,
              39.16800022125244,
              39.61599990725517,
              39.77600112557411,
              38.84800150990486,
              39.39199820160866,
              38.7520007789135,
              38.7520007789135,
              38.7520007789135,
              39.07199949026108,
              40.57599976658821,
              39.872001856565475,
              36.73600032925606,
              40.352001786231995,
              37.728000432252884,
              38.784001022577286,
              39.77600112557411,
              38.68800029158592,
              39.29600119590759,
              39.20000046491623,
              38.43199834227562,
              39.8080013692379,
              39.264000952243805,
              38.656000047922134,
              40.70400074124336,
              40.192000567913055,
              40.41599854826927,
              40.12800008058548,
              38.7520007789135,
              39.03999924659729,
              39.32800143957138,
              39.903998374938965,
              40.32000154256821,
              39.51999917626381,
              38.656000047922134,
              39.135999977588654,
              40.25600105524063,
              38.656000047922134,
              39.903998374938965,
              38.72000053524971,
              40.063999593257904,
              38.7520007789135,
              38.656000047922134,
              39.93599861860275,
              36.67199984192848,
              40.063999593257904,
              39.39199820160866,
              38.94399851560593,
              40.44799879193306,
              39.23200070858002,
              40.192000567913055,
              43.136000633239746,
              43.327998369932175,
              39.872001856565475,
              37.728000432252884,
              38.7520007789135,
              38.7520007789135,
              44.95999962091446
            ],
            "BA": [
              46.62400111556053,
              41.439998894929886,
              38.7520007789135,
              37.59999945759773,
              38.656000047922134,
              38.784001022577286,
              39.77600112557411,
              37.728000432252884,
              37.728000432252884,
              38.68800029158592,
              38.7520007789135,
              36.70400008559227,
              37.567999213933945,
              37.728000432252884,
              37.856001406908035,
              38.68800029158592,
              37.728000432252884,
              37.82400116324425,
              136.06399297714233,
              38.30400109291077,
              38.656000047922134,
              38.047999143600464,
              36.86400130391121,
              38.656000047922134,
              37.91999816894531,
              37.856001406908035,
              36.639999598264694,
              38.88000175356865,
              35.679999738931656,
              39.77600112557411,
              37.63199970126152,
              38.68800029158592,
              36.70400008559227,
              39.77600112557411,
              36.73600032925606,
              38.07999938726425,
              37.76000067591667,
              37.82400116324425,
              37.76000067591667,
              36.928001791238785,
              36.67199984192848,
              37.63199970126152,
              38.7520007789135,
              38.7520007789135,
              37.696000188589096,
              38.7520007789135,
              42.080000042915344,
              44.83199864625931,
              38.656000047922134,
              37.696000188589096,
              34.623999148607254,
              37.76000067591667,
              43.87199878692627,
              46.20800167322159,
              38.7520007789135,
              37.82400116324425,
              36.67199984192848,
              36.70400008559227,
              40.16000032424927,
              38.84800150990486,
              36.479998379945755,
              39.84000161290169,
              37.82400116324425,
              36.639999598264694,
              38.975998759269714,
              38.91199827194214,
              37.34400123357773,
              37.79200091958046,
              37.728000432252884,
              38.656000047922134,
              38.7520007789135,
              37.82400116324425,
              36.86400130391121,
              35.840000957250595,
              37.59999945759773,
              38.7520007789135,
              37.79200091958046,
              37.728000432252884,
              37.50399872660637,
              38.7520007789135,
              37.79200091958046,
              35.61599925160408,
              35.87200120091438,
              39.77600112557411,
              35.64799949526787,
              37.76000067591667,
              36.67199984192848,
              36.70400008559227,
              36.70400008559227,
              37.79200091958046,
              37.59999945759773,
              37.696000188589096,
              36.57599911093712,
              38.7520007789135,
              37.91999816894531,
              37.91999816894531,
              39.77600112557411,
              36.67199984192848,
              38.7520007789135,
              36.67199984192848,
              37.50399872660637
            ]
          },
          "prepared_stage5_candidate": {
            "AB": [
              43.96799951791763,
              43.55200007557869,
              43.136000633239746,
              41.760001331567764,
              47.488000243902206,
              40.800001472234726,
              43.2640016078949,
              47.040000557899475,
              41.120000183582306,
              40.991999208927155,
              40.44799879193306,
              41.120000183582306,
              42.14400053024292,
              41.37599840760231,
              41.152000427246094,
              40.89599847793579,
              40.832001715898514,
              40.89599847793579,
              41.98399931192398,
              43.42399910092354,
              41.439998894929886,
              42.080000042915344,
              40.89599847793579,
              46.84799909591675,
              47.42399975657463,
              41.439998894929886,
              40.192000567913055,
              40.991999208927155,
              40.89599847793579,
              40.76800122857094,
              41.50399938225746,
              39.64800015091896,
              41.280001401901245,
              38.52799907326698,
              40.47999903559685,
              40.991999208927155,
              41.6640006005764,
              40.800001472234726,
              40.991999208927155,
              39.77600112557411,
              40.92799872159958,
              40.800001472234726,
              40.73600098490715,
              41.919998824596405,
              40.95999896526337,
              40.352001786231995,
              41.98399931192398,
              42.55999997258186,
              42.4639992415905,
              39.77600112557411,
              39.77600112557411,
              42.01599955558777,
              41.05599969625473,
              40.800001472234726,
              41.05599969625473,
              40.383998304605484,
              39.744000881910324,
              40.672000497579575,
              40.89599847793579,
              39.77600112557411,
              40.73600098490715,
              40.383998304605484,
              41.05599969625473,
              41.280001401901245,
              39.77600112557411,
              41.280001401901245,
              41.34399816393852,
              41.85599833726883,
              39.77600112557411,
              39.77600112557411,
              39.872001856565475,
              40.800001472234726,
              40.352001786231995,
              41.280001401901245,
              38.91199827194214,
              39.77600112557411,
              46.33599892258644,
              47.71199822425842,
              40.22400081157684,
              39.77600112557411,
              40.800001472234726,
              40.800001472234726,
              46.65600135922432,
              50.81599950790405,
              39.8080013692379,
              40.73600098490715,
              40.95999896526337,
              40.28800129890442,
              41.37599840760231,
              40.92799872159958,
              41.4079986512661,
              40.800001472234726,
              40.47999903559685,
              41.82400181889534,
              42.11200028657913,
              42.527999728918076,
              40.800001472234726,
              40.863998234272,
              38.784001022577286,
              40.800001472234726,
              40.73600098490715
            ],
            "BA": [
              41.50399938225746,
              46.23999819159508,
              41.69600084424019,
              40.863998234272,
              40.89599847793579,
              39.77600112557411,
              41.98399931192398,
              40.608000010252,
              39.77600112557411,
              39.77600112557411,
              39.77600112557411,
              40.76800122857094,
              39.61599990725517,
              38.975998759269714,
              42.847998440265656,
              39.77600112557411,
              39.77600112557411,
              37.567999213933945,
              39.68000039458275,
              41.728001087903976,
              40.863998234272,
              38.7520007789135,
              38.656000047922134,
              41.98399931192398,
              40.64000025391579,
              39.77600112557411,
              39.744000881910324,
              39.77600112557411,
              40.89599847793579,
              38.7520007789135,
              38.7520007789135,
              38.784001022577286,
              40.800001472234726,
              38.62399980425835,
              40.800001472234726,
              39.744000881910324,
              39.77600112557411,
              39.64800015091896,
              39.744000881910324,
              38.656000047922134,
              38.784001022577286,
              36.639999598264694,
              40.800001472234726,
              40.800001472234726,
              39.744000881910324,
              39.77600112557411,
              39.61599990725517,
              39.77600112557411,
              37.728000432252884,
              38.784001022577286,
              41.34399816393852,
              36.67199984192848,
              39.77600112557411,
              38.72000053524971,
              39.77600112557411,
              40.800001472234726,
              40.832001715898514,
              38.7520007789135,
              40.57599976658821,
              38.94399851560593,
              40.76800122857094,
              40.70400074124336,
              39.68000039458275,
              39.93599861860275,
              41.6640006005764,
              43.87199878692627,
              39.99999910593033,
              39.583999663591385,
              39.77600112557411,
              38.68800029158592,
              46.14400118589401,
              43.83999854326248,
              39.77600112557411,
              40.800001472234726,
              38.656000047922134,
              60.256000608205795,
              37.728000432252884,
              38.656000047922134,
              39.77600112557411,
              38.68800029158592,
              37.728000432252884,
              38.59199956059456,
              38.7520007789135,
              39.77600112557411,
              39.712000638246536,
              39.77600112557411,
              38.59199956059456,
              38.68800029158592,
              38.7520007789135,
              39.77600112557411,
              39.77600112557411,
              36.73600032925606,
              39.77600112557411,
              38.59199956059456,
              39.77600112557411,
              37.728000432252884,
              37.53599897027016,
              40.800001472234726,
              38.72000053524971,
              38.656000047922134,
              39.5519994199276
            ]
          }
        },
        "prepared_stage3_control": {
          "all": {
            "p10_us": 36.70400008559227,
            "median_us": 38.7520007789135,
            "p90_us": 41.50399938225746
          },
          "when_launch_order_is_AB": {
            "p10_us": 38.656000047922134,
            "median_us": 39.39199820160866,
            "p90_us": 43.136000633239746
          },
          "when_launch_order_is_BA": {
            "p10_us": 36.67199984192848,
            "median_us": 37.82400116324425,
            "p90_us": 39.77600112557411
          }
        },
        "prepared_stage5_candidate": {
          "all": {
            "p10_us": 38.68800029158592,
            "median_us": 40.720000863075256,
            "p90_us": 42.527999728918076
          },
          "when_launch_order_is_AB": {
            "p10_us": 39.77600112557411,
            "median_us": 40.92799872159958,
            "p90_us": 43.42399910092354
          },
          "when_launch_order_is_BA": {
            "p10_us": 38.59199956059456,
            "median_us": 39.77600112557411,
            "p90_us": 41.6640006005764
          }
        }
      },
      "control_median_us": 38.7520007789135,
      "candidate_median_us": 40.720000863075256,
      "speedup_stage5_vs_stage3": 0.9516699400184362,
      "strict_10_percent_target_met": false
    }
  ],
  "all_contexts_strict_10_percent": false
}
