{
  "schema": "c2-prepared-stage5-fp8-abba-v1",
  "environment": {
    "torch": "2.13.0+cu130",
    "triton": "3.7.1",
    "cuda": "13.0",
    "device": "NVIDIA B300 SXM6 AC",
    "capability": [
      10,
      3
    ]
  },
  "source_sha256": {
    "challenge_v2/prepared_stage_fp8_abba_cli.py": "9daa9d65da8b7e8c4fc6eb630a9bbff5c1aa071016f222cdeb634b244ea03661",
    "challenge_v2/run_prepared_stage5_fp8_abba_clean.sh": "f69fb6c54c0cf61d5981024689d62a4d3af7026c4b403e9df43f81c7d9834f04",
    "challenge_v2/prepared_tuned.py": "2989da46d15a1d2c183c18cd1b9a93831a98a21a236653b56847f6fafb01650b",
    "challenge/prepared_decode.py": "1b3bb68025e31cd25d782417b0ef20c49a193eb42a342e175536e2159bef0e79",
    "harness/data.py": "38faefb89b38e3bc26b135b762a6bbbd813dcc695423982b423a806fe41c11d6",
    "harness/reference.py": "712c1632367700137392d2c43bd5c6962130d945f01f1f585cc6338788ce53cc",
    "harness/triton_baseline.py": "6b0a40463b4f1c05ca53649d6689377b4f755d1efb58b10700dad05705b53f71",
    "vllm_msa_ref/sparse_attn.py": "5db5d5e692044e54bb57418cbb7dcf5c9cc94f789eaccf128eec6fa8df86d967"
  },
  "scope": {
    "boundary": "complete prepared sparse-decode dispatch: decode plus required merge; not pure decode-only and not model/server end-to-end",
    "cross_mode_comparison": "prohibited: each FP8 mode is evaluated only against its same-mode stage-3 control"
  },
  "frozen_configuration": {
    "storage": "fp8-token",
    "batch": 16,
    "base_seed": 20260829,
    "selected_num_topk_chunks": 4,
    "selected_chunks_by_storage_and_batch": {
      "fp8-scalar": {
        "1": 16,
        "4": 4,
        "8": 8,
        "16": 4
      },
      "fp8-token": {
        "1": 4,
        "4": 16,
        "8": 16,
        "16": 4
      }
    },
    "control": {
      "num_topk_chunks": 4,
      "decode_num_warps": 4,
      "merge_num_warps": 4,
      "decode_num_stages": 3,
      "merge_num_stages": 3,
      "pdl_mode": "auto",
      "decode_maxnreg": null,
      "merge_maxnreg": null
    },
    "candidate": {
      "num_topk_chunks": 4,
      "decode_num_warps": 4,
      "merge_num_warps": 4,
      "decode_num_stages": 5,
      "merge_num_stages": 3,
      "pdl_mode": "auto",
      "decode_maxnreg": null,
      "merge_maxnreg": null
    },
    "changed_field": "decode_num_stages",
    "selection_rule": "C mapping and launch configuration were specified before this FP8 AB/BA run; not reselected from event samples",
    "strict_10_percent_policy": "reported after validation only; it does not select or retune a configuration"
  },
  "fairness_contract": {
    "same_problem_object_per_context": true,
    "same_problem_buffers_per_context": true,
    "same_scale_tensor_objects_per_context": true,
    "caller_owned_independent_outputs": true,
    "persistent_workspace_outside_timing": true,
    "same_selected_chunks_per_context": true,
    "full_prepared_decode_and_merge_per_timed_call": true,
    "oracle": "independent harness.reference dense FP32 selected-page causal attention",
    "tolerance": {
      "rtol": 0.03,
      "atol": 0.03
    },
    "single_complete_dispatch_per_cuda_event": true,
    "AB_BA_interleaved": true,
    "raw_event_samples_recorded": true
  },
  "results": [
    {
      "storage": "fp8-token",
      "batch": 16,
      "base_seed": 20260829,
      "seed": 20260845,
      "status": "pass",
      "problem": {
        "q_shape": [
          16,
          64,
          128
        ],
        "kv_cache_shape": [
          512,
          4,
          128,
          256
        ],
        "kv_cache_dtype": "torch.float8_e4m3fn",
        "max_seq_len": 4096,
        "decode_query_len": 1,
        "num_kv_heads": 4
      },
      "scale": {
        "storage_mode": "fp8-token",
        "abi_mode": "per_token_head",
        "kv_scale_mode": 2,
        "dequantization": "FP8 cache value multiplied by scale[kv_head, physical_page*128 + token]",
        "k_scale": {
          "dtype": "torch.float32",
          "shape": [
            4,
            65536
          ],
          "stride": [
            65536,
            1
          ],
          "numel": 262144,
          "contiguous": true,
          "device": "cuda:0",
          "data_ptr": 139047503134720
        },
        "v_scale": {
          "dtype": "torch.float32",
          "shape": [
            4,
            65536
          ],
          "stride": [
            65536,
            1
          ],
          "numel": 262144,
          "contiguous": true,
          "device": "cuda:0",
          "data_ptr": 139046997196800
        }
      },
      "selected_num_topk_chunks": 4,
      "dispatch": {
        "boundary": "complete prepared dispatch: decode plus required merge",
        "decode_executed": true,
        "merge_required": true,
        "merge_executed": true,
        "merge_bypassed": false,
        "kernels_per_timed_runner_call": 2
      },
      "shared_inputs": {
        "same_problem_object": true,
        "same_scale_tensor_objects": true,
        "same_problem_buffers": true,
        "shared_input_data_ptrs": {
          "q": 139047502872576,
          "kv_cache": 139047016071168,
          "block_table": 139047502614528,
          "topk_idx": 139047502616576,
          "seq_lens": 139047502610432,
          "k_scale": 139047503134720,
          "v_scale": 139046997196800
        }
      },
      "outputs": {
        "caller_owned_independent": true,
        "control_data_ptr": 139046999031808,
        "candidate_data_ptr": 139047504183296,
        "shape": [
          16,
          64,
          128
        ],
        "dtype": "torch.bfloat16"
      },
      "control": {
        "config": {
          "num_topk_chunks": 4,
          "decode_num_warps": 4,
          "merge_num_warps": 4,
          "decode_num_stages": 3,
          "merge_num_stages": 3,
          "pdl_mode": "auto",
          "decode_maxnreg": null,
          "merge_maxnreg": null
        },
        "metadata": {
          "num_topk_chunks": 4,
          "merge_bypassed": false,
          "caller_output_bytes": 262144,
          "unique_workspace_bytes": 1064960,
          "pdl_mode_requested": "auto",
          "pdl_effective": true,
          "decode_num_warps": 4,
          "merge_num_warps": 4,
          "decode_num_stages": 3,
          "merge_num_stages": 3,
          "decode_maxnreg": null,
          "merge_maxnreg": null
        },
        "correctness": {
          "finite": true,
          "max_abs": 6.103515625e-05,
          "mean_abs": 4.660755621443968e-06
        }
      },
      "candidate": {
        "config": {
          "num_topk_chunks": 4,
          "decode_num_warps": 4,
          "merge_num_warps": 4,
          "decode_num_stages": 5,
          "merge_num_stages": 3,
          "pdl_mode": "auto",
          "decode_maxnreg": null,
          "merge_maxnreg": null
        },
        "metadata": {
          "num_topk_chunks": 4,
          "merge_bypassed": false,
          "caller_output_bytes": 262144,
          "unique_workspace_bytes": 1064960,
          "pdl_mode_requested": "auto",
          "pdl_effective": true,
          "decode_num_warps": 4,
          "merge_num_warps": 4,
          "decode_num_stages": 5,
          "merge_num_stages": 3,
          "decode_maxnreg": null,
          "merge_maxnreg": null
        },
        "correctness": {
          "finite": true,
          "max_abs": 6.103515625e-05,
          "mean_abs": 4.660755621443968e-06
        }
      },
      "timing": {
        "protocol": "warmup_each_then_101_ABBA_pairs_one_complete_prepared_dispatch_per_cuda_event_pair_one_stream",
        "warmup_each": 30,
        "abba_pairs": 101,
        "samples_per_runner": 202,
        "AB_BA_interleaved": true,
        "raw_samples_us": {
          "prepared_stage3_control": {
            "AB": [
              52.70399898290634,
              43.83999854326248,
              42.81599819660187,
              41.82400181889534,
              41.728001087903976,
              42.81599819660187,
              38.68800029158592,
              38.72000053524971,
              41.79200157523155,
              38.91199827194214,
              40.64000025391579,
              39.77600112557411,
              40.672000497579575,
              39.77600112557411,
              40.70400074124336,
              40.800001472234726,
              40.800001472234726,
              40.800001472234726,
              38.7520007789135,
              50.175998359918594,
              43.87199878692627,
              40.89599847793579,
              41.79200157523155,
              41.760001331567764,
              47.90399968624115,
              41.82400181889534,
              41.82400181889534,
              38.88000175356865,
              40.832001715898514,
              40.73600098490715,
              45.951999723911285,
              39.712000638246536,
              39.61599990725517,
              40.73600098490715,
              38.495998829603195,
              40.76800122857094,
              39.744000881910324,
              41.760001331567764,
              39.61599990725517,
              41.85599833726883,
              39.61599990725517,
              39.583999663591385,
              40.608000010252,
              38.72000053524971,
              41.53599962592125,
              40.54399952292442,
              43.71200129389763,
              42.527999728918076,
              39.61599990725517,
              39.5519994199276,
              39.61599990725517,
              39.61599990725517,
              39.712000638246536,
              43.74400153756142,
              39.61599990725517,
              40.64000025391579,
              39.61599990725517,
              38.55999931693077,
              40.64000025391579,
              47.74399846792221,
              41.600000113248825,
              39.61599990725517,
              39.583999663591385,
              41.728001087903976,
              38.43199834227562,
              45.88799923658371,
              38.59199956059456,
              38.68800029158592,
              39.583999663591385,
              39.744000881910324,
              42.688000947237015,
              38.40000182390213,
              39.5519994199276,
              41.728001087903976,
              37.567999213933945,
              39.583999663591385,
              39.5519994199276,
              38.55999931693077,
              40.64000025391579,
              38.72000053524971,
              40.608000010252,
              40.54399952292442,
              39.64800015091896,
              39.61599990725517,
              41.63200035691261,
              38.59199956059456,
              38.59199956059456,
              40.54399952292442,
              46.84799909591675,
              40.608000010252,
              40.672000497579575,
              40.47999903559685,
              39.583999663591385,
              41.56799986958504,
              46.62400111556053,
              39.64800015091896,
              39.712000638246536,
              41.56799986958504,
              41.6640006005764,
              38.52799907326698,
              39.583999663591385
            ],
            "BA": [
              44.89599913358688,
              54.11199852824211,
              39.77600112557411,
              38.46399858593941,
              39.77600112557411,
              41.82400181889534,
              39.77600112557411,
              38.62399980425835,
              40.800001472234726,
              38.7520007789135,
              39.61599990725517,
              37.728000432252884,
              39.77600112557411,
              38.72000053524971,
              41.98399931192398,
              38.7520007789135,
              39.64800015091896,
              39.77600112557411,
              130.3360015153885,
              41.82400181889534,
              39.77600112557411,
              38.784001022577286,
              38.84800150990486,
              37.53599897027016,
              38.7520007789135,
              38.7520007789135,
              38.7520007789135,
              38.784001022577286,
              38.656000047922134,
              43.776001781225204,
              38.784001022577286,
              39.744000881910324,
              39.64800015091896,
              40.89599847793579,
              38.59199956059456,
              45.85599899291992,
              39.61599990725517,
              39.68000039458275,
              38.59199956059456,
              38.52799907326698,
              37.567999213933945,
              38.55999931693077,
              38.55999931693077,
              37.82400116324425,
              38.43199834227562,
              40.64000025391579,
              38.59199956059456,
              38.59199956059456,
              39.61599990725517,
              39.583999663591385,
              39.48799893260002,
              39.61599990725517,
              38.52799907326698,
              40.70400074124336,
              37.567999213933945,
              38.59199956059456,
              39.583999663591385,
              37.567999213933945,
              39.64800015091896,
              37.63199970126152,
              38.59199956059456,
              39.61599990725517,
              39.61599990725517,
              39.744000881910324,
              43.5199998319149,
              39.744000881910324,
              38.59199956059456,
              39.64800015091896,
              37.47199848294258,
              38.72000053524971,
              52.06400156021118,
              39.61599990725517,
              37.567999213933945,
              39.744000881910324,
              37.567999213933945,
              42.59200021624565,
              39.583999663591385,
              38.55999931693077,
              39.61599990725517,
              38.55999931693077,
              37.63199970126152,
              39.45599868893623,
              39.61599990725517,
              38.55999931693077,
              41.6640006005764,
              39.61599990725517,
              38.656000047922134,
              37.43999823927879,
              41.63200035691261,
              38.59199956059456,
              37.567999213933945,
              38.55999931693077,
              38.55999931693077,
              43.64800080657005,
              39.51999917626381,
              39.5519994199276,
              40.832001715898514,
              40.800001472234726,
              40.64000025391579,
              48.96000027656555,
              40.608000010252
            ]
          },
          "prepared_stage5_candidate": {
            "AB": [
              49.92000013589859,
              43.87199878692627,
              43.87199878692627,
              42.847998440265656,
              43.776001781225204,
              40.608000010252,
              41.82400181889534,
              45.024000108242035,
              40.863998234272,
              41.63200035691261,
              39.61599990725517,
              39.68000039458275,
              39.744000881910324,
              63.968002796173096,
              42.847998440265656,
              42.65600070357323,
              39.64800015091896,
              38.7520007789135,
              41.82400181889534,
              44.99199986457825,
              43.87199878692627,
              42.75200143456459,
              39.77600112557411,
              43.83999854326248,
              47.359999269247055,
              40.89599847793579,
              41.82400181889534,
              42.55999997258186,
              42.81599819660187,
              40.800001472234726,
              42.81599819660187,
              40.76800122857094,
              40.800001472234726,
              40.76800122857094,
              40.57599976658821,
              41.85599833726883,
              39.45599868893623,
              41.79200157523155,
              39.61599990725517,
              40.41599854826927,
              40.64000025391579,
              41.63200035691261,
              39.583999663591385,
              42.81599819660187,
              39.583999663591385,
              41.6640006005764,
              43.74400153756142,
              48.8319993019104,
              41.6640006005764,
              39.744000881910324,
              39.61599990725517,
              39.61599990725517,
              41.53599962592125,
              48.895999789237976,
              41.728001087903976,
              41.6640006005764,
              41.6640006005764,
              39.61599990725517,
              40.64000025391579,
              42.81599819660187,
              39.61599990725517,
              39.583999663591385,
              40.64000025391579,
              39.68000039458275,
              41.56799986958504,
              39.96799886226654,
              39.61599990725517,
              41.95199906826019,
              39.583999663591385,
              41.728001087903976,
              40.608000010252,
              42.847998440265656,
              38.36800158023834,
              39.64800015091896,
              40.64000025391579,
              40.64000025391579,
              40.511999279260635,
              42.81599819660187,
              41.6640006005764,
              41.50399938225746,
              41.56799986958504,
              40.672000497579575,
              44.83199864625931,
              40.608000010252,
              39.712000638246536,
              40.64000025391579,
              40.64000025391579,
              41.760001331567764,
              46.911999583244324,
              40.64000025391579,
              41.56799986958504,
              42.78400167822838,
              42.62400045990944,
              39.712000638246536,
              40.64000025391579,
              38.94399851560593,
              40.64000025391579,
              43.87199878692627,
              40.608000010252,
              42.847998440265656,
              40.64000025391579
            ],
            "BA": [
              43.87199878692627,
              44.89599913358688,
              41.82400181889534,
              40.92799872159958,
              39.77600112557411,
              38.816001266241074,
              40.832001715898514,
              54.1439987719059,
              40.608000010252,
              39.5519994199276,
              39.77600112557411,
              39.712000638246536,
              40.800001472234726,
              48.287998884916306,
              40.863998234272,
              41.82400181889534,
              39.77600112557411,
              39.77600112557411,
              43.87199878692627,
              42.75200143456459,
              40.800001472234726,
              39.77600112557411,
              39.583999663591385,
              40.89599847793579,
              42.847998440265656,
              40.64000025391579,
              39.8080013692379,
              39.77600112557411,
              39.8080013692379,
              40.800001472234726,
              39.77600112557411,
              39.744000881910324,
              39.45599868893623,
              39.712000638246536,
              42.688000947237015,
              43.776001781225204,
              39.61599990725517,
              40.832001715898514,
              39.39199820160866,
              39.583999663591385,
              38.59199956059456,
              50.84799975156784,
              39.61599990725517,
              39.712000638246536,
              39.583999663591385,
              40.64000025391579,
              43.64800080657005,
              46.78399860858917,
              39.61599990725517,
              39.423998445272446,
              39.61599990725517,
              39.61599990725517,
              39.5519994199276,
              38.55999931693077,
              39.36000168323517,
              40.64000025391579,
              40.608000010252,
              39.61599990725517,
              40.64000025391579,
              39.39199820160866,
              40.64000025391579,
              39.61599990725517,
              39.61599990725517,
              39.712000638246536,
              39.744000881910324,
              39.51999917626381,
              39.61599990725517,
              39.51999917626381,
              39.583999663591385,
              39.744000881910324,
              41.63200035691261,
              39.39199820160866,
              40.511999279260635,
              38.72000053524971,
              39.51999917626381,
              57.023998349905014,
              50.84799975156784,
              40.41599854826927,
              39.5519994199276,
              38.55999931693077,
              40.57599976658821,
              39.583999663591385,
              46.94399982690811,
              40.608000010252,
              38.46399858593941,
              39.61599990725517,
              39.61599990725517,
              39.51999917626381,
              39.48799893260002,
              40.672000497579575,
              39.712000638246536,
              40.47999903559685,
              40.57599976658821,
              39.61599990725517,
              38.27200084924698,
              39.5519994199276,
              40.511999279260635,
              40.76800122857094,
              39.61599990725517,
              39.583999663591385,
              39.583999663591385
            ]
          }
        },
        "prepared_stage3_control": {
          "all": {
            "p10_us": 38.52799907326698,
            "median_us": 39.64800015091896,
            "p90_us": 43.5199998319149
          },
          "when_launch_order_is_AB": {
            "p10_us": 38.68800029158592,
            "median_us": 40.608000010252,
            "p90_us": 43.74400153756142
          },
          "when_launch_order_is_BA": {
            "p10_us": 37.63199970126152,
            "median_us": 39.583999663591385,
            "p90_us": 41.98399931192398
          }
        },
        "prepared_stage5_candidate": {
          "all": {
            "p10_us": 39.51999917626381,
            "median_us": 40.64000025391579,
            "p90_us": 43.87199878692627
          },
          "when_launch_order_is_AB": {
            "p10_us": 39.61599990725517,
            "median_us": 41.50399938225746,
            "p90_us": 43.87199878692627
          },
          "when_launch_order_is_BA": {
            "p10_us": 39.39199820160866,
            "median_us": 39.77600112557411,
            "p90_us": 43.776001781225204
          }
        }
      },
      "control_median_us": 39.64800015091896,
      "candidate_median_us": 40.64000025391579,
      "speedup_stage5_vs_stage3": 0.9755905487992401,
      "strict_10_percent_target_met": false
    }
  ],
  "all_contexts_strict_10_percent": false
}
