{
  "schema": "c2-prepared-stage5-fp8-abba-v1",
  "environment": {
    "torch": "2.13.0+cu130",
    "triton": "3.7.1",
    "cuda": "13.0",
    "device": "NVIDIA B300 SXM6 AC",
    "capability": [
      10,
      3
    ]
  },
  "source_sha256": {
    "challenge_v2/prepared_stage_fp8_abba_cli.py": "9daa9d65da8b7e8c4fc6eb630a9bbff5c1aa071016f222cdeb634b244ea03661",
    "challenge_v2/run_prepared_stage5_fp8_abba_clean.sh": "f69fb6c54c0cf61d5981024689d62a4d3af7026c4b403e9df43f81c7d9834f04",
    "challenge_v2/prepared_tuned.py": "2989da46d15a1d2c183c18cd1b9a93831a98a21a236653b56847f6fafb01650b",
    "challenge/prepared_decode.py": "1b3bb68025e31cd25d782417b0ef20c49a193eb42a342e175536e2159bef0e79",
    "harness/data.py": "38faefb89b38e3bc26b135b762a6bbbd813dcc695423982b423a806fe41c11d6",
    "harness/reference.py": "712c1632367700137392d2c43bd5c6962130d945f01f1f585cc6338788ce53cc",
    "harness/triton_baseline.py": "6b0a40463b4f1c05ca53649d6689377b4f755d1efb58b10700dad05705b53f71",
    "vllm_msa_ref/sparse_attn.py": "5db5d5e692044e54bb57418cbb7dcf5c9cc94f789eaccf128eec6fa8df86d967"
  },
  "scope": {
    "boundary": "complete prepared sparse-decode dispatch: decode plus required merge; not pure decode-only and not model/server end-to-end",
    "cross_mode_comparison": "prohibited: each FP8 mode is evaluated only against its same-mode stage-3 control"
  },
  "frozen_configuration": {
    "storage": "fp8-scalar",
    "batch": 8,
    "base_seed": 20260829,
    "selected_num_topk_chunks": 8,
    "selected_chunks_by_storage_and_batch": {
      "fp8-scalar": {
        "1": 16,
        "4": 4,
        "8": 8,
        "16": 4
      },
      "fp8-token": {
        "1": 4,
        "4": 16,
        "8": 16,
        "16": 4
      }
    },
    "control": {
      "num_topk_chunks": 8,
      "decode_num_warps": 4,
      "merge_num_warps": 4,
      "decode_num_stages": 3,
      "merge_num_stages": 3,
      "pdl_mode": "auto",
      "decode_maxnreg": null,
      "merge_maxnreg": null
    },
    "candidate": {
      "num_topk_chunks": 8,
      "decode_num_warps": 4,
      "merge_num_warps": 4,
      "decode_num_stages": 5,
      "merge_num_stages": 3,
      "pdl_mode": "auto",
      "decode_maxnreg": null,
      "merge_maxnreg": null
    },
    "changed_field": "decode_num_stages",
    "selection_rule": "C mapping and launch configuration were specified before this FP8 AB/BA run; not reselected from event samples",
    "strict_10_percent_policy": "reported after validation only; it does not select or retune a configuration"
  },
  "fairness_contract": {
    "same_problem_object_per_context": true,
    "same_problem_buffers_per_context": true,
    "same_scale_tensor_objects_per_context": true,
    "caller_owned_independent_outputs": true,
    "persistent_workspace_outside_timing": true,
    "same_selected_chunks_per_context": true,
    "full_prepared_decode_and_merge_per_timed_call": true,
    "oracle": "independent harness.reference dense FP32 selected-page causal attention",
    "tolerance": {
      "rtol": 0.03,
      "atol": 0.03
    },
    "single_complete_dispatch_per_cuda_event": true,
    "AB_BA_interleaved": true,
    "raw_event_samples_recorded": true
  },
  "results": [
    {
      "storage": "fp8-scalar",
      "batch": 8,
      "base_seed": 20260829,
      "seed": 20260837,
      "status": "pass",
      "problem": {
        "q_shape": [
          8,
          64,
          128
        ],
        "kv_cache_shape": [
          256,
          4,
          128,
          256
        ],
        "kv_cache_dtype": "torch.float8_e4m3fn",
        "max_seq_len": 4096,
        "decode_query_len": 1,
        "num_kv_heads": 4
      },
      "scale": {
        "storage_mode": "fp8-scalar",
        "abi_mode": "scalar",
        "kv_scale_mode": 1,
        "dequantization": "FP8 cache value multiplied by its scalar K or V scale",
        "k_scale": {
          "dtype": "torch.float32",
          "shape": [],
          "stride": [],
          "numel": 1,
          "contiguous": true,
          "device": "cuda:0",
          "data_ptr": 138797991854080,
          "value": 0.25
        },
        "v_scale": {
          "dtype": "torch.float32",
          "shape": [],
          "stride": [],
          "numel": 1,
          "contiguous": true,
          "device": "cuda:0",
          "data_ptr": 138797991854592,
          "value": 0.5
        }
      },
      "selected_num_topk_chunks": 8,
      "dispatch": {
        "boundary": "complete prepared dispatch: decode plus required merge",
        "decode_executed": true,
        "merge_required": true,
        "merge_executed": true,
        "merge_bypassed": false,
        "kernels_per_timed_runner_call": 2
      },
      "shared_inputs": {
        "same_problem_object": true,
        "same_scale_tensor_objects": true,
        "same_problem_buffers": true,
        "shared_input_data_ptrs": {
          "q": 138797991985152,
          "kv_cache": 138797505314816,
          "block_table": 138797991857152,
          "topk_idx": 138797991858176,
          "seq_lens": 138797991855104,
          "k_scale": 138797991854080,
          "v_scale": 138797991854592
        }
      },
      "outputs": {
        "caller_owned_independent": true,
        "control_data_ptr": 138797993820160,
        "candidate_data_ptr": 138797992116224,
        "shape": [
          8,
          64,
          128
        ],
        "dtype": "torch.bfloat16"
      },
      "control": {
        "config": {
          "num_topk_chunks": 8,
          "decode_num_warps": 4,
          "merge_num_warps": 4,
          "decode_num_stages": 3,
          "merge_num_stages": 3,
          "pdl_mode": "auto",
          "decode_maxnreg": null,
          "merge_maxnreg": null
        },
        "metadata": {
          "num_topk_chunks": 8,
          "merge_bypassed": false,
          "caller_output_bytes": 131072,
          "unique_workspace_bytes": 1064960,
          "pdl_mode_requested": "auto",
          "pdl_effective": true,
          "decode_num_warps": 4,
          "merge_num_warps": 4,
          "decode_num_stages": 3,
          "merge_num_stages": 3,
          "decode_maxnreg": null,
          "merge_maxnreg": null
        },
        "correctness": {
          "finite": true,
          "max_abs": 6.103515625e-05,
          "mean_abs": 3.577851202862803e-06
        }
      },
      "candidate": {
        "config": {
          "num_topk_chunks": 8,
          "decode_num_warps": 4,
          "merge_num_warps": 4,
          "decode_num_stages": 5,
          "merge_num_stages": 3,
          "pdl_mode": "auto",
          "decode_maxnreg": null,
          "merge_maxnreg": null
        },
        "metadata": {
          "num_topk_chunks": 8,
          "merge_bypassed": false,
          "caller_output_bytes": 131072,
          "unique_workspace_bytes": 1064960,
          "pdl_mode_requested": "auto",
          "pdl_effective": true,
          "decode_num_warps": 4,
          "merge_num_warps": 4,
          "decode_num_stages": 5,
          "merge_num_stages": 3,
          "decode_maxnreg": null,
          "merge_maxnreg": null
        },
        "correctness": {
          "finite": true,
          "max_abs": 6.103515625e-05,
          "mean_abs": 3.577851202862803e-06
        }
      },
      "timing": {
        "protocol": "warmup_each_then_101_ABBA_pairs_one_complete_prepared_dispatch_per_cuda_event_pair_one_stream",
        "warmup_each": 30,
        "abba_pairs": 101,
        "samples_per_runner": 202,
        "AB_BA_interleaved": true,
        "raw_samples_us": {
          "prepared_stage3_control": {
            "AB": [
              49.75999891757965,
              39.583999663591385,
              38.495998829603195,
              39.48799893260002,
              45.791998505592346,
              37.63199970126152,
              39.16800022125244,
              39.583999663591385,
              45.56800052523613,
              37.79200091958046,
              41.53599962592125,
              37.9519984126091,
              37.59999945759773,
              37.88800165057182,
              40.063999593257904,
              38.27200084924698,
              38.59199956059456,
              39.135999977588654,
              37.76000067591667,
              41.85599833726883,
              38.11199963092804,
              38.36800158023834,
              39.23200070858002,
              38.975998759269714,
              37.79200091958046,
              43.83999854326248,
              38.40000182390213,
              38.816001266241074,
              37.79200091958046,
              37.91999816894531,
              38.88000175356865,
              38.14399987459183,
              39.03999924659729,
              38.62399980425835,
              38.46399858593941,
              37.47199848294258,
              37.82400116324425,
              37.567999213933945,
              38.62399980425835,
              37.79200091958046,
              38.40000182390213,
              37.9519984126091,
              56.19199946522713,
              60.416001826524734,
              38.11199963092804,
              38.30400109291077,
              38.2080003619194,
              39.5519994199276,
              38.72000053524971,
              38.176000118255615,
              38.784001022577286,
              37.82400116324425,
              37.408001720905304,
              37.59999945759773,
              38.14399987459183,
              44.47999969124794,
              38.43199834227562,
              37.408001720905304,
              39.103999733924866,
              38.11199963092804,
              38.047999143600464,
              46.46399989724159,
              37.856001406908035,
              38.91199827194214,
              38.40000182390213,
              38.52799907326698,
              38.656000047922134,
              37.728000432252884,
              37.696000188589096,
              37.98399865627289,
              38.59199956059456,
              43.2640016078949,
              38.816001266241074,
              38.24000060558319,
              38.84800150990486,
              39.5519994199276,
              38.816001266241074,
              39.8080013692379,
              39.16800022125244,
              37.82400116324425,
              37.63199970126152,
              37.53599897027016,
              37.66399994492531,
              38.336001336574554,
              37.53599897027016,
              38.52799907326698,
              38.94399851560593,
              39.03999924659729,
              37.98399865627289,
              38.7520007789135,
              37.82400116324425,
              38.62399980425835,
              38.7520007789135,
              38.7520007789135,
              38.14399987459183,
              37.79200091958046,
              43.10400038957596,
              39.29600119590759,
              38.176000118255615,
              38.047999143600464,
              37.88800165057182
            ],
            "BA": [
              39.64800015091896,
              38.40000182390213,
              38.94399851560593,
              37.88800165057182,
              39.20000046491623,
              38.2080003619194,
              37.79200091958046,
              39.23200070858002,
              38.30400109291077,
              44.38399896025658,
              39.07199949026108,
              39.32800143957138,
              38.46399858593941,
              40.383998304605484,
              38.27200084924698,
              39.23200070858002,
              39.48799893260002,
              37.66399994492531,
              118.6240017414093,
              38.30400109291077,
              47.16800153255463,
              38.91199827194214,
              39.0079990029335,
              37.856001406908035,
              38.816001266241074,
              38.24000060558319,
              38.07999938726425,
              37.9519984126091,
              37.79200091958046,
              38.52799907326698,
              43.296001851558685,
              38.2080003619194,
              39.03999924659729,
              38.336001336574554,
              38.656000047922134,
              37.43999823927879,
              39.0079990029335,
              38.27200084924698,
              38.36800158023834,
              38.68800029158592,
              37.47199848294258,
              39.16800022125244,
              59.74400043487549,
              37.91999816894531,
              39.45599868893623,
              38.975998759269714,
              38.656000047922134,
              39.32800143957138,
              38.36800158023834,
              38.55999931693077,
              39.103999733924866,
              37.63199970126152,
              37.66399994492531,
              39.0079990029335,
              38.72000053524971,
              39.51999917626381,
              37.53599897027016,
              38.40000182390213,
              38.46399858593941,
              37.408001720905304,
              39.07199949026108,
              38.07999938726425,
              38.59199956059456,
              39.16800022125244,
              39.07199949026108,
              38.84800150990486,
              43.455999344587326,
              37.82400116324425,
              37.59999945759773,
              37.66399994492531,
              39.36000168323517,
              39.45599868893623,
              43.96799951791763,
              37.47199848294258,
              38.24000060558319,
              39.903998374938965,
              41.439998894929886,
              38.36800158023834,
              39.61599990725517,
              38.46399858593941,
              38.7520007789135,
              39.36000168323517,
              39.712000638246536,
              39.07199949026108,
              38.46399858593941,
              39.32800143957138,
              38.2080003619194,
              38.84800150990486,
              39.48799893260002,
              37.47199848294258,
              37.91999816894531,
              37.696000188589096,
              38.816001266241074,
              38.43199834227562,
              37.82400116324425,
              38.62399980425835,
              38.91199827194214,
              38.176000118255615,
              38.84800150990486,
              37.82400116324425,
              37.82400116324425
            ]
          },
          "prepared_stage5_candidate": {
            "AB": [
              40.672000497579575,
              39.07199949026108,
              40.608000010252,
              39.5519994199276,
              39.77600112557411,
              37.88800165057182,
              39.135999977588654,
              38.975998759269714,
              40.031999349594116,
              37.856001406908035,
              38.94399851560593,
              38.11199963092804,
              37.91999816894531,
              39.8080013692379,
              38.015998899936676,
              38.72000053524971,
              38.975998759269714,
              39.103999733924866,
              38.07999938726425,
              40.832001715898514,
              38.495998829603195,
              38.43199834227562,
              37.79200091958046,
              39.0079990029335,
              39.16800022125244,
              39.48799893260002,
              38.68800029158592,
              39.264000952243805,
              38.784001022577286,
              38.62399980425835,
              39.51999917626381,
              38.2080003619194,
              38.784001022577286,
              38.94399851560593,
              39.39199820160866,
              38.015998899936676,
              37.856001406908035,
              38.94399851560593,
              43.136000633239746,
              37.856001406908035,
              37.728000432252884,
              38.336001336574554,
              63.19999694824219,
              39.20000046491623,
              39.64800015091896,
              38.7520007789135,
              40.352001786231995,
              39.423998445272446,
              37.567999213933945,
              44.83199864625931,
              39.29600119590759,
              38.59199956059456,
              38.176000118255615,
              38.46399858593941,
              38.59199956059456,
              39.264000952243805,
              38.015998899936676,
              38.176000118255615,
              37.66399994492531,
              44.51199993491173,
              37.82400116324425,
              38.72000053524971,
              38.11199963092804,
              38.52799907326698,
              38.656000047922134,
              37.18400001525879,
              39.29600119590759,
              38.047999143600464,
              38.88000175356865,
              38.46399858593941,
              38.52799907326698,
              38.91199827194214,
              37.79200091958046,
              38.68800029158592,
              38.91199827194214,
              39.16800022125244,
              37.91999816894531,
              38.975998759269714,
              37.66399994492531,
              37.63199970126152,
              38.047999143600464,
              39.99999910593033,
              37.9519984126091,
              38.176000118255615,
              44.064000248909,
              38.68800029158592,
              38.816001266241074,
              38.495998829603195,
              38.7520007789135,
              38.2080003619194,
              43.23200136423111,
              38.24000060558319,
              38.59199956059456,
              38.52799907326698,
              37.34400123357773,
              38.43199834227562,
              39.03999924659729,
              39.5519994199276,
              38.7520007789135,
              37.79200091958046,
              41.728001087903976
            ],
            "BA": [
              39.51999917626381,
              38.07999938726425,
              38.975998759269714,
              38.52799907326698,
              38.784001022577286,
              38.36800158023834,
              39.583999663591385,
              39.99999910593033,
              39.135999977588654,
              38.176000118255615,
              39.39199820160866,
              38.975998759269714,
              39.16800022125244,
              38.336001336574554,
              42.14400053024292,
              44.51199993491173,
              38.94399851560593,
              38.656000047922134,
              38.43199834227562,
              38.94399851560593,
              40.192000567913055,
              38.94399851560593,
              39.264000952243805,
              37.856001406908035,
              38.336001336574554,
              37.76000067591667,
              44.12800073623657,
              38.91199827194214,
              37.856001406908035,
              38.72000053524971,
              38.11199963092804,
              38.656000047922134,
              44.38399896025658,
              40.22400081157684,
              38.27200084924698,
              39.36000168323517,
              38.07999938726425,
              38.07999938726425,
              38.07999938726425,
              38.94399851560593,
              38.784001022577286,
              37.88800165057182,
              58.111999183893204,
              44.73600164055824,
              38.7520007789135,
              39.0079990029335,
              39.583999663591385,
              42.81599819660187,
              39.0079990029335,
              38.11199963092804,
              39.0079990029335,
              37.728000432252884,
              38.36800158023834,
              39.39199820160866,
              38.59199956059456,
              38.46399858593941,
              39.135999977588654,
              38.656000047922134,
              39.103999733924866,
              38.30400109291077,
              39.135999977588654,
              38.784001022577286,
              39.39199820160866,
              38.84800150990486,
              38.24000060558319,
              39.8080013692379,
              38.59199956059456,
              39.16800022125244,
              38.336001336574554,
              37.79200091958046,
              38.84800150990486,
              37.34400123357773,
              39.16800022125244,
              38.07999938726425,
              39.61599990725517,
              56.15999922156334,
              39.45599868893623,
              38.59199956059456,
              43.68000105023384,
              39.64800015091896,
              38.55999931693077,
              39.29600119590759,
              40.70400074124336,
              39.03999924659729,
              38.88000175356865,
              38.495998829603195,
              38.2080003619194,
              39.23200070858002,
              43.03999990224838,
              38.14399987459183,
              38.36800158023834,
              39.135999977588654,
              38.43199834227562,
              38.176000118255615,
              42.91199892759323,
              38.015998899936676,
              38.336001336574554,
              39.77600112557411,
              38.656000047922134,
              39.48799893260002,
              38.27200084924698
            ]
          }
        },
        "prepared_stage3_control": {
          "all": {
            "p10_us": 37.66399994492531,
            "median_us": 38.52799907326698,
            "p90_us": 40.383998304605484
          },
          "when_launch_order_is_AB": {
            "p10_us": 37.66399994492531,
            "median_us": 38.43199834227562,
            "p90_us": 41.85599833726883
          },
          "when_launch_order_is_BA": {
            "p10_us": 37.66399994492531,
            "median_us": 38.656000047922134,
            "p90_us": 39.712000638246536
          }
        },
        "prepared_stage5_candidate": {
          "all": {
            "p10_us": 37.88800165057182,
            "median_us": 38.784001022577286,
            "p90_us": 40.672000497579575
          },
          "when_launch_order_is_AB": {
            "p10_us": 37.82400116324425,
            "median_us": 38.72000053524971,
            "p90_us": 40.352001786231995
          },
          "when_launch_order_is_BA": {
            "p10_us": 38.07999938726425,
            "median_us": 38.88000175356865,
            "p90_us": 42.14400053024292
          }
        }
      },
      "control_median_us": 38.52799907326698,
      "candidate_median_us": 38.784001022577286,
      "speedup_stage5_vs_stage3": 0.9933992898473452,
      "strict_10_percent_target_met": false
    }
  ],
  "all_contexts_strict_10_percent": false
}
