{
  "schema": "c2-prepared-stage5-fp8-abba-v1",
  "environment": {
    "torch": "2.13.0+cu130",
    "triton": "3.7.1",
    "cuda": "13.0",
    "device": "NVIDIA B300 SXM6 AC",
    "capability": [
      10,
      3
    ]
  },
  "source_sha256": {
    "challenge_v2/prepared_stage_fp8_abba_cli.py": "9daa9d65da8b7e8c4fc6eb630a9bbff5c1aa071016f222cdeb634b244ea03661",
    "challenge_v2/run_prepared_stage5_fp8_abba_clean.sh": "f69fb6c54c0cf61d5981024689d62a4d3af7026c4b403e9df43f81c7d9834f04",
    "challenge_v2/prepared_tuned.py": "2989da46d15a1d2c183c18cd1b9a93831a98a21a236653b56847f6fafb01650b",
    "challenge/prepared_decode.py": "1b3bb68025e31cd25d782417b0ef20c49a193eb42a342e175536e2159bef0e79",
    "harness/data.py": "38faefb89b38e3bc26b135b762a6bbbd813dcc695423982b423a806fe41c11d6",
    "harness/reference.py": "712c1632367700137392d2c43bd5c6962130d945f01f1f585cc6338788ce53cc",
    "harness/triton_baseline.py": "6b0a40463b4f1c05ca53649d6689377b4f755d1efb58b10700dad05705b53f71",
    "vllm_msa_ref/sparse_attn.py": "5db5d5e692044e54bb57418cbb7dcf5c9cc94f789eaccf128eec6fa8df86d967"
  },
  "scope": {
    "boundary": "complete prepared sparse-decode dispatch: decode plus required merge; not pure decode-only and not model/server end-to-end",
    "cross_mode_comparison": "prohibited: each FP8 mode is evaluated only against its same-mode stage-3 control"
  },
  "frozen_configuration": {
    "storage": "fp8-scalar",
    "batch": 16,
    "base_seed": 20260829,
    "selected_num_topk_chunks": 4,
    "selected_chunks_by_storage_and_batch": {
      "fp8-scalar": {
        "1": 16,
        "4": 4,
        "8": 8,
        "16": 4
      },
      "fp8-token": {
        "1": 4,
        "4": 16,
        "8": 16,
        "16": 4
      }
    },
    "control": {
      "num_topk_chunks": 4,
      "decode_num_warps": 4,
      "merge_num_warps": 4,
      "decode_num_stages": 3,
      "merge_num_stages": 3,
      "pdl_mode": "auto",
      "decode_maxnreg": null,
      "merge_maxnreg": null
    },
    "candidate": {
      "num_topk_chunks": 4,
      "decode_num_warps": 4,
      "merge_num_warps": 4,
      "decode_num_stages": 5,
      "merge_num_stages": 3,
      "pdl_mode": "auto",
      "decode_maxnreg": null,
      "merge_maxnreg": null
    },
    "changed_field": "decode_num_stages",
    "selection_rule": "C mapping and launch configuration were specified before this FP8 AB/BA run; not reselected from event samples",
    "strict_10_percent_policy": "reported after validation only; it does not select or retune a configuration"
  },
  "fairness_contract": {
    "same_problem_object_per_context": true,
    "same_problem_buffers_per_context": true,
    "same_scale_tensor_objects_per_context": true,
    "caller_owned_independent_outputs": true,
    "persistent_workspace_outside_timing": true,
    "same_selected_chunks_per_context": true,
    "full_prepared_decode_and_merge_per_timed_call": true,
    "oracle": "independent harness.reference dense FP32 selected-page causal attention",
    "tolerance": {
      "rtol": 0.03,
      "atol": 0.03
    },
    "single_complete_dispatch_per_cuda_event": true,
    "AB_BA_interleaved": true,
    "raw_event_samples_recorded": true
  },
  "results": [
    {
      "storage": "fp8-scalar",
      "batch": 16,
      "base_seed": 20260829,
      "seed": 20260845,
      "status": "pass",
      "problem": {
        "q_shape": [
          16,
          64,
          128
        ],
        "kv_cache_shape": [
          512,
          4,
          128,
          256
        ],
        "kv_cache_dtype": "torch.float8_e4m3fn",
        "max_seq_len": 4096,
        "decode_query_len": 1,
        "num_kv_heads": 4
      },
      "scale": {
        "storage_mode": "fp8-scalar",
        "abi_mode": "scalar",
        "kv_scale_mode": 1,
        "dequantization": "FP8 cache value multiplied by its scalar K or V scale",
        "k_scale": {
          "dtype": "torch.float32",
          "shape": [],
          "stride": [],
          "numel": 1,
          "contiguous": true,
          "device": "cuda:0",
          "data_ptr": 126609411538944,
          "value": 0.25
        },
        "v_scale": {
          "dtype": "torch.float32",
          "shape": [],
          "stride": [],
          "numel": 1,
          "contiguous": true,
          "device": "cuda:0",
          "data_ptr": 126609411539456,
          "value": 0.5
        }
      },
      "selected_num_topk_chunks": 4,
      "dispatch": {
        "boundary": "complete prepared dispatch: decode plus required merge",
        "decode_executed": true,
        "merge_required": true,
        "merge_executed": true,
        "merge_bypassed": false,
        "kernels_per_timed_runner_call": 2
      },
      "shared_inputs": {
        "same_problem_object": true,
        "same_scale_tensor_objects": true,
        "same_problem_buffers": true,
        "shared_input_data_ptrs": {
          "q": 126609411801088,
          "kv_cache": 126608924999680,
          "block_table": 126609411544064,
          "topk_idx": 126609411546112,
          "seq_lens": 126609411539968,
          "k_scale": 126609411538944,
          "v_scale": 126609411539456
        }
      },
      "outputs": {
        "caller_owned_independent": true,
        "control_data_ptr": 126609413373952,
        "candidate_data_ptr": 126609412063232,
        "shape": [
          16,
          64,
          128
        ],
        "dtype": "torch.bfloat16"
      },
      "control": {
        "config": {
          "num_topk_chunks": 4,
          "decode_num_warps": 4,
          "merge_num_warps": 4,
          "decode_num_stages": 3,
          "merge_num_stages": 3,
          "pdl_mode": "auto",
          "decode_maxnreg": null,
          "merge_maxnreg": null
        },
        "metadata": {
          "num_topk_chunks": 4,
          "merge_bypassed": false,
          "caller_output_bytes": 262144,
          "unique_workspace_bytes": 1064960,
          "pdl_mode_requested": "auto",
          "pdl_effective": true,
          "decode_num_warps": 4,
          "merge_num_warps": 4,
          "decode_num_stages": 3,
          "merge_num_stages": 3,
          "decode_maxnreg": null,
          "merge_maxnreg": null
        },
        "correctness": {
          "finite": true,
          "max_abs": 6.103515625e-05,
          "mean_abs": 3.5763259802479297e-06
        }
      },
      "candidate": {
        "config": {
          "num_topk_chunks": 4,
          "decode_num_warps": 4,
          "merge_num_warps": 4,
          "decode_num_stages": 5,
          "merge_num_stages": 3,
          "pdl_mode": "auto",
          "decode_maxnreg": null,
          "merge_maxnreg": null
        },
        "metadata": {
          "num_topk_chunks": 4,
          "merge_bypassed": false,
          "caller_output_bytes": 262144,
          "unique_workspace_bytes": 1064960,
          "pdl_mode_requested": "auto",
          "pdl_effective": true,
          "decode_num_warps": 4,
          "merge_num_warps": 4,
          "decode_num_stages": 5,
          "merge_num_stages": 3,
          "decode_maxnreg": null,
          "merge_maxnreg": null
        },
        "correctness": {
          "finite": true,
          "max_abs": 6.103515625e-05,
          "mean_abs": 3.5763259802479297e-06
        }
      },
      "timing": {
        "protocol": "warmup_each_then_101_ABBA_pairs_one_complete_prepared_dispatch_per_cuda_event_pair_one_stream",
        "warmup_each": 30,
        "abba_pairs": 101,
        "samples_per_runner": 202,
        "AB_BA_interleaved": true,
        "raw_samples_us": {
          "prepared_stage3_control": {
            "AB": [
              56.992001831531525,
              46.81599885225296,
              43.55200007557869,
              42.527999728918076,
              39.583999663591385,
              40.800001472234726,
              40.47999903559685,
              41.600000113248825,
              40.44799879193306,
              40.608000010252,
              41.471999138593674,
              41.50399938225746,
              40.352001786231995,
              40.44799879193306,
              39.423998445272446,
              41.50399938225746,
              39.51999917626381,
              45.60000076889992,
              39.39199820160866,
              49.82399940490723,
              39.45599868893623,
              39.423998445272446,
              46.62400111556053,
              40.44799879193306,
              38.495998829603195,
              39.39199820160866,
              39.423998445272446,
              39.423998445272446,
              45.56800052523613,
              39.20000046491623,
              39.45599868893623,
              40.57599976658821,
              39.48799893260002,
              41.919998824596405,
              39.423998445272446,
              40.54399952292442,
              40.41599854826927,
              38.55999931693077,
              39.423998445272446,
              40.608000010252,
              39.36000168323517,
              45.60000076889992,
              39.45599868893623,
              39.423998445272446,
              41.34399816393852,
              40.44799879193306,
              40.44799879193306,
              39.5519994199276,
              37.376001477241516,
              40.608000010252,
              39.45599868893623,
              39.36000168323517,
              38.40000182390213,
              39.423998445272446,
              40.44799879193306,
              39.45599868893623,
              38.40000182390213,
              43.68000105023384,
              39.48799893260002,
              39.45599868893623,
              40.44799879193306,
              39.423998445272446,
              40.44799879193306,
              43.64800080657005,
              40.44799879193306,
              40.608000010252,
              39.423998445272446,
              39.61599990725517,
              39.423998445272446,
              40.57599976658821,
              39.51999917626381,
              38.495998829603195,
              38.495998829603195,
              39.45599868893623,
              40.44799879193306,
              40.54399952292442,
              46.592000871896744,
              38.36800158023834,
              39.36000168323517,
              37.28000074625015,
              41.34399816393852,
              40.41599854826927,
              46.62400111556053,
              40.41599854826927,
              40.54399952292442,
              38.40000182390213,
              39.45599868893623,
              39.32800143957138,
              38.40000182390213,
              39.51999917626381,
              40.47999903559685,
              38.40000182390213,
              45.3759990632534,
              39.423998445272446,
              40.47999903559685,
              40.57599976658821,
              38.40000182390213,
              39.61599990725517,
              43.487999588251114,
              40.608000010252,
              39.423998445272446
            ],
            "BA": [
              44.704001396894455,
              40.608000010252,
              41.50399938225746,
              42.65600070357323,
              43.487999588251114,
              40.608000010252,
              48.64000156521797,
              39.64800015091896,
              39.423998445272446,
              39.583999663591385,
              40.608000010252,
              39.583999663591385,
              45.72800174355507,
              40.44799879193306,
              40.44799879193306,
              39.32800143957138,
              39.423998445272446,
              40.511999279260635,
              117.27999895811081,
              41.63200035691261,
              40.44799879193306,
              40.44799879193306,
              39.45599868893623,
              39.32800143957138,
              39.48799893260002,
              38.43199834227562,
              39.5519994199276,
              40.47999903559685,
              39.77600112557411,
              40.44799879193306,
              39.51999917626381,
              40.672000497579575,
              39.32800143957138,
              46.84799909591675,
              39.36000168323517,
              39.744000881910324,
              40.28800129890442,
              40.608000010252,
              40.28800129890442,
              41.56799986958504,
              39.423998445272446,
              40.44799879193306,
              40.32000154256821,
              40.608000010252,
              40.44799879193306,
              38.40000182390213,
              47.61600121855736,
              39.423998445272446,
              40.44799879193306,
              40.608000010252,
              39.51999917626381,
              39.45599868893623,
              44.576000422239304,
              40.47999903559685,
              39.423998445272446,
              39.45599868893623,
              40.47999903559685,
              39.583999663591385,
              44.544000178575516,
              39.423998445272446,
              39.45599868893623,
              40.44799879193306,
              38.40000182390213,
              39.5519994199276,
              40.44799879193306,
              41.63200035691261,
              38.40000182390213,
              40.608000010252,
              45.56800052523613,
              40.608000010252,
              39.45599868893623,
              38.30400109291077,
              39.423998445272446,
              39.45599868893623,
              42.4639992415905,
              43.5199998319149,
              40.608000010252,
              40.57599976658821,
              41.50399938225746,
              39.39199820160866,
              40.44799879193306,
              40.44799879193306,
              39.423998445272446,
              39.32800143957138,
              40.54399952292442,
              39.39199820160866,
              39.45599868893623,
              46.46399989724159,
              39.103999733924866,
              40.41599854826927,
              39.423998445272446,
              40.64000025391579,
              37.376001477241516,
              45.69600149989128,
              41.50399938225746,
              40.57599976658821,
              40.47999903559685,
              41.63200035691261,
              40.44799879193306,
              40.608000010252,
              39.45599868893623
            ]
          },
          "prepared_stage5_candidate": {
            "AB": [
              51.231998950242996,
              49.056001007556915,
              40.47999903559685,
              41.63200035691261,
              41.34399816393852,
              45.56800052523613,
              40.511999279260635,
              39.583999663591385,
              40.41599854826927,
              39.48799893260002,
              38.43199834227562,
              46.751998364925385,
              39.712000638246536,
              40.608000010252,
              40.32000154256821,
              41.439998894929886,
              41.471999138593674,
              41.56799986958504,
              46.52800038456917,
              44.704001396894455,
              39.36000168323517,
              40.57599976658821,
              39.36000168323517,
              39.39199820160866,
              40.44799879193306,
              39.45599868893623,
              40.672000497579575,
              40.511999279260635,
              39.48799893260002,
              39.32800143957138,
              42.55999997258186,
              40.608000010252,
              40.32000154256821,
              39.36000168323517,
              39.423998445272446,
              51.872000098228455,
              39.45599868893623,
              40.57599976658821,
              39.45599868893623,
              39.5519994199276,
              40.44799879193306,
              40.44799879193306,
              38.43199834227562,
              42.527999728918076,
              39.423998445272446,
              46.592000871896744,
              41.471999138593674,
              40.32000154256821,
              39.423998445272446,
              37.53599897027016,
              39.45599868893623,
              45.60000076889992,
              39.5519994199276,
              40.672000497579575,
              37.376001477241516,
              39.39199820160866,
              39.45599868893623,
              40.608000010252,
              39.423998445272446,
              40.44799879193306,
              40.47999903559685,
              39.61599990725517,
              39.423998445272446,
              40.608000010252,
              40.44799879193306,
              37.66399994492531,
              38.40000182390213,
              39.36000168323517,
              39.423998445272446,
              40.64000025391579,
              45.56800052523613,
              39.20000046491623,
              39.423998445272446,
              39.423998445272446,
              37.408001720905304,
              39.423998445272446,
              39.423998445272446,
              40.511999279260635,
              37.50399872660637,
              39.423998445272446,
              41.56799986958504,
              39.32800143957138,
              39.36000168323517,
              40.44799879193306,
              39.423998445272446,
              40.47999903559685,
              45.53600028157234,
              39.51999917626381,
              40.44799879193306,
              40.47999903559685,
              39.45599868893623,
              39.29600119590759,
              39.423998445272446,
              39.32800143957138,
              40.608000010252,
              41.4079986512661,
              39.423998445272446,
              39.39199820160866,
              39.583999663591385,
              37.53599897027016,
              40.47999903559685
            ],
            "BA": [
              45.69600149989128,
              42.65600070357323,
              42.527999728918076,
              40.608000010252,
              41.50399938225746,
              41.600000113248825,
              39.39199820160866,
              39.423998445272446,
              40.44799879193306,
              39.68000039458275,
              40.47999903559685,
              39.583999663591385,
              40.25600105524063,
              40.25600105524063,
              41.600000113248825,
              41.471999138593674,
              41.471999138593674,
              42.4639992415905,
              40.57599976658821,
              42.49599948525429,
              40.57599976658821,
              40.352001786231995,
              39.51999917626381,
              45.60000076889992,
              40.44799879193306,
              40.47999903559685,
              39.16800022125244,
              39.45599868893623,
              39.36000168323517,
              45.69600149989128,
              40.32000154256821,
              39.583999663591385,
              40.47999903559685,
              37.408001720905304,
              39.583999663591385,
              39.45599868893623,
              38.59199956059456,
              39.583999663591385,
              39.61599990725517,
              43.68000105023384,
              40.44799879193306,
              39.423998445272446,
              39.583999663591385,
              40.47999903559685,
              40.47999903559685,
              41.471999138593674,
              39.423998445272446,
              40.44799879193306,
              39.45599868893623,
              39.583999663591385,
              39.45599868893623,
              37.376001477241516,
              40.383998304605484,
              39.23200070858002,
              39.45599868893623,
              39.45599868893623,
              39.45599868893623,
              40.608000010252,
              40.41599854826927,
              37.408001720905304,
              39.423998445272446,
              40.25600105524063,
              41.50399938225746,
              39.5519994199276,
              45.56800052523613,
              39.423998445272446,
              39.45599868893623,
              39.583999663591385,
              39.45599868893623,
              39.5519994199276,
              42.49599948525429,
              40.54399952292442,
              40.44799879193306,
              38.43199834227562,
              40.47999903559685,
              56.8000003695488,
              39.264000952243805,
              39.36000168323517,
              39.45599868893623,
              39.51999917626381,
              45.53600028157234,
              38.495998829603195,
              39.51999917626381,
              37.376001477241516,
              39.32800143957138,
              38.43199834227562,
              40.47999903559685,
              40.57599976658821,
              39.61599990725517,
              39.48799893260002,
              41.471999138593674,
              39.51999917626381,
              40.44799879193306,
              40.47999903559685,
              43.39199885725975,
              38.59199956059456,
              39.39199820160866,
              39.583999663591385,
              40.28800129890442,
              45.72800174355507,
              40.47999903559685
            ]
          }
        },
        "prepared_stage3_control": {
          "all": {
            "p10_us": 39.20000046491623,
            "median_us": 40.44799879193306,
            "p90_us": 44.544000178575516
          },
          "when_launch_order_is_AB": {
            "p10_us": 38.495998829603195,
            "median_us": 40.352001786231995,
            "p90_us": 43.68000105023384
          },
          "when_launch_order_is_BA": {
            "p10_us": 39.32800143957138,
            "median_us": 40.44799879193306,
            "p90_us": 44.544000178575516
          }
        },
        "prepared_stage5_candidate": {
          "all": {
            "p10_us": 39.23200070858002,
            "median_us": 39.984000846743584,
            "p90_us": 42.65600070357323
          },
          "when_launch_order_is_AB": {
            "p10_us": 39.29600119590759,
            "median_us": 39.712000638246536,
            "p90_us": 44.704001396894455
          },
          "when_launch_order_is_BA": {
            "p10_us": 39.23200070858002,
            "median_us": 40.25600105524063,
            "p90_us": 42.527999728918076
          }
        }
      },
      "control_median_us": 40.44799879193306,
      "candidate_median_us": 39.984000846743584,
      "speedup_stage5_vs_stage3": 1.0116045902201722,
      "strict_10_percent_target_met": false
    }
  ],
  "all_contexts_strict_10_percent": false
}
