{
  "schema": "c2-prepared-stage5-fp8-abba-v1",
  "environment": {
    "torch": "2.13.0+cu130",
    "triton": "3.7.1",
    "cuda": "13.0",
    "device": "NVIDIA B300 SXM6 AC",
    "capability": [
      10,
      3
    ]
  },
  "source_sha256": {
    "challenge_v2/prepared_stage_fp8_abba_cli.py": "9daa9d65da8b7e8c4fc6eb630a9bbff5c1aa071016f222cdeb634b244ea03661",
    "challenge_v2/run_prepared_stage5_fp8_abba_clean.sh": "f69fb6c54c0cf61d5981024689d62a4d3af7026c4b403e9df43f81c7d9834f04",
    "challenge_v2/prepared_tuned.py": "2989da46d15a1d2c183c18cd1b9a93831a98a21a236653b56847f6fafb01650b",
    "challenge/prepared_decode.py": "1b3bb68025e31cd25d782417b0ef20c49a193eb42a342e175536e2159bef0e79",
    "harness/data.py": "38faefb89b38e3bc26b135b762a6bbbd813dcc695423982b423a806fe41c11d6",
    "harness/reference.py": "712c1632367700137392d2c43bd5c6962130d945f01f1f585cc6338788ce53cc",
    "harness/triton_baseline.py": "6b0a40463b4f1c05ca53649d6689377b4f755d1efb58b10700dad05705b53f71",
    "vllm_msa_ref/sparse_attn.py": "5db5d5e692044e54bb57418cbb7dcf5c9cc94f789eaccf128eec6fa8df86d967"
  },
  "scope": {
    "boundary": "complete prepared sparse-decode dispatch: decode plus required merge; not pure decode-only and not model/server end-to-end",
    "cross_mode_comparison": "prohibited: each FP8 mode is evaluated only against its same-mode stage-3 control"
  },
  "frozen_configuration": {
    "storage": "fp8-token",
    "batch": 4,
    "base_seed": 20260829,
    "selected_num_topk_chunks": 16,
    "selected_chunks_by_storage_and_batch": {
      "fp8-scalar": {
        "1": 16,
        "4": 4,
        "8": 8,
        "16": 4
      },
      "fp8-token": {
        "1": 4,
        "4": 16,
        "8": 16,
        "16": 4
      }
    },
    "control": {
      "num_topk_chunks": 16,
      "decode_num_warps": 4,
      "merge_num_warps": 4,
      "decode_num_stages": 3,
      "merge_num_stages": 3,
      "pdl_mode": "auto",
      "decode_maxnreg": null,
      "merge_maxnreg": null
    },
    "candidate": {
      "num_topk_chunks": 16,
      "decode_num_warps": 4,
      "merge_num_warps": 4,
      "decode_num_stages": 5,
      "merge_num_stages": 3,
      "pdl_mode": "auto",
      "decode_maxnreg": null,
      "merge_maxnreg": null
    },
    "changed_field": "decode_num_stages",
    "selection_rule": "C mapping and launch configuration were specified before this FP8 AB/BA run; not reselected from event samples",
    "strict_10_percent_policy": "reported after validation only; it does not select or retune a configuration"
  },
  "fairness_contract": {
    "same_problem_object_per_context": true,
    "same_problem_buffers_per_context": true,
    "same_scale_tensor_objects_per_context": true,
    "caller_owned_independent_outputs": true,
    "persistent_workspace_outside_timing": true,
    "same_selected_chunks_per_context": true,
    "full_prepared_decode_and_merge_per_timed_call": true,
    "oracle": "independent harness.reference dense FP32 selected-page causal attention",
    "tolerance": {
      "rtol": 0.03,
      "atol": 0.03
    },
    "single_complete_dispatch_per_cuda_event": true,
    "AB_BA_interleaved": true,
    "raw_event_samples_recorded": true
  },
  "results": [
    {
      "storage": "fp8-token",
      "batch": 4,
      "base_seed": 20260829,
      "seed": 20260833,
      "status": "pass",
      "problem": {
        "q_shape": [
          4,
          64,
          128
        ],
        "kv_cache_shape": [
          128,
          4,
          128,
          256
        ],
        "kv_cache_dtype": "torch.float8_e4m3fn",
        "max_seq_len": 4096,
        "decode_query_len": 1,
        "num_kv_heads": 4
      },
      "scale": {
        "storage_mode": "fp8-token",
        "abi_mode": "per_token_head",
        "kv_scale_mode": 2,
        "dequantization": "FP8 cache value multiplied by scale[kv_head, physical_page*128 + token]",
        "k_scale": {
          "dtype": "torch.float32",
          "shape": [
            4,
            16384
          ],
          "stride": [
            16384,
            1
          ],
          "numel": 65536,
          "contiguous": true,
          "device": "cuda:0",
          "data_ptr": 125194119282688
        },
        "v_scale": {
          "dtype": "torch.float32",
          "shape": [
            4,
            16384
          ],
          "stride": [
            16384,
            1
          ],
          "numel": 65536,
          "contiguous": true,
          "device": "cuda:0",
          "data_ptr": 125194119544832
        }
      },
      "selected_num_topk_chunks": 16,
      "dispatch": {
        "boundary": "complete prepared dispatch: decode plus required merge",
        "decode_executed": true,
        "merge_required": true,
        "merge_executed": true,
        "merge_bypassed": false,
        "kernels_per_timed_runner_call": 2
      },
      "shared_inputs": {
        "same_problem_object": true,
        "same_scale_tensor_objects": true,
        "same_problem_buffers": true,
        "shared_input_data_ptrs": {
          "q": 125194119217152,
          "kv_cache": 125193632612352,
          "block_table": 125194119152640,
          "topk_idx": 125194119153152,
          "seq_lens": 125194119151616,
          "k_scale": 125194119282688,
          "v_scale": 125194119544832
        }
      },
      "outputs": {
        "caller_owned_independent": true,
        "control_data_ptr": 125194119806976,
        "candidate_data_ptr": 125194119872512,
        "shape": [
          4,
          64,
          128
        ],
        "dtype": "torch.bfloat16"
      },
      "control": {
        "config": {
          "num_topk_chunks": 16,
          "decode_num_warps": 4,
          "merge_num_warps": 4,
          "decode_num_stages": 3,
          "merge_num_stages": 3,
          "pdl_mode": "auto",
          "decode_maxnreg": null,
          "merge_maxnreg": null
        },
        "metadata": {
          "num_topk_chunks": 16,
          "merge_bypassed": false,
          "caller_output_bytes": 65536,
          "unique_workspace_bytes": 1064960,
          "pdl_mode_requested": "auto",
          "pdl_effective": true,
          "decode_num_warps": 4,
          "merge_num_warps": 4,
          "decode_num_stages": 3,
          "merge_num_stages": 3,
          "decode_maxnreg": null,
          "merge_maxnreg": null
        },
        "correctness": {
          "finite": true,
          "max_abs": 3.0517578125e-05,
          "mean_abs": 4.570350029098336e-06
        }
      },
      "candidate": {
        "config": {
          "num_topk_chunks": 16,
          "decode_num_warps": 4,
          "merge_num_warps": 4,
          "decode_num_stages": 5,
          "merge_num_stages": 3,
          "pdl_mode": "auto",
          "decode_maxnreg": null,
          "merge_maxnreg": null
        },
        "metadata": {
          "num_topk_chunks": 16,
          "merge_bypassed": false,
          "caller_output_bytes": 65536,
          "unique_workspace_bytes": 1064960,
          "pdl_mode_requested": "auto",
          "pdl_effective": true,
          "decode_num_warps": 4,
          "merge_num_warps": 4,
          "decode_num_stages": 5,
          "merge_num_stages": 3,
          "decode_maxnreg": null,
          "merge_maxnreg": null
        },
        "correctness": {
          "finite": true,
          "max_abs": 3.0517578125e-05,
          "mean_abs": 4.570350029098336e-06
        }
      },
      "timing": {
        "protocol": "warmup_each_then_101_ABBA_pairs_one_complete_prepared_dispatch_per_cuda_event_pair_one_stream",
        "warmup_each": 30,
        "abba_pairs": 101,
        "samples_per_runner": 202,
        "AB_BA_interleaved": true,
        "raw_samples_us": {
          "prepared_stage3_control": {
            "AB": [
              49.695998430252075,
              39.29600119590759,
              38.72000053524971,
              38.43199834227562,
              38.047999143600464,
              38.14399987459183,
              37.82400116324425,
              38.975998759269714,
              43.776001781225204,
              37.151999771595,
              37.31200098991394,
              38.07999938726425,
              37.02399879693985,
              38.656000047922134,
              37.79200091958046,
              38.27200084924698,
              37.408001720905304,
              37.567999213933945,
              37.98399865627289,
              50.783999264240265,
              37.91999816894531,
              38.43199834227562,
              37.408001720905304,
              37.408001720905304,
              37.53599897027016,
              43.296001851558685,
              37.91999816894531,
              37.9519984126091,
              38.55999931693077,
              37.66399994492531,
              42.17600077390671,
              37.696000188589096,
              37.47199848294258,
              36.639999598264694,
              36.80000081658363,
              37.43999823927879,
              37.91999816894531,
              36.768000572919846,
              37.567999213933945,
              37.408001720905304,
              37.408001720905304,
              36.70400008559227,
              42.047999799251556,
              40.031999349594116,
              37.59999945759773,
              37.9519984126091,
              38.047999143600464,
              37.18400001525879,
              38.07999938726425,
              37.248000502586365,
              37.21600025892258,
              37.696000188589096,
              37.47199848294258,
              37.151999771595,
              43.168000876903534,
              38.30400109291077,
              37.53599897027016,
              38.11199963092804,
              36.80000081658363,
              37.05599904060364,
              37.82400116324425,
              37.47199848294258,
              38.46399858593941,
              37.376001477241516,
              37.9519984126091,
              42.91199892759323,
              36.288000643253326,
              37.28000074625015,
              37.59999945759773,
              37.79200091958046,
              36.86400130391121,
              37.47199848294258,
              37.76000067591667,
              36.57599911093712,
              37.21600025892258,
              36.959998309612274,
              37.66399994492531,
              45.72800174355507,
              36.959998309612274,
              37.696000188589096,
              36.41600161790848,
              36.99199855327606,
              37.31200098991394,
              43.5199998319149,
              36.639999598264694,
              37.34400123357773,
              37.82400116324425,
              37.88800165057182,
              37.696000188589096,
              38.047999143600464,
              37.02399879693985,
              37.66399994492531,
              38.07999938726425,
              37.76000067591667,
              43.58400031924248,
              37.408001720905304,
              36.639999598264694,
              37.02399879693985,
              37.34400123357773,
              37.248000502586365,
              39.712000638246536
            ],
            "BA": [
              40.32000154256821,
              39.29600119590759,
              45.504000037908554,
              38.336001336574554,
              38.59199956059456,
              38.14399987459183,
              38.7520007789135,
              37.98399865627289,
              38.11199963092804,
              36.896001547575,
              37.76000067591667,
              37.376001477241516,
              37.21600025892258,
              43.42399910092354,
              38.55999931693077,
              37.376001477241516,
              37.376001477241516,
              38.43199834227562,
              118.72000247240067,
              38.27200084924698,
              38.015998899936676,
              38.816001266241074,
              37.47199848294258,
              37.76000067591667,
              38.495998829603195,
              37.696000188589096,
              37.21600025892258,
              38.11199963092804,
              37.248000502586365,
              37.59999945759773,
              44.256001710891724,
              36.959998309612274,
              36.768000572919846,
              37.087999284267426,
              36.928001791238785,
              36.639999598264694,
              37.47199848294258,
              37.567999213933945,
              37.408001720905304,
              37.376001477241516,
              37.02399879693985,
              37.02399879693985,
              37.98399865627289,
              38.336001336574554,
              37.88800165057182,
              37.567999213933945,
              37.43999823927879,
              42.399998754262924,
              36.959998309612274,
              37.728000432252884,
              37.47199848294258,
              37.02399879693985,
              37.53599897027016,
              38.176000118255615,
              37.79200091958046,
              37.856001406908035,
              37.087999284267426,
              36.80000081658363,
              36.80000081658363,
              43.776001781225204,
              37.59999945759773,
              38.336001336574554,
              37.31200098991394,
              37.11999952793121,
              38.047999143600464,
              36.639999598264694,
              37.696000188589096,
              37.28000074625015,
              38.176000118255615,
              36.928001791238785,
              41.95199906826019,
              36.70400008559227,
              36.67199984192848,
              38.176000118255615,
              36.99199855327606,
              38.46399858593941,
              38.24000060558319,
              36.896001547575,
              37.567999213933945,
              37.9519984126091,
              36.99199855327606,
              37.53599897027016,
              37.728000432252884,
              37.63199970126152,
              36.80000081658363,
              37.728000432252884,
              37.9519984126091,
              36.99199855327606,
              43.616000562906265,
              36.99199855327606,
              36.928001791238785,
              37.11999952793121,
              37.05599904060364,
              37.76000067591667,
              38.047999143600464,
              37.856001406908035,
              37.66399994492531,
              37.50399872660637,
              36.768000572919846,
              37.728000432252884,
              37.087999284267426
            ]
          },
          "prepared_stage5_candidate": {
            "AB": [
              43.2640016078949,
              39.23200070858002,
              38.94399851560593,
              39.07199949026108,
              38.784001022577286,
              37.88800165057182,
              37.91999816894531,
              38.91199827194214,
              38.27200084924698,
              37.376001477241516,
              36.80000081658363,
              38.30400109291077,
              37.087999284267426,
              38.94399851560593,
              46.720001846551895,
              39.93599861860275,
              37.50399872660637,
              40.352001786231995,
              37.31200098991394,
              40.28800129890442,
              38.46399858593941,
              38.72000053524971,
              37.79200091958046,
              38.62399980425835,
              37.88800165057182,
              37.50399872660637,
              37.248000502586365,
              38.656000047922134,
              37.82400116324425,
              38.24000060558319,
              43.87199878692627,
              37.53599897027016,
              36.99199855327606,
              37.02399879693985,
              37.34400123357773,
              36.86400130391121,
              43.23200136423111,
              37.34400123357773,
              37.18400001525879,
              37.79200091958046,
              37.248000502586365,
              37.34400123357773,
              37.88800165057182,
              40.41599854826927,
              37.66399994492531,
              37.91999816894531,
              39.872001856565475,
              39.103999733924866,
              37.696000188589096,
              37.567999213933945,
              36.639999598264694,
              37.82400116324425,
              37.9519984126091,
              37.248000502586365,
              36.73600032925606,
              38.11199963092804,
              37.53599897027016,
              37.98399865627289,
              36.86400130391121,
              44.47999969124794,
              37.76000067591667,
              37.88800165057182,
              37.408001720905304,
              36.99199855327606,
              37.98399865627289,
              37.59999945759773,
              36.54399886727333,
              37.98399865627289,
              37.50399872660637,
              37.696000188589096,
              36.928001791238785,
              42.62400045990944,
              37.696000188589096,
              36.99199855327606,
              36.54399886727333,
              38.07999938726425,
              38.2080003619194,
              38.656000047922134,
              37.02399879693985,
              37.88800165057182,
              36.73600032925606,
              37.05599904060364,
              37.21600025892258,
              37.856001406908035,
              36.896001547575,
              38.047999143600464,
              37.856001406908035,
              37.53599897027016,
              43.2640016078949,
              36.768000572919846,
              37.087999284267426,
              37.567999213933945,
              37.91999816894531,
              38.176000118255615,
              39.29600119590759,
              38.11199963092804,
              36.73600032925606,
              37.82400116324425,
              37.087999284267426,
              37.50399872660637,
              36.99199855327606
            ],
            "BA": [
              40.89599847793579,
              39.45599868893623,
              47.648001462221146,
              39.583999663591385,
              42.688000947237015,
              38.656000047922134,
              37.98399865627289,
              37.9519984126091,
              44.096000492572784,
              37.376001477241516,
              37.151999771595,
              38.336001336574554,
              36.80000081658363,
              38.24000060558319,
              39.39199820160866,
              39.03999924659729,
              37.63199970126152,
              38.62399980425835,
              37.21600025892258,
              38.816001266241074,
              38.84800150990486,
              38.40000182390213,
              37.34400123357773,
              38.27200084924698,
              37.34400123357773,
              38.176000118255615,
              37.66399994492531,
              38.047999143600464,
              37.21600025892258,
              39.64800015091896,
              37.50399872660637,
              37.05599904060364,
              37.50399872660637,
              37.11999952793121,
              37.50399872660637,
              37.02399879693985,
              37.50399872660637,
              37.82400116324425,
              36.80000081658363,
              37.9519984126091,
              37.408001720905304,
              36.959998309612274,
              43.55200007557869,
              38.816001266241074,
              38.07999938726425,
              37.567999213933945,
              38.46399858593941,
              38.176000118255615,
              36.99199855327606,
              37.856001406908035,
              37.43999823927879,
              37.34400123357773,
              37.88800165057182,
              43.71200129389763,
              37.31200098991394,
              37.88800165057182,
              36.959998309612274,
              37.28000074625015,
              37.21600025892258,
              37.63199970126152,
              37.34400123357773,
              38.46399858593941,
              37.18400001525879,
              36.959998309612274,
              38.59199956059456,
              42.11200028657913,
              36.768000572919846,
              37.50399872660637,
              37.88800165057182,
              37.05599904060364,
              36.959998309612274,
              36.99199855327606,
              36.83200106024742,
              37.28000074625015,
              36.479998379945755,
              56.12799897789955,
              36.99199855327606,
              37.63199970126152,
              37.408001720905304,
              37.376001477241516,
              36.928001791238785,
              37.11999952793121,
              42.14400053024292,
              37.63199970126152,
              37.087999284267426,
              37.567999213933945,
              37.76000067591667,
              37.02399879693985,
              38.336001336574554,
              37.21600025892258,
              37.18400001525879,
              36.54399886727333,
              37.31200098991394,
              37.728000432252884,
              44.47999969124794,
              38.047999143600464,
              38.43199834227562,
              37.248000502586365,
              37.248000502586365,
              37.376001477241516,
              43.07200014591217
            ]
          }
        },
        "prepared_stage3_control": {
          "all": {
            "p10_us": 36.896001547575,
            "median_us": 37.66399994492531,
            "p90_us": 40.031999349594116
          },
          "when_launch_order_is_AB": {
            "p10_us": 36.86400130391121,
            "median_us": 37.66399994492531,
            "p90_us": 42.047999799251556
          },
          "when_launch_order_is_BA": {
            "p10_us": 36.896001547575,
            "median_us": 37.59999945759773,
            "p90_us": 38.816001266241074
          }
        },
        "prepared_stage5_candidate": {
          "all": {
            "p10_us": 36.959998309612274,
            "median_us": 37.696000188589096,
            "p90_us": 40.28800129890442
          },
          "when_launch_order_is_AB": {
            "p10_us": 36.896001547575,
            "median_us": 37.82400116324425,
            "p90_us": 39.93599861860275
          },
          "when_launch_order_is_BA": {
            "p10_us": 36.959998309612274,
            "median_us": 37.567999213933945,
            "p90_us": 40.89599847793579
          }
        }
      },
      "control_median_us": 37.66399994492531,
      "candidate_median_us": 37.696000188589096,
      "speedup_stage5_vs_stage3": 0.9991510971056957,
      "strict_10_percent_target_met": false
    }
  ],
  "all_contexts_strict_10_percent": false
}
